Archive member included to satisfy reference by file (symbol)

app/libapp.a(main.c.obj)      (--whole-archive)
app/libapp.a(bno055.c.obj)    (--whole-archive)
app/libapp.a(bno055_zephyr.c.obj)
                              (--whole-archive)
app/libapp.a(pca9685_zephyr.c.obj)
                              (--whole-archive)
zephyr/libzephyr.a(validate_libc.c.obj)
                              (--whole-archive)
zephyr/libzephyr.a(heap.c.obj)
                              (--whole-archive)
zephyr/libzephyr.a(cbprintf_packaged.c.obj)
                              (--whole-archive)
zephyr/libzephyr.a(clock.c.obj)
                              (--whole-archive)
zephyr/libzephyr.a(printk.c.obj)
                              (--whole-archive)
zephyr/libzephyr.a(cbprintf_complete.c.obj)
                              (--whole-archive)
zephyr/libzephyr.a(assert.c.obj)
                              (--whole-archive)
zephyr/libzephyr.a(dec.c.obj)
                              (--whole-archive)
zephyr/libzephyr.a(hex.c.obj)
                              (--whole-archive)
zephyr/libzephyr.a(rb.c.obj)  (--whole-archive)
zephyr/libzephyr.a(set.c.obj)
                              (--whole-archive)
zephyr/libzephyr.a(timeutil.c.obj)
                              (--whole-archive)
zephyr/libzephyr.a(bitarray.c.obj)
                              (--whole-archive)
zephyr/libzephyr.a(bitmask.c.obj)
                              (--whole-archive)
zephyr/libzephyr.a(getopt.c.obj)
                              (--whole-archive)
zephyr/libzephyr.a(getopt_common.c.obj)
                              (--whole-archive)
zephyr/libzephyr.a(ring_buffer.c.obj)
                              (--whole-archive)
zephyr/libzephyr.a(last_section_id.c.obj)
                              (--whole-archive)
zephyr/libzephyr.a(configs.c.obj)
                              (--whole-archive)
zephyr/libzephyr.a(stm32cube_hal.c.obj)
                              (--whole-archive)
zephyr/libzephyr.a(soc_config.c.obj)
                              (--whole-archive)
zephyr/libzephyr.a(gpioport_mgr.c.obj)
                              (--whole-archive)
zephyr/libzephyr.a(stm32_backup_domain.c.obj)
                              (--whole-archive)
zephyr/libzephyr.a(soc.c.obj)
                              (--whole-archive)
zephyr/libzephyr.a(mem_attr.c.obj)
                              (--whole-archive)
zephyr/libzephyr.a(tracing_none.c.obj)
                              (--whole-archive)
zephyr/libzephyr.a(sem.c.obj)
                              (--whole-archive)
zephyr/libzephyr.a(thread_entry.c.obj)
                              (--whole-archive)
zephyr/arch/common/libarch__common.a(sw_isr_common.c.obj)
                              (--whole-archive)
zephyr/arch/common/libarch__common.a(init.c.obj)
                              (--whole-archive)
zephyr/arch/common/libarch__common.a(xip.c.obj)
                              (--whole-archive)
zephyr/arch/common/libarch__common.a(shared_irq.c.obj)
                              (--whole-archive)
zephyr/arch/arch/arm/core/libarch__arm__core.a(fatal.c.obj)
                              (--whole-archive)
zephyr/arch/arch/arm/core/libarch__arm__core.a(nmi.c.obj)
                              (--whole-archive)
zephyr/arch/arch/arm/core/libarch__arm__core.a(nmi_on_reset.S.obj)
                              (--whole-archive)
zephyr/arch/arch/arm/core/libarch__arm__core.a(tls.c.obj)
                              (--whole-archive)
zephyr/arch/arch/arm/core/cortex_m/libarch__arm__core__cortex_m.a(fault.c.obj)
                              (--whole-archive)
zephyr/arch/arch/arm/core/cortex_m/libarch__arm__core__cortex_m.a(fault_s.S.obj)
                              (--whole-archive)
zephyr/arch/arch/arm/core/cortex_m/libarch__arm__core__cortex_m.a(fpu.c.obj)
                              (--whole-archive)
zephyr/arch/arch/arm/core/cortex_m/libarch__arm__core__cortex_m.a(reset.S.obj)
                              (--whole-archive)
zephyr/arch/arch/arm/core/cortex_m/libarch__arm__core__cortex_m.a(scb.c.obj)
                              (--whole-archive)
zephyr/arch/arch/arm/core/cortex_m/libarch__arm__core__cortex_m.a(vector_table.S.obj)
                              (--whole-archive)
zephyr/arch/arch/arm/core/cortex_m/libarch__arm__core__cortex_m.a(svc.S.obj)
                              (--whole-archive)
zephyr/arch/arch/arm/core/cortex_m/libarch__arm__core__cortex_m.a(irq_manage.c.obj)
                              (--whole-archive)
zephyr/arch/arch/arm/core/cortex_m/libarch__arm__core__cortex_m.a(prep_c.c.obj)
                              (--whole-archive)
zephyr/arch/arch/arm/core/cortex_m/libarch__arm__core__cortex_m.a(thread.c.obj)
                              (--whole-archive)
zephyr/arch/arch/arm/core/cortex_m/libarch__arm__core__cortex_m.a(cpu_idle.c.obj)
                              (--whole-archive)
zephyr/arch/arch/arm/core/cortex_m/libarch__arm__core__cortex_m.a(exc_exit.c.obj)
[...]
Memory Configuration

Name             Origin             Length             Attributes
FLASH            0x08000000         0x00100000         xr
RAM              0x20000000         0x00020000         xw
SRAM0            0x20000000         0x00020000         rw
DTCM             0x10000000         0x00010000         rw
IDT_LIST         0xffff7fff         0x00008000         xw
*default*        0x00000000         0xffffffff

Linker script and memory map

                0x080088c4                        vfprintf = __d_vfprintf
                0x00000000                        vfscanf = __d_vfscanf
LOAD zephyr/CMakeFiles/zephyr_pre0.dir/misc/empty_file.c.obj
LOAD zephyr/CMakeFiles/offsets.dir/./arch/arm/core/offsets/offsets.c.obj
LOAD app/libapp.a
LOAD zephyr/libzephyr.a
LOAD zephyr/arch/common/libarch__common.a
LOAD zephyr/arch/arch/arm/core/libarch__arm__core.a
LOAD zephyr/arch/arch/arm/core/cortex_m/libarch__arm__core__cortex_m.a
LOAD zephyr/arch/arch/arm/core/mpu/libarch__arm__core__mpu.a
LOAD zephyr/lib/libc/picolibc/liblib__libc__picolibc.a
LOAD zephyr/lib/libc/common/liblib__libc__common.a
LOAD zephyr/subsys/portability/posix/c_lib_ext/libsubsys__portability__posix__c_lib_ext.a
LOAD zephyr/drivers/interrupt_controller/libdrivers__interrupt_controller.a
LOAD zephyr/drivers/adc/libdrivers__adc.a
LOAD zephyr/drivers/can/libdrivers__can.a
LOAD zephyr/drivers/clock_control/libdrivers__clock_control.a
LOAD zephyr/drivers/console/libdrivers__console.a
LOAD zephyr/drivers/gpio/libdrivers__gpio.a
LOAD zephyr/drivers/i2c/libdrivers__i2c.a
LOAD zephyr/drivers/pinctrl/libdrivers__pinctrl.a
LOAD zephyr/drivers/reset/libdrivers__reset.a
LOAD zephyr/drivers/serial/libdrivers__serial.a
LOAD zephyr/drivers/spi/libdrivers__spi.a
LOAD zephyr/drivers/timer/libdrivers__timer.a
LOAD modules/hal_stm32/stm32cube/lib..__modules__hal__stm32__stm32cube.a
LOAD zephyr/kernel/libkernel.a
LOAD zephyr/arch/common/libisr_tables.a
LOAD /home/tuangaooo/zephyr-sdk-1.0.1/gnu/arm-zephyr-eabi/bin/../lib/gcc/arm-zephyr-eabi/14.3.0/../../../../arm-zephyr-eabi/lib/thumb/v7e-m+fp/hard/libc.a
LOAD /home/tuangaooo/zephyr-sdk-1.0.1/gnu/arm-zephyr-eabi/bin/../lib/gcc/arm-zephyr-eabi/14.3.0/thumb/v7e-m+fp/hard/libgcc.a
                0x00000080                        _region_min_align = 0x80

.rel.plt        0x08000000        0x0
 *(SORT_BY_ALIGNMENT(.rel.plt))
                [!provide]                        PROVIDE (__rel_iplt_start = .)
 *(SORT_BY_ALIGNMENT(.rel.iplt))
 .rel.iplt      0x08000000        0x0 app/libapp.a(main.c.obj)
                [!provide]                        PROVIDE (__rel_iplt_end = .)

.rela.plt       0x00000000        0x0
 *(SORT_BY_ALIGNMENT(.rela.plt))
                [!provide]                        PROVIDE (__rela_iplt_start = .)
 *(SORT_BY_ALIGNMENT(.rela.iplt))
                [!provide]                        PROVIDE (__rela_iplt_end = .)

.rel.dyn
 *(SORT_BY_ALIGNMENT(.rel.*))

.rela.dyn
 *(SORT_BY_ALIGNMENT(.rela.*))

/DISCARD/
 *(SORT_BY_ALIGNMENT(.plt))

/DISCARD/
 *(SORT_BY_ALIGNMENT(.iplt))
                0x08000000                        __rom_region_start = 0x8000000

rom_start       0x08000000      0x15c
                0x08000000                        __rom_start_address = .
 FILL mask 0x00
                0x08000000                        . = (. + (0x0 - (. - __rom_start_address)))
                0x08000000                        . = ALIGN (0x4)
                0x08000000                        . = ALIGN (0x80)
                0x08000000                        . = ALIGN (0x200)
                0x08000000                        _vector_start = .
 *(SORT_BY_ALIGNMENT(.exc_vector_table))
 *(SORT_BY_ALIGNMENT(.exc_vector_table.*))
 .exc_vector_table._vector_table_section
                0x08000000       0x40 zephyr/arch/arch/arm/core/cortex_m/libarch__arm__core__cortex_m.a(vector_table.S.obj)
                0x08000000                _vector_table
 *(SORT_BY_ALIGNMENT(.vectors))
                0x0800015c                        _vector_end = .
                0x08000040                        . = ALIGN (0x4)
 *(SORT_BY_ALIGNMENT(.gnu.linkonce.irq_vector_table*))
 .gnu.linkonce.irq_vector_table
                0x08000040      0x11c zephyr/arch/common/libisr_tables.a(isr_tables.c.obj)
                0x08000040                _irq_vector_table
                0x0800015c                        _vector_end = .

text            0x08000160     0xb884
                0x08000160                        __text_region_start = .
 *(SORT_BY_ALIGNMENT(.text))
 .text          0x08000160      0x134 /home/tuangaooo/zephyr-sdk-1.0.1/gnu/arm-zephyr-eabi/bin/../lib/gcc/arm-zephyr-eabi/14.3.0/../../../../arm-zephyr-eabi/lib/thumb/v7e-m+fp/hard/libc.a(memcpy.S.o)
                0x08000160                memcpy
                0x08000160                __aeabi_memcpy
                0x08000160                __aeabi_memcpy4
                0x08000160                __aeabi_memcpy8
 .text          0x08000294      0x378 /home/tuangaooo/zephyr-sdk-1.0.1/gnu/arm-zephyr-eabi/bin/../lib/gcc/arm-zephyr-eabi/14.3.0/thumb/v7e-m+fp/hard/libgcc.a(_arm_addsubdf3.o)
                0x08000294                __aeabi_drsub
                0x0800029c                __aeabi_dsub
                0x0800029c                __subdf3
                0x080002a0                __adddf3
                0x080002a0                __aeabi_dadd
                0x08000518                __aeabi_ui2d
                0x08000518                __floatunsidf
                0x08000538                __floatsidf
                0x08000538                __aeabi_i2d
                0x0800055c                __extendsfdf2
                0x0800055c                __aeabi_f2d
                0x080005a0                __aeabi_ul2d
                0x080005a0                __floatundidf
                0x080005b0                __floatdidf
                0x080005b0                __aeabi_l2d
 .text          0x0800060c      0x424 /home/tuangaooo/zephyr-sdk-1.0.1/gnu/arm-zephyr-eabi/bin/../lib/gcc/arm-zephyr-eabi/14.3.0/thumb/v7e-m+fp/hard/libgcc.a(_arm_muldivdf3.o)
                0x0800060c                __aeabi_dmul
                0x0800060c                __muldf3
                0x08000860                __aeabi_ddiv
                0x08000860                __divdf3
 .text          0x08000a30       0x50 /home/tuangaooo/zephyr-sdk-1.0.1/gnu/arm-zephyr-eabi/bin/../lib/gcc/arm-zephyr-eabi/14.3.0/thumb/v7e-m+fp/hard/libgcc.a(_arm_fixdfsi.o)
                0x08000a30                __fixdfsi
                0x08000a30                __aeabi_d2iz
 .text          0x08000a80       0x30 /home/tuangaooo/zephyr-sdk-1.0.1/gnu/arm-zephyr-eabi/bin/../lib/gcc/arm-zephyr-eabi/14.3.0/thumb/v7e-m+fp/hard/libgcc.a(_aeabi_uldivmod.o)
                0x08000a80                __aeabi_uldivmod
 .text          0x08000ab0        0x4 /home/tuangaooo/zephyr-sdk-1.0.1/gnu/arm-zephyr-eabi/bin/../lib/gcc/arm-zephyr-eabi/14.3.0/thumb/v7e-m+fp/hard/libgcc.a(_dvmd_tls.o)
                0x08000ab0                __aeabi_ldiv0
                0x08000ab0                __aeabi_idiv0
 .text          0x08000ab4       0x9a /home/tuangaooo/zephyr-sdk-1.0.1/gnu/arm-zephyr-eabi/bin/../lib/gcc/arm-zephyr-eabi/14.3.0/../../../../arm-zephyr-eabi/lib/thumb/v7e-m+fp/hard/libc.a(memset.S.o)
                0x08000ab4                memset
 .text          0x08000b4e       0x26 /home/tuangaooo/zephyr-sdk-1.0.1/gnu/arm-zephyr-eabi/bin/../lib/gcc/arm-zephyr-eabi/14.3.0/thumb/v7e-m+fp/hard/libgcc.a(_popcountsi2.o)
                0x08000b4e                __popcountsi2
 .text          0x08000b74      0x2bc /home/tuangaooo/zephyr-sdk-1.0.1/gnu/arm-zephyr-eabi/bin/../lib/gcc/arm-zephyr-eabi/14.3.0/thumb/v7e-m+fp/hard/libgcc.a(_udivmoddi4.o)
                0x08000b74                __udivmoddi4
 *(SORT_BY_ALIGNMENT(.text.*))
 .text.bno055_getVectorEuler
                0x08000e30       0x94 app/libapp.a(bno055.c.obj)
                0x08000e30                bno055_getVectorEuler
 *fill*         0x08000ec4        0x4 
 .text.z_dummy_thread_init
                0x08000ec8       0x2c zephyr/kernel/libkernel.a(thread.c.obj)
                0x08000ec8                z_dummy_thread_init
 *fill*         0x08000ef4        0x4 
 .text.z_thread_timeout
                0x08000ef8       0x60 zephyr/kernel/libkernel.a(sched.c.obj)
                0x08000ef8                z_thread_timeout
 .text.z_unpend_thread_no_timeout
                0x08000f58       0x40 zephyr/kernel/libkernel.a(sched.c.obj)
                0x08000f58                z_unpend_thread_no_timeout
 .text.z_unpend1_no_timeout
                0x08000f98       0x58 zephyr/kernel/libkernel.a(sched.c.obj)
                0x08000f98                z_unpend1_no_timeout
 .text.z_thread_abort
                0x08000ff0      0x1fc zephyr/kernel/libkernel.a(sched.c.obj)
                0x08000ff0                z_thread_abort
 *fill*         0x080011ec        0x4 
 .text.sys_clock_announce_locked
                0x080011f0      0x15c zephyr/kernel/libkernel.a(timeout.c.obj)
                0x080011f0                sys_clock_announce_locked
 *fill*         0x0800134c        0x4 
 .text.k_timer_init
                0x08001350       0x30 zephyr/kernel/libkernel.a(timer.c.obj)
                0x08001350                k_timer_init
 .text._OffsetAbsSyms
                0x08001380        0x4 zephyr/CMakeFiles/offsets.dir/./arch/arm/core/offsets/offsets.c.obj
                0x08001380                _OffsetAbsSyms
 .text.telem_timer_expiry
                0x08001384        0xc app/libapp.a(main.c.obj)
 .text.adc_timer_expiry
                0x08001390        0xc app/libapp.a(main.c.obj)
 .text.watchdog_timer_expiry
                0x0800139c        0xc app/libapp.a(main.c.obj)
 .text.ctrl_timer_expiry
                0x080013a8        0xc app/libapp.a(main.c.obj)
 .text.telem_thread_fn
                0x080013b4       0xfc app/libapp.a(main.c.obj)
 .text.watchdog_thread_fn
                0x080014b0       0x98 app/libapp.a(main.c.obj)
 .text.ctrl_thread_fn
                0x08001548      0x424 app/libapp.a(main.c.obj)
 .text.uart3_irq_cb
                0x0800196c      0x118 app/libapp.a(main.c.obj)
 .text.gpio_pin_set.isra.0
                0x08001a84       0x28 app/libapp.a(main.c.obj)
 .text.z_impl_gpio_pin_configure.isra.0
                0x08001aac       0x54 app/libapp.a(main.c.obj)
 .text.k_msleep.isra.0
                0x08001b00        0xc app/libapp.a(main.c.obj)
 .text.adc_thread_fn
                0x08001b0c      0x11c app/libapp.a(main.c.obj)
 .text.main     0x08001c28      0x350 app/libapp.a(main.c.obj)
                0x08001c28                main
 .text.bno055_setOperationModeNDOF
                0x08001f78       0x14 app/libapp.a(bno055.c.obj)
                0x08001f78                bno055_setOperationModeNDOF
 .text.bno055_setup
                0x08001f8c       0x50 app/libapp.a(bno055.c.obj)
                0x08001f8c                bno055_setup
 .text.bno055_assignI2C
                0x08001fdc        0xc app/libapp.a(bno055_zephyr.c.obj)
                0x08001fdc                bno055_assignI2C
 .text.bno055_delay
                0x08001fe8       0x10 app/libapp.a(bno055_zephyr.c.obj)
                0x08001fe8                bno055_delay
 .text.bno055_writeData
                0x08001ff8       0x44 app/libapp.a(bno055_zephyr.c.obj)
                0x08001ff8                bno055_writeData
 .text.bno055_readData
                0x0800203c       0x4c app/libapp.a(bno055_zephyr.c.obj)
                0x0800203c                bno055_readData
 .text.PCA9685_Init_Z
                0x08002088       0x44 app/libapp.a(pca9685_zephyr.c.obj)
                0x08002088                PCA9685_Init_Z
 .text.PCA9685_SetPWMFreq_Z
                0x080020cc      0x158 app/libapp.a(pca9685_zephyr.c.obj)
                0x080020cc                PCA9685_SetPWMFreq_Z
 .text.free_list_add
                0x08002224       0x60 zephyr/libzephyr.a(heap.c.obj)
 .text.sys_heap_init
                0x08002284       0x70 zephyr/libzephyr.a(heap.c.obj)
                0x08002284                sys_heap_init
 .text.arch_printk_char_out
                0x080022f4        0x4 zephyr/libzephyr.a(printk.c.obj)
                0x080022f4                arch_printk_char_out
 .text.char_out
                0x080022f8        0xc zephyr/libzephyr.a(printk.c.obj)
 .text.__printk_hook_install
                0x08002304        0xc zephyr/libzephyr.a(printk.c.obj)
                0x08002304                __printk_hook_install
 .text.printk   0x08002310       0x38 zephyr/libzephyr.a(printk.c.obj)
                0x08002310                printk
 .text._ConfigAbsSyms
                0x08002348        0x4 zephyr/libzephyr.a(configs.c.obj)
                0x08002348                _ConfigAbsSyms
 .text.st_stm32_common_config
                0x0800234c       0x14 zephyr/libzephyr.a(soc_config.c.obj)
 .text.stm32_gpioport_init
                0x08002360       0x24 zephyr/libzephyr.a(gpioport_mgr.c.obj)
 .text.stm32_gpioport_get
                0x08002384       0x24 zephyr/libzephyr.a(gpioport_mgr.c.obj)
                0x08002384                stm32_gpioport_get
 .text.stm32_gpioport_configure_pin
                0x080023a8      0x11c zephyr/libzephyr.a(gpioport_mgr.c.obj)
                0x080023a8                stm32_gpioport_configure_pin
 .text.soc_early_init_hook
                0x080024c4       0x30 zephyr/libzephyr.a(soc.c.obj)
                0x080024c4                soc_early_init_hook
 .text.mem_attr_get_regions
                0x080024f4        0xc zephyr/libzephyr.a(mem_attr.c.obj)
                0x080024f4                mem_attr_get_regions
 .text.z_thread_entry
                0x08002500       0x2c zephyr/libzephyr.a(thread_entry.c.obj)
                0x08002500                z_thread_entry
 .text.arch_early_memset
                0x0800252c        0x4 zephyr/arch/common/libarch__common.a(init.c.obj)
                0x0800252c                arch_early_memset
 .text.arch_early_memcpy
                0x08002530        0x4 zephyr/arch/common/libarch__common.a(init.c.obj)
                0x08002530                arch_early_memcpy
 .text.arch_bss_zero
                0x08002534       0x2c zephyr/arch/common/libarch__common.a(init.c.obj)
                0x08002534                arch_bss_zero
 .text.arch_data_copy
                0x08002560       0x50 zephyr/arch/common/libarch__common.a(xip.c.obj)
                0x08002560                arch_data_copy
 .text.z_shared_isr
                0x080025b0       0x24 zephyr/arch/common/libarch__common.a(shared_irq.c.obj)
                0x080025b0                z_shared_isr
 .text.z_arm_fatal_error
                0x080025d4       0xb4 zephyr/arch/arch/arm/core/libarch__arm__core.a(fatal.c.obj)
                0x080025d4                z_arm_fatal_error
 .text.z_do_kernel_oops
                0x08002688        0x8 zephyr/arch/arch/arm/core/libarch__arm__core.a(fatal.c.obj)
                0x08002688                z_do_kernel_oops
 .text.z_arm_nmi
                0x08002690       0x10 zephyr/arch/arch/arm/core/libarch__arm__core.a(nmi.c.obj)
                0x08002690                z_arm_nmi
 .text.z_SysNmiOnReset
                0x080026a0        0x8 zephyr/arch/arch/arm/core/libarch__arm__core.a(nmi_on_reset.S.obj)
                0x080026a0                z_SysNmiOnReset
 .text.arch_tls_stack_setup
                0x080026a8       0x40 zephyr/arch/arch/arm/core/libarch__arm__core.a(tls.c.obj)
                0x080026a8                arch_tls_stack_setup
 .text.mem_manage_fault
                0x080026e8      0x10c zephyr/arch/arch/arm/core/cortex_m/libarch__arm__core__cortex_m.a(fault.c.obj)
 .text.usage_fault.isra.0
                0x080027f4       0xd0 zephyr/arch/arch/arm/core/cortex_m/libarch__arm__core__cortex_m.a(fault.c.obj)
 .text.bus_fault.isra.0
                0x080028c4       0xcc zephyr/arch/arch/arm/core/cortex_m/libarch__arm__core__cortex_m.a(fault.c.obj)
 .text.z_arm_fault
                0x08002990      0x1c0 zephyr/arch/arch/arm/core/cortex_m/libarch__arm__core__cortex_m.a(fault.c.obj)
                0x08002990                z_arm_fault
 .text.z_arm_fault_init
                0x08002b50       0x18 zephyr/arch/arch/arm/core/cortex_m/libarch__arm__core__cortex_m.a(fault.c.obj)
                0x08002b50                z_arm_fault_init
 .text.__fault  0x08002b68       0x14 zephyr/arch/arch/arm/core/cortex_m/libarch__arm__core__cortex_m.a(fault_s.S.obj)
                0x08002b68                z_arm_bus_fault
                0x08002b68                z_arm_usage_fault
                0x08002b68                z_arm_mpu_fault
                0x08002b68                z_arm_exc_spurious
                0x08002b68                z_arm_debug_monitor
                0x08002b68                z_arm_hard_fault
 .text._reset_section
                0x08002b7c       0x34 zephyr/arch/arch/arm/core/cortex_m/libarch__arm__core__cortex_m.a(reset.S.obj)
                0x08002b7c                z_arm_reset
                0x08002b7c                __start
 .text.z_arm_svc
                0x08002bb0       0x24 zephyr/arch/arch/arm/core/cortex_m/libarch__arm__core__cortex_m.a(svc.S.obj)
                0x08002bb0                z_arm_svc
 .text.arm_irq_enable
                0x08002bd4       0x1c zephyr/arch/arch/arm/core/cortex_m/libarch__arm__core__cortex_m.a(irq_manage.c.obj)
                0x08002bd4                arm_irq_enable
 .text.arm_irq_priority_set
                0x08002bf0       0x2c zephyr/arch/arch/arm/core/cortex_m/libarch__arm__core__cortex_m.a(irq_manage.c.obj)
                0x08002bf0                arm_irq_priority_set
 .text.z_irq_spurious
                0x08002c1c        0x8 zephyr/arch/arch/arm/core/cortex_m/libarch__arm__core__cortex_m.a(irq_manage.c.obj)
                0x08002c1c                z_irq_spurious
 .text.relocate_vector_table
                0x08002c24       0x1c zephyr/arch/arch/arm/core/cortex_m/libarch__arm__core__cortex_m.a(prep_c.c.obj)
                0x08002c24                relocate_vector_table
 .text.z_prep_c
                0x08002c40       0x50 zephyr/arch/arch/arm/core/cortex_m/libarch__arm__core__cortex_m.a(prep_c.c.obj)
                0x08002c40                z_prep_c
 .text.arch_new_thread
                0x08002c90       0x44 zephyr/arch/arch/arm/core/cortex_m/libarch__arm__core__cortex_m.a(thread.c.obj)
                0x08002c90                arch_new_thread
 .text.z_arm_mpu_stack_guard_and_fpu_adjust
                0x08002cd4       0x54 zephyr/arch/arch/arm/core/cortex_m/libarch__arm__core__cortex_m.a(thread.c.obj)
                0x08002cd4                z_arm_mpu_stack_guard_and_fpu_adjust
 .text.z_check_thread_stack_fail
                0x08002d28       0x30 zephyr/arch/arch/arm/core/cortex_m/libarch__arm__core__cortex_m.a(thread.c.obj)
                0x08002d28                z_check_thread_stack_fail
 .text.arch_coprocessors_disable
                0x08002d58       0x4c zephyr/arch/arch/arm/core/cortex_m/libarch__arm__core__cortex_m.a(thread.c.obj)
                0x08002d58                arch_coprocessors_disable
 .text.arch_switch_to_main_thread
                0x08002da4       0x58 zephyr/arch/arch/arm/core/cortex_m/libarch__arm__core__cortex_m.a(thread.c.obj)
                0x08002da4                arch_switch_to_main_thread
 .text.arch_irq_unlock_outlined
                0x08002dfc       0x10 zephyr/arch/arch/arm/core/cortex_m/libarch__arm__core__cortex_m.a(thread.c.obj)
                0x08002dfc                arch_irq_unlock_outlined
 .text.z_arm_cpu_idle_init
                0x08002e0c        0xc zephyr/arch/arch/arm/core/cortex_m/libarch__arm__core__cortex_m.a(cpu_idle.c.obj)
                0x08002e0c                z_arm_cpu_idle_init
 .text.arch_cpu_idle
                0x08002e18       0x1c zephyr/arch/arch/arm/core/cortex_m/libarch__arm__core__cortex_m.a(cpu_idle.c.obj)
                0x08002e18                arch_cpu_idle
 .text._HandlerModeExit
                0x08002e34       0x20 zephyr/arch/arch/arm/core/cortex_m/libarch__arm__core__cortex_m.a(exc_exit.c.obj)
                0x08002e34                z_arm_exc_exit
                0x08002e34                z_arm_int_exit
 .text.z_impl_k_thread_abort
                0x08002e54       0x34 zephyr/arch/arch/arm/core/cortex_m/libarch__arm__core__cortex_m.a(thread_abort.c.obj)
                0x08002e54                z_impl_k_thread_abort
 .text.z_arm_pendsv
                0x08002e88       0xa0 zephyr/arch/arch/arm/core/cortex_m/libarch__arm__core__cortex_m.a(swap_helper.S.obj)
                0x08002e88                z_arm_pendsv
 .text.z_arm_interrupt_init
                0x08002f28       0x18 zephyr/arch/arch/arm/core/cortex_m/libarch__arm__core__cortex_m.a(irq_init.c.obj)
                0x08002f28                z_arm_interrupt_init
 .text._isr_wrapper
                0x08002f40       0x24 zephyr/arch/arch/arm/core/cortex_m/libarch__arm__core__cortex_m.a(isr_wrapper.c.obj)
                0x08002f40                _isr_wrapper
 .text.__aeabi_read_tp
                0x08002f64        0xc zephyr/arch/arch/arm/core/cortex_m/libarch__arm__core__cortex_m.a(__aeabi_read_tp.S.obj)
                0x08002f64                __aeabi_read_tp
 .text.z_arm_configure_static_mpu_regions
                0x08002f70       0x18 zephyr/arch/arch/arm/core/mpu/libarch__arm__core__mpu.a(arm_core_mpu.c.obj)
                0x08002f70                z_arm_configure_static_mpu_regions
 .text.z_arm_configure_dynamic_mpu_regions
                0x08002f88       0x2c zephyr/arch/arch/arm/core/mpu/libarch__arm__core__mpu.a(arm_core_mpu.c.obj)
                0x08002f88                z_arm_configure_dynamic_mpu_regions
 .text.arm_core_mpu_configure_static_mpu_regions
                0x08002fb4       0xa0 zephyr/arch/arch/arm/core/mpu/libarch__arm__core__mpu.a(arm_mpu.c.obj)
                0x08002fb4                arm_core_mpu_configure_static_mpu_regions
 .text.arm_core_mpu_configure_dynamic_mpu_regions
                0x08003054       0xb4 zephyr/arch/arch/arm/core/mpu/libarch__arm__core__mpu.a(arm_mpu.c.obj)
                0x08003054                arm_core_mpu_configure_dynamic_mpu_regions
 .text.z_arm_mpu_init
                0x08003108      0x2cc zephyr/arch/arch/arm/core/mpu/libarch__arm__core__mpu.a(arm_mpu.c.obj)
                0x08003108                z_arm_mpu_init
 .text.picolibc_put
                0x080033d4       0x10 zephyr/lib/libc/picolibc/liblib__libc__picolibc.a(stdio.c.obj)
 .text.__stdout_hook_install
                0x080033e4       0x18 zephyr/lib/libc/picolibc/liblib__libc__picolibc.a(stdio.c.obj)
                0x080033e4                __stdout_hook_install
 .text.malloc_prepare
                0x080033fc       0x24 zephyr/lib/libc/common/liblib__libc__common.a(malloc.c.obj)
 .text.stm32_exti_init
                0x08003420       0x30 zephyr/drivers/interrupt_controller/libdrivers__interrupt_controller.a(intc_exti_stm32.c.obj)
 .text.stm32_exti_is_pending
                0x08003450       0x20 zephyr/drivers/interrupt_controller/libdrivers__interrupt_controller.a(intc_exti_stm32.c.obj)
                0x08003450                stm32_exti_is_pending
 .text.stm32_exti_clear_pending
                0x08003470       0x20 zephyr/drivers/interrupt_controller/libdrivers__interrupt_controller.a(intc_exti_stm32.c.obj)
                0x08003470                stm32_exti_clear_pending
 .text.stm32_exti_gpio_intc_init
                0x08003490       0x74 zephyr/drivers/interrupt_controller/libdrivers__interrupt_controller.a(intc_gpio_stm32.c.obj)
 .text.stm32_intc_gpio_isr
                0x08003504       0x60 zephyr/drivers/interrupt_controller/libdrivers__interrupt_controller.a(intc_gpio_stm32.c.obj)
 .text.stm32_gpio_intc_get_pin_irq_line
                0x08003564        0xc zephyr/drivers/interrupt_controller/libdrivers__interrupt_controller.a(intc_gpio_stm32.c.obj)
                0x08003564                stm32_gpio_intc_get_pin_irq_line
 .text.stm32_gpio_intc_enable_line
                0x08003570       0x30 zephyr/drivers/interrupt_controller/libdrivers__interrupt_controller.a(intc_gpio_stm32.c.obj)
                0x08003570                stm32_gpio_intc_enable_line
 .text.stm32_gpio_intc_disable_line
                0x080035a0       0x10 zephyr/drivers/interrupt_controller/libdrivers__interrupt_controller.a(intc_gpio_stm32.c.obj)
                0x080035a0                stm32_gpio_intc_disable_line
 .text.stm32_gpio_intc_select_line_trigger
                0x080035b0       0x58 zephyr/drivers/interrupt_controller/libdrivers__interrupt_controller.a(intc_gpio_stm32.c.obj)
                0x080035b0                stm32_gpio_intc_select_line_trigger
 .text.stm32_gpio_intc_set_irq_callback
                0x08003608       0x44 zephyr/drivers/interrupt_controller/libdrivers__interrupt_controller.a(intc_gpio_stm32.c.obj)
                0x08003608                stm32_gpio_intc_set_irq_callback
 .text.stm32_gpio_intc_remove_irq_callback
                0x0800364c       0x24 zephyr/drivers/interrupt_controller/libdrivers__interrupt_controller.a(intc_gpio_stm32.c.obj)
                0x0800364c                stm32_gpio_intc_remove_irq_callback
 .text.stm32_exti_set_line_src_port
                0x08003670       0x3c zephyr/drivers/interrupt_controller/libdrivers__interrupt_controller.a(intc_gpio_stm32.c.obj)
                0x08003670                stm32_exti_set_line_src_port
 .text.stm32_exti_get_line_src_port
                0x080036ac       0x34 zephyr/drivers/interrupt_controller/libdrivers__interrupt_controller.a(intc_gpio_stm32.c.obj)
                0x080036ac                stm32_exti_get_line_src_port
 .text.adc_context_on_timer_expired
                0x080036e0       0x3c zephyr/drivers/adc/libdrivers__adc.a(adc_stm32.c.obj)
 .text.adc_stm32_isr_18_init
                0x0800371c       0x18 zephyr/drivers/adc/libdrivers__adc.a(adc_stm32.c.obj)
 .text.adc_stm32_isr_18
                0x08003734       0xe4 zephyr/drivers/adc/libdrivers__adc.a(adc_stm32.c.obj)
 .text.adc_stm32_channel_setup
                0x08003818       0xf4 zephyr/drivers/adc/libdrivers__adc.a(adc_stm32.c.obj)
 .text.adc_stm32_read_sync
                0x0800390c      0x310 zephyr/drivers/adc/libdrivers__adc.a(adc_stm32.c.obj)
 .text.adc_stm32_init
                0x08003c1c       0xdc zephyr/drivers/adc/libdrivers__adc.a(adc_stm32.c.obj)
 .text.can_calc_timing_internal
                0x08003cf8      0x294 zephyr/drivers/can/libdrivers__can.a(can_common.c.obj)
 .text.can_tx_default_cb
                0x08003f8c        0x8 zephyr/drivers/can/libdrivers__can.a(can_common.c.obj)
 .text.z_impl_can_send
                0x08003f94       0x90 zephyr/drivers/can/libdrivers__can.a(can_common.c.obj)
                0x08003f94                z_impl_can_send
 .text.z_impl_can_calc_timing
                0x08004024       0x2c zephyr/drivers/can/libdrivers__can.a(can_common.c.obj)
                0x08004024                z_impl_can_calc_timing
 .text.z_impl_can_set_timing
                0x08004050       0x70 zephyr/drivers/can/libdrivers__can.a(can_common.c.obj)
                0x08004050                z_impl_can_set_timing
 .text.can_stm32_get_state
                0x080040c0       0x48 zephyr/drivers/can/libdrivers__can.a(can_stm32_bxcan.c.obj)
 .text.can_stm32_get_capabilities
                0x08004108        0x8 zephyr/drivers/can/libdrivers__can.a(can_stm32_bxcan.c.obj)
 .text.can_stm32_get_core_clock
                0x08004110       0x24 zephyr/drivers/can/libdrivers__can.a(can_stm32_bxcan.c.obj)
 .text.can_stm32_get_max_filters
                0x08004134        0xc zephyr/drivers/can/libdrivers__can.a(can_stm32_bxcan.c.obj)
 .text.can_stm32_set_state_change_callback
                0x08004140       0x20 zephyr/drivers/can/libdrivers__can.a(can_stm32_bxcan.c.obj)
 .text.can_stm32_set_timing
                0x08004160       0x84 zephyr/drivers/can/libdrivers__can.a(can_stm32_bxcan.c.obj)
 .text.can_stm32_set_mode
                0x080041e4       0x70 zephyr/drivers/can/libdrivers__can.a(can_stm32_bxcan.c.obj)
 .text.can_stm32_send
                0x08004254      0x144 zephyr/drivers/can/libdrivers__can.a(can_stm32_bxcan.c.obj)
 .text.can_stm32_start
                0x08004398       0x8c zephyr/drivers/can/libdrivers__can.a(can_stm32_bxcan.c.obj)
 .text.config_can_0_irq
                0x08004424       0x44 zephyr/drivers/can/libdrivers__can.a(can_stm32_bxcan.c.obj)
 .text.can_stm32_rx_isr
                0x08004468       0xc0 zephyr/drivers/can/libdrivers__can.a(can_stm32_bxcan.c.obj)
 .text.can_stm32_tx_isr_handler
                0x08004528      0x13c zephyr/drivers/can/libdrivers__can.a(can_stm32_bxcan.c.obj)
 .text.can_stm32_tx_isr
                0x08004664        0x4 zephyr/drivers/can/libdrivers__can.a(can_stm32_bxcan.c.obj)
 .text.can_stm32_state_change_isr
                0x08004668       0x58 zephyr/drivers/can/libdrivers__can.a(can_stm32_bxcan.c.obj)
 .text.can_stm32_init
                0x080046c0      0x188 zephyr/drivers/can/libdrivers__can.a(can_stm32_bxcan.c.obj)
 .text.can_stm32_add_rx_filter
                0x08004848      0x130 zephyr/drivers/can/libdrivers__can.a(can_stm32_bxcan.c.obj)
 .text.can_stm32_remove_rx_filter
                0x08004978      0x114 zephyr/drivers/can/libdrivers__can.a(can_stm32_bxcan.c.obj)
 .text.can_stm32_stop
                0x08004a8c       0xd0 zephyr/drivers/can/libdrivers__can.a(can_stm32_bxcan.c.obj)
 .text.stm32_clock_control_on
                0x08004b5c       0x4c zephyr/drivers/clock_control/libdrivers__clock_control.a(clock_stm32_ll_common.c.obj)
 .text.stm32_clock_control_off
                0x08004ba8       0x30 zephyr/drivers/clock_control/libdrivers__clock_control.a(clock_stm32_ll_common.c.obj)
 .text.stm32_clock_control_configure
                0x08004bd8       0x58 zephyr/drivers/clock_control/libdrivers__clock_control.a(clock_stm32_ll_common.c.obj)
 .text.stm32_clock_control_get_status
                0x08004c30       0x40 zephyr/drivers/clock_control/libdrivers__clock_control.a(clock_stm32_ll_common.c.obj)
 .text.stm32_clock_control_get_subsys_rate
                0x08004c70       0xcc zephyr/drivers/clock_control/libdrivers__clock_control.a(clock_stm32_ll_common.c.obj)
 .text.config_regulator_voltage
                0x08004d3c        0x4 zephyr/drivers/clock_control/libdrivers__clock_control.a(clock_stm32_ll_common.c.obj)
                0x08004d3c                config_regulator_voltage
 .text.stm32_clock_control_init
                0x08004d40      0x12c zephyr/drivers/clock_control/libdrivers__clock_control.a(clock_stm32_ll_common.c.obj)
                0x08004d40                stm32_clock_control_init
 .text.get_pllsrc_frequency
                0x08004e6c        0x8 zephyr/drivers/clock_control/libdrivers__clock_control.a(clock_stm32f2_f4_f7.c.obj)
                0x08004e6c                get_pllsrc_frequency
 .text.config_pll_sysclock
                0x08004e74       0x38 zephyr/drivers/clock_control/libdrivers__clock_control.a(clock_stm32f2_f4_f7.c.obj)
                0x08004e74                config_pll_sysclock
 .text.config_enable_default_clocks
                0x08004eac       0x20 zephyr/drivers/clock_control/libdrivers__clock_control.a(clock_stm32f2_f4_f7.c.obj)
                0x08004eac                config_enable_default_clocks
 .text.console_out
                0x08004ecc       0x2c zephyr/drivers/console/libdrivers__console.a(uart_console.c.obj)
 .text.uart_console_init
                0x08004ef8       0x28 zephyr/drivers/console/libdrivers__console.a(uart_console.c.obj)
 .text.gpio_stm32_port_get_raw
                0x08004f20        0xc zephyr/drivers/gpio/libdrivers__gpio.a(gpio_stm32.c.obj)
 .text.gpio_stm32_port_set_masked_raw
                0x08004f2c       0x18 zephyr/drivers/gpio/libdrivers__gpio.a(gpio_stm32.c.obj)
 .text.gpio_stm32_port_set_bits_raw
                0x08004f44        0xc zephyr/drivers/gpio/libdrivers__gpio.a(gpio_stm32.c.obj)
 .text.gpio_stm32_port_clear_bits_raw
                0x08004f50        0xc zephyr/drivers/gpio/libdrivers__gpio.a(gpio_stm32.c.obj)
 .text.gpio_stm32_port_toggle_bits
                0x08004f5c       0x10 zephyr/drivers/gpio/libdrivers__gpio.a(gpio_stm32.c.obj)
 .text.gpio_stm32_manage_callback
                0x08004f6c       0x64 zephyr/drivers/gpio/libdrivers__gpio.a(gpio_stm32.c.obj)
 .text.gpio_stm32_pin_interrupt_configure
                0x08004fd0       0xb0 zephyr/drivers/gpio/libdrivers__gpio.a(gpio_stm32.c.obj)
 .text.gpio_stm32_config
                0x08005080      0x184 zephyr/drivers/gpio/libdrivers__gpio.a(gpio_stm32.c.obj)
 .text.gpio_stm32_isr
                0x08005204       0x28 zephyr/drivers/gpio/libdrivers__gpio.a(gpio_stm32.c.obj)
 .text.i2c_stm32_get_config
                0x0800522c       0x18 zephyr/drivers/i2c/libdrivers__i2c.a(i2c_stm32.c.obj)
                0x0800522c                i2c_stm32_get_config
 .text.i2c_stm32_runtime_configure
                0x08005244       0x90 zephyr/drivers/i2c/libdrivers__i2c.a(i2c_stm32.c.obj)
                0x08005244                i2c_stm32_runtime_configure
 .text.i2c_stm32_transfer
                0x080052d4       0xbc zephyr/drivers/i2c/libdrivers__i2c.a(i2c_stm32.c.obj)
 .text.i2c_stm32_init
                0x08005390       0x98 zephyr/drivers/i2c/libdrivers__i2c.a(i2c_stm32.c.obj)
 .text.i2c_stm32_irq_config_func_0
                0x08005428       0x28 zephyr/drivers/i2c/libdrivers__i2c.a(i2c_stm32.c.obj)
 .text.i2c_stm32_irq_config_func_1
                0x08005450       0x28 zephyr/drivers/i2c/libdrivers__i2c.a(i2c_stm32.c.obj)
 .text.i2c_stm32_event_isr
                0x08005478        0x4 zephyr/drivers/i2c/libdrivers__i2c.a(i2c_stm32_common.c.obj)
                0x08005478                i2c_stm32_event_isr
 .text.i2c_stm32_error_isr
                0x0800547c        0x4 zephyr/drivers/i2c/libdrivers__i2c.a(i2c_stm32_common.c.obj)
                0x0800547c                i2c_stm32_error_isr
 .text.i2c_stm32_activate
                0x08005480       0x40 zephyr/drivers/i2c/libdrivers__i2c.a(i2c_stm32_common.c.obj)
                0x08005480                i2c_stm32_activate
 .text.handle_rxne.isra.0
                0x080054c0       0x9c zephyr/drivers/i2c/libdrivers__i2c.a(i2c_stm32_v1.c.obj)
 .text.i2c_stm32_disable_transfer_interrupts.isra.0
                0x0800555c       0x34 zephyr/drivers/i2c/libdrivers__i2c.a(i2c_stm32_v1.c.obj)
 .text.i2c_stm32_reset
                0x08005590       0x50 zephyr/drivers/i2c/libdrivers__i2c.a(i2c_stm32_v1.c.obj)
 .text.msg_end.isra.0
                0x080055e0       0x6c zephyr/drivers/i2c/libdrivers__i2c.a(i2c_stm32_v1.c.obj)
 .text.i2c_stm32_event
                0x0800564c      0x204 zephyr/drivers/i2c/libdrivers__i2c.a(i2c_stm32_v1.c.obj)
                0x0800564c                i2c_stm32_event
 .text.i2c_stm32_error
                0x08005850       0x6c zephyr/drivers/i2c/libdrivers__i2c.a(i2c_stm32_v1.c.obj)
                0x08005850                i2c_stm32_error
 .text.i2c_stm32_configure_timing
                0x080058bc       0xdc zephyr/drivers/i2c/libdrivers__i2c.a(i2c_stm32_v1.c.obj)
                0x080058bc                i2c_stm32_configure_timing
 .text.i2c_stm32_transaction
                0x08005998      0x160 zephyr/drivers/i2c/libdrivers__i2c.a(i2c_stm32_v1.c.obj)
                0x08005998                i2c_stm32_transaction
 .text.pinctrl_lookup_state
                0x08005af8       0x58 zephyr/drivers/pinctrl/libdrivers__pinctrl.a(common.c.obj)
                0x08005af8                pinctrl_lookup_state
 .text.pinctrl_configure_pins
                0x08005b50       0x94 zephyr/drivers/pinctrl/libdrivers__pinctrl.a(pinctrl_stm32.c.obj)
                0x08005b50                pinctrl_configure_pins
 .text.reset_stm32_status
                0x08005be4       0x20 zephyr/drivers/reset/libdrivers__reset.a(reset_stm32.c.obj)
 .text.reset_stm32_line_assert
                0x08005c04       0x20 zephyr/drivers/reset/libdrivers__reset.a(reset_stm32.c.obj)
 .text.reset_stm32_line_deassert
                0x08005c24       0x20 zephyr/drivers/reset/libdrivers__reset.a(reset_stm32.c.obj)
 .text.reset_stm32_line_toggle
                0x08005c44       0x30 zephyr/drivers/reset/libdrivers__reset.a(reset_stm32.c.obj)
 .text.uart_stm32_config_get
                0x08005c74       0x8c zephyr/drivers/serial/libdrivers__serial.a(uart_stm32.c.obj)
 .text.uart_stm32_err_check
                0x08005d00       0x80 zephyr/drivers/serial/libdrivers__serial.a(uart_stm32.c.obj)
 .text.uart_stm32_irq_tx_enable
                0x08005d80       0x18 zephyr/drivers/serial/libdrivers__serial.a(uart_stm32.c.obj)
 .text.uart_stm32_irq_tx_disable
                0x08005d98       0x18 zephyr/drivers/serial/libdrivers__serial.a(uart_stm32.c.obj)
 .text.uart_stm32_irq_tx_ready
                0x08005db0       0x14 zephyr/drivers/serial/libdrivers__serial.a(uart_stm32.c.obj)
 .text.uart_stm32_irq_tx_complete
                0x08005dc4        0xc zephyr/drivers/serial/libdrivers__serial.a(uart_stm32.c.obj)
 .text.uart_stm32_irq_rx_enable
                0x08005dd0       0x18 zephyr/drivers/serial/libdrivers__serial.a(uart_stm32.c.obj)
 .text.uart_stm32_irq_rx_disable
                0x08005de8       0x18 zephyr/drivers/serial/libdrivers__serial.a(uart_stm32.c.obj)
 .text.uart_stm32_irq_rx_ready
                0x08005e00        0xc zephyr/drivers/serial/libdrivers__serial.a(uart_stm32.c.obj)
 .text.uart_stm32_irq_err_enable
                0x08005e0c       0x68 zephyr/drivers/serial/libdrivers__serial.a(uart_stm32.c.obj)
 .text.uart_stm32_irq_err_disable
                0x08005e74       0x68 zephyr/drivers/serial/libdrivers__serial.a(uart_stm32.c.obj)
 .text.uart_stm32_irq_is_pending
                0x08005edc       0x24 zephyr/drivers/serial/libdrivers__serial.a(uart_stm32.c.obj)
 .text.uart_stm32_irq_update
                0x08005f00        0x4 zephyr/drivers/serial/libdrivers__serial.a(uart_stm32.c.obj)
 .text.uart_stm32_irq_callback_set
                0x08005f04        0x8 zephyr/drivers/serial/libdrivers__serial.a(uart_stm32.c.obj)
 .text.uart_stm32_isr
                0x08005f0c        0xc zephyr/drivers/serial/libdrivers__serial.a(uart_stm32.c.obj)
 .text.uart_stm32_irq_config_func_0
                0x08005f18       0x18 zephyr/drivers/serial/libdrivers__serial.a(uart_stm32.c.obj)
 .text.uart_stm32_irq_config_func_1
                0x08005f30       0x18 zephyr/drivers/serial/libdrivers__serial.a(uart_stm32.c.obj)
 .text.uart_stm32_irq_config_func_2
                0x08005f48       0x18 zephyr/drivers/serial/libdrivers__serial.a(uart_stm32.c.obj)
 .text.uart_stm32_poll_in
                0x08005f60       0x40 zephyr/drivers/serial/libdrivers__serial.a(uart_stm32.c.obj)
 .text.uart_stm32_poll_out
                0x08005fa0       0x38 zephyr/drivers/serial/libdrivers__serial.a(uart_stm32.c.obj)
 .text.uart_stm32_fifo_fill
                0x08005fd8       0x64 zephyr/drivers/serial/libdrivers__serial.a(uart_stm32.c.obj)
 .text.uart_stm32_fifo_read
                0x0800603c       0x60 zephyr/drivers/serial/libdrivers__serial.a(uart_stm32.c.obj)
 .text.uart_stm32_parameters_set
                0x0800609c      0x204 zephyr/drivers/serial/libdrivers__serial.a(uart_stm32.c.obj)
 .text.uart_stm32_configure
                0x080062a0      0x170 zephyr/drivers/serial/libdrivers__serial.a(uart_stm32.c.obj)
 .text.uart_stm32_init
                0x08006410       0xbc zephyr/drivers/serial/libdrivers__serial.a(uart_stm32.c.obj)
 .text.spi_stm32_read_next_frame.isra.0
                0x080064cc       0xb0 zephyr/drivers/spi/libdrivers__spi.a(spi_stm32.c.obj)
 .text.spi_stm32_release
                0x0800657c       0x2c zephyr/drivers/spi/libdrivers__spi.a(spi_stm32.c.obj)
 .text.spi_stm32_send_next_frame.isra.0
                0x080065a8       0xf8 zephyr/drivers/spi/libdrivers__spi.a(spi_stm32.c.obj)
 .text.spi_stm32_transceive_sync
                0x080066a0      0x4a4 zephyr/drivers/spi/libdrivers__spi.a(spi_stm32.c.obj)
 .text.spi_stm32_init
                0x08006b44       0x88 zephyr/drivers/spi/libdrivers__spi.a(spi_stm32.c.obj)
 .text.elapsed  0x08006bcc       0x60 zephyr/drivers/timer/libdrivers__timer.a(cortex_m_systick.c.obj)
 .text.sys_clock_driver_init
                0x08006c2c       0x3c zephyr/drivers/timer/libdrivers__timer.a(cortex_m_systick.c.obj)
 .text.sys_clock_isr
                0x08006c68       0x78 zephyr/drivers/timer/libdrivers__timer.a(cortex_m_systick.c.obj)
                0x08006c68                sys_clock_isr
 .text.sys_clock_set_timeout
                0x08006ce0      0x11c zephyr/drivers/timer/libdrivers__timer.a(cortex_m_systick.c.obj)
                0x08006ce0                sys_clock_set_timeout
 .text.sys_clock_elapsed
                0x08006dfc       0x40 zephyr/drivers/timer/libdrivers__timer.a(cortex_m_systick.c.obj)
                0x08006dfc                sys_clock_elapsed
 .text.sys_clock_cycle_get_32
                0x08006e3c       0x78 zephyr/drivers/timer/libdrivers__timer.a(cortex_m_systick.c.obj)
                0x08006e3c                sys_clock_cycle_get_32
 .text.HAL_RCC_GetSysClockFreq
                0x08006eb4       0x68 modules/hal_stm32/stm32cube/lib..__modules__hal__stm32__stm32cube.a(stm32f4xx_hal_rcc.c.obj)
                0x08006eb4                HAL_RCC_GetSysClockFreq
 .text.LL_SetFlashLatency
                0x08006f1c       0xc0 modules/hal_stm32/stm32cube/lib..__modules__hal__stm32__stm32cube.a(stm32f4xx_ll_utils.c.obj)
                0x08006f1c                LL_SetFlashLatency
 .text.do_device_init
                0x08006fdc       0x3c zephyr/kernel/libkernel.a(device.c.obj)
                0x08006fdc                do_device_init
 .text.z_impl_device_is_ready
                0x08007018       0x18 zephyr/kernel/libkernel.a(device.c.obj)
                0x08007018                z_impl_device_is_ready
 .text.arch_system_halt
                0x08007030       0x10 zephyr/kernel/libkernel.a(fatal.c.obj)
                0x08007030                arch_system_halt
 .text.k_sys_fatal_error_handler
                0x08007040        0x8 zephyr/kernel/libkernel.a(fatal.c.obj)
                0x08007040                k_sys_fatal_error_handler
 .text.z_fatal_error
                0x08007048       0x30 zephyr/kernel/libkernel.a(fatal.c.obj)
                0x08007048                z_fatal_error
 .text.z_sys_init_run_level
                0x08007078       0x3c zephyr/kernel/libkernel.a(init.c.obj)
 .text.bg_thread_main
                0x080070b4       0xbc zephyr/kernel/libkernel.a(init.c.obj)
 .text.z_cstart
                0x08007170      0x108 zephyr/kernel/libkernel.a(init.c.obj)
                0x08007170                z_cstart
 .text.idle     0x08007278       0x18 zephyr/kernel/libkernel.a(idle.c.obj)
                0x08007278                idle
 .text.z_impl_k_mutex_init
                0x08007290       0x10 zephyr/kernel/libkernel.a(mutex.c.obj)
                0x08007290                z_impl_k_mutex_init
 .text.z_impl_k_mutex_lock
                0x080072a0       0xf0 zephyr/kernel/libkernel.a(mutex.c.obj)
                0x080072a0                z_impl_k_mutex_lock
 .text.z_impl_k_mutex_unlock
                0x08007390       0xac zephyr/kernel/libkernel.a(mutex.c.obj)
                0x08007390                z_impl_k_mutex_unlock
 .text.z_impl_k_sem_init
                0x0800743c       0x18 zephyr/kernel/libkernel.a(sem.c.obj)
                0x0800743c                z_impl_k_sem_init
 .text.z_impl_k_sem_give
                0x08007454       0x6c zephyr/kernel/libkernel.a(sem.c.obj)
                0x08007454                z_impl_k_sem_give
 .text.z_impl_k_sem_take
                0x080074c0       0x58 zephyr/kernel/libkernel.a(sem.c.obj)
                0x080074c0                z_impl_k_sem_take
 .text.z_impl_k_sem_reset
                0x08007518       0x88 zephyr/kernel/libkernel.a(sem.c.obj)
                0x08007518                z_impl_k_sem_reset
 .text.z_impl_k_thread_name_set
                0x080075a0       0x24 zephyr/kernel/libkernel.a(thread.c.obj)
                0x080075a0                z_impl_k_thread_name_set
 .text.z_setup_new_thread
                0x080075c4       0xc0 zephyr/kernel/libkernel.a(thread.c.obj)
                0x080075c4                z_setup_new_thread
 .text.z_impl_k_thread_create
                0x08007684       0x64 zephyr/kernel/libkernel.a(thread.c.obj)
                0x08007684                z_impl_k_thread_create
 .text.ready_thread
                0x080076e8       0x94 zephyr/kernel/libkernel.a(sched.c.obj)
 .text.unready_thread
                0x0800777c       0xd0 zephyr/kernel/libkernel.a(sched.c.obj)
 .text.add_to_waitq_locked
                0x0800784c       0x58 zephyr/kernel/libkernel.a(sched.c.obj)
 .text.move_current_to_end_of_prio_q
                0x080078a4       0x54 zephyr/kernel/libkernel.a(sched.c.obj)
                0x080078a4                move_current_to_end_of_prio_q
 .text.z_ready_thread
                0x080078f8       0x20 zephyr/kernel/libkernel.a(sched.c.obj)
                0x080078f8                z_ready_thread
 .text.z_pend_curr
                0x08007918       0x80 zephyr/kernel/libkernel.a(sched.c.obj)
                0x08007918                z_pend_curr
 .text.z_thread_prio_set
                0x08007998      0x164 zephyr/kernel/libkernel.a(sched.c.obj)
                0x08007998                z_thread_prio_set
 .text.z_reschedule
                0x08007afc       0x40 zephyr/kernel/libkernel.a(sched.c.obj)
                0x08007afc                z_reschedule
 .text.k_sched_lock
                0x08007b3c       0x28 zephyr/kernel/libkernel.a(sched.c.obj)
                0x08007b3c                k_sched_lock
 .text.k_sched_unlock
                0x08007b64       0x90 zephyr/kernel/libkernel.a(sched.c.obj)
                0x08007b64                k_sched_unlock
 .text.z_sched_init
                0x08007bf4       0x24 zephyr/kernel/libkernel.a(sched.c.obj)
                0x08007bf4                z_sched_init
 .text.z_impl_k_yield
                0x08007c18       0x84 zephyr/kernel/libkernel.a(sched.c.obj)
                0x08007c18                z_impl_k_yield
 .text.z_tick_sleep
                0x08007c9c       0x98 zephyr/kernel/libkernel.a(sched.c.obj)
 .text.z_impl_k_sleep
                0x08007d34       0x58 zephyr/kernel/libkernel.a(sched.c.obj)
                0x08007d34                z_impl_k_sleep
 .text.z_impl_k_usleep
                0x08007d8c       0x74 zephyr/kernel/libkernel.a(sched.c.obj)
                0x08007d8c                z_impl_k_usleep
 .text.z_impl_k_wakeup
                0x08007e00       0x70 zephyr/kernel/libkernel.a(sched.c.obj)
                0x08007e00                z_impl_k_wakeup
 .text.z_impl_k_sched_current_thread_query
                0x08007e70        0xc zephyr/kernel/libkernel.a(sched.c.obj)
                0x08007e70                z_impl_k_sched_current_thread_query
 .text.slice_timeout
                0x08007e7c       0x20 zephyr/kernel/libkernel.a(timeslicing.c.obj)
 .text.z_reset_time_slice
                0x08007e9c       0x9c zephyr/kernel/libkernel.a(timeslicing.c.obj)
                0x08007e9c                z_reset_time_slice
 .text.z_time_slice
                0x08007f38       0x84 zephyr/kernel/libkernel.a(timeslicing.c.obj)
                0x08007f38                z_time_slice
 .text.remove_timeout
                0x08007fbc       0x38 zephyr/kernel/libkernel.a(timeout.c.obj)
 .text.z_add_timeout
                0x08007ff4      0x164 zephyr/kernel/libkernel.a(timeout.c.obj)
                0x08007ff4                z_add_timeout
 .text.z_abort_timeout
                0x08008158       0xc0 zephyr/kernel/libkernel.a(timeout.c.obj)
                0x08008158                z_abort_timeout
 .text.sys_clock_tick_get_32
                0x08008218       0x38 zephyr/kernel/libkernel.a(timeout.c.obj)
                0x08008218                sys_clock_tick_get_32
 .text.z_impl_k_uptime_ticks
                0x08008250       0x40 zephyr/kernel/libkernel.a(timeout.c.obj)
                0x08008250                z_impl_k_uptime_ticks
 .text.z_timer_expiration_handler
                0x08008290      0x110 zephyr/kernel/libkernel.a(timer.c.obj)
                0x08008290                z_timer_expiration_handler
 .text.z_impl_k_timer_start
                0x080083a0       0x6c zephyr/kernel/libkernel.a(timer.c.obj)
                0x080083a0                z_impl_k_timer_start
 .text.z_impl_k_timer_stop
                0x0800840c       0x60 zephyr/kernel/libkernel.a(timer.c.obj)
                0x0800840c                z_impl_k_timer_stop
 .text.k_thread_system_pool_assign
                0x0800846c        0xc zephyr/kernel/libkernel.a(mempool.c.obj)
                0x0800846c                k_thread_system_pool_assign
 .text.boot_banner
                0x08008478        0xc zephyr/kernel/libkernel.a(banner.c.obj)
                0x08008478                boot_banner
 .text.statics_init
                0x08008484       0x30 zephyr/kernel/libkernel.a(kheap.c.obj)
 .text.strncpy  0x080084b4       0x58 /home/tuangaooo/zephyr-sdk-1.0.1/gnu/arm-zephyr-eabi/bin/../lib/gcc/arm-zephyr-eabi/14.3.0/../../../../arm-zephyr-eabi/lib/thumb/v7e-m+fp/hard/libc.a(libc_string_strncpy.c.o)
                0x080084b4                strncpy
 .text.strnlen  0x0800850c       0x24 /home/tuangaooo/zephyr-sdk-1.0.1/gnu/arm-zephyr-eabi/bin/../lib/gcc/arm-zephyr-eabi/14.3.0/../../../../arm-zephyr-eabi/lib/thumb/v7e-m+fp/hard/libc.a(libc_string_strnlen.c.o)
                0x0800850c                strnlen
 .text.snprintf
                0x08008530       0x68 /home/tuangaooo/zephyr-sdk-1.0.1/gnu/arm-zephyr-eabi/bin/../lib/gcc/arm-zephyr-eabi/14.3.0/../../../../arm-zephyr-eabi/lib/thumb/v7e-m+fp/hard/libc.a(libc_tinystdio_snprintf.c.o)
                0x08008530                snprintf
 .text.__ultoa_invert
                0x08008598       0x4c /home/tuangaooo/zephyr-sdk-1.0.1/gnu/arm-zephyr-eabi/bin/../lib/gcc/arm-zephyr-eabi/14.3.0/../../../../arm-zephyr-eabi/lib/thumb/v7e-m+fp/hard/libc.a(libc_tinystdio_vfprintf.c.o)
 .text.skip_to_arg
                0x080085e4      0x2e0 /home/tuangaooo/zephyr-sdk-1.0.1/gnu/arm-zephyr-eabi/bin/../lib/gcc/arm-zephyr-eabi/14.3.0/../../../../arm-zephyr-eabi/lib/thumb/v7e-m+fp/hard/libc.a(libc_tinystdio_vfprintf.c.o)
 .text.vfprintf
                0x080088c4     0x1100 /home/tuangaooo/zephyr-sdk-1.0.1/gnu/arm-zephyr-eabi/bin/../lib/gcc/arm-zephyr-eabi/14.3.0/../../../../arm-zephyr-eabi/lib/thumb/v7e-m+fp/hard/libc.a(libc_tinystdio_vfprintf.c.o)
                0x080088c4                __d_vfprintf
 .text.__dtoa_engine
                0x080099c4      0x950 /home/tuangaooo/zephyr-sdk-1.0.1/gnu/arm-zephyr-eabi/bin/../lib/gcc/arm-zephyr-eabi/14.3.0/../../../../arm-zephyr-eabi/lib/thumb/v7e-m+fp/hard/libc.a(libc_tinystdio_dtoa_ryu.c.o)
                0x080099c4                __dtoa_engine
 .text.__log10Pow2
                0x0800a314       0x10 /home/tuangaooo/zephyr-sdk-1.0.1/gnu/arm-zephyr-eabi/bin/../lib/gcc/arm-zephyr-eabi/14.3.0/../../../../arm-zephyr-eabi/lib/thumb/v7e-m+fp/hard/libc.a(libc_tinystdio_ryu_log10.c.o)
                0x0800a314                __log10Pow2
 .text.__log10Pow5
                0x0800a324       0x10 /home/tuangaooo/zephyr-sdk-1.0.1/gnu/arm-zephyr-eabi/bin/../lib/gcc/arm-zephyr-eabi/14.3.0/../../../../arm-zephyr-eabi/lib/thumb/v7e-m+fp/hard/libc.a(libc_tinystdio_ryu_log10.c.o)
                0x0800a324                __log10Pow5
 .text.__pow5bits
                0x0800a334       0x10 /home/tuangaooo/zephyr-sdk-1.0.1/gnu/arm-zephyr-eabi/bin/../lib/gcc/arm-zephyr-eabi/14.3.0/../../../../arm-zephyr-eabi/lib/thumb/v7e-m+fp/hard/libc.a(libc_tinystdio_ryu_pow5bits.c.o)
                0x0800a334                __pow5bits
 .text.__pow5Factor
                0x0800a344       0x48 /home/tuangaooo/zephyr-sdk-1.0.1/gnu/arm-zephyr-eabi/bin/../lib/gcc/arm-zephyr-eabi/14.3.0/../../../../arm-zephyr-eabi/lib/thumb/v7e-m+fp/hard/libc.a(libc_tinystdio_ryu_table.c.o)
                0x0800a344                __pow5Factor
 .text.__double_computePow5
                0x0800a38c      0x100 /home/tuangaooo/zephyr-sdk-1.0.1/gnu/arm-zephyr-eabi/bin/../lib/gcc/arm-zephyr-eabi/14.3.0/../../../../arm-zephyr-eabi/lib/thumb/v7e-m+fp/hard/libc.a(libc_tinystdio_ryu_table.c.o)
                0x0800a38c                __double_computePow5
 .text.__double_computeInvPow5
                0x0800a48c      0x110 /home/tuangaooo/zephyr-sdk-1.0.1/gnu/arm-zephyr-eabi/bin/../lib/gcc/arm-zephyr-eabi/14.3.0/../../../../arm-zephyr-eabi/lib/thumb/v7e-m+fp/hard/libc.a(libc_tinystdio_ryu_table.c.o)
                0x0800a48c                __double_computeInvPow5
 .text.__umul128
                0x0800a59c       0x30 /home/tuangaooo/zephyr-sdk-1.0.1/gnu/arm-zephyr-eabi/bin/../lib/gcc/arm-zephyr-eabi/14.3.0/../../../../arm-zephyr-eabi/lib/thumb/v7e-m+fp/hard/libc.a(libc_tinystdio_ryu_umul128.c.o)
                0x0800a59c                __umul128
 .text.__shiftright128
                0x0800a5cc       0x4c /home/tuangaooo/zephyr-sdk-1.0.1/gnu/arm-zephyr-eabi/bin/../lib/gcc/arm-zephyr-eabi/14.3.0/../../../../arm-zephyr-eabi/lib/thumb/v7e-m+fp/hard/libc.a(libc_tinystdio_ryu_umul128.c.o)
                0x0800a5cc                __shiftright128
 .text.cosf     0x0800a618       0x7c /home/tuangaooo/zephyr-sdk-1.0.1/gnu/arm-zephyr-eabi/bin/../lib/gcc/arm-zephyr-eabi/14.3.0/../../../../arm-zephyr-eabi/lib/thumb/v7e-m+fp/hard/libc.a(libm_math_sf_cos.c.o)
                0x0800a618                cosf
                0x0800a618                _cosf
 .text.__rem_pio2f
                0x0800a694      0x278 /home/tuangaooo/zephyr-sdk-1.0.1/gnu/arm-zephyr-eabi/bin/../lib/gcc/arm-zephyr-eabi/14.3.0/../../../../arm-zephyr-eabi/lib/thumb/v7e-m+fp/hard/libc.a(libm_math_sf_rem_pio2.c.o)
                0x0800a694                __rem_pio2f
 .text.sinf     0x0800a90c       0x80 /home/tuangaooo/zephyr-sdk-1.0.1/gnu/arm-zephyr-eabi/bin/../lib/gcc/arm-zephyr-eabi/14.3.0/../../../../arm-zephyr-eabi/lib/thumb/v7e-m+fp/hard/libc.a(libm_math_sf_sin.c.o)
                0x0800a90c                _sinf
                0x0800a90c                sinf
 .text.__math_invalidf
                0x0800a98c       0x2c /home/tuangaooo/zephyr-sdk-1.0.1/gnu/arm-zephyr-eabi/bin/../lib/gcc/arm-zephyr-eabi/14.3.0/../../../../arm-zephyr-eabi/lib/thumb/v7e-m+fp/hard/libc.a(libm_common_math_errf_invalidf.c.o)
                0x0800a98c                __math_invalidf
 .text.__dtox_engine
                0x0800a9b8      0x4fc /home/tuangaooo/zephyr-sdk-1.0.1/gnu/arm-zephyr-eabi/bin/../lib/gcc/arm-zephyr-eabi/14.3.0/../../../../arm-zephyr-eabi/lib/thumb/v7e-m+fp/hard/libc.a(libc_tinystdio_dtox_engine.c.o)
                0x0800a9b8                __dtox_engine
 .text.__file_str_put
                0x0800aeb4       0x10 /home/tuangaooo/zephyr-sdk-1.0.1/gnu/arm-zephyr-eabi/bin/../lib/gcc/arm-zephyr-eabi/14.3.0/../../../../arm-zephyr-eabi/lib/thumb/v7e-m+fp/hard/libc.a(libc_tinystdio_filestrput.c.o)
                0x0800aeb4                __file_str_put
 .text.__kernel_cosf
                0x0800aec4       0xe0 /home/tuangaooo/zephyr-sdk-1.0.1/gnu/arm-zephyr-eabi/bin/../lib/gcc/arm-zephyr-eabi/14.3.0/../../../../arm-zephyr-eabi/lib/thumb/v7e-m+fp/hard/libc.a(libm_math_kf_cos.c.o)
                0x0800aec4                __kernel_cosf
 .text.__kernel_rem_pio2f
                0x0800afa4      0x808 /home/tuangaooo/zephyr-sdk-1.0.1/gnu/arm-zephyr-eabi/bin/../lib/gcc/arm-zephyr-eabi/14.3.0/../../../../arm-zephyr-eabi/lib/thumb/v7e-m+fp/hard/libc.a(libm_math_kf_rem_pio2.c.o)
                0x0800afa4                __kernel_rem_pio2f
 .text.__kernel_sinf
                0x0800b7ac       0xac /home/tuangaooo/zephyr-sdk-1.0.1/gnu/arm-zephyr-eabi/bin/../lib/gcc/arm-zephyr-eabi/14.3.0/../../../../arm-zephyr-eabi/lib/thumb/v7e-m+fp/hard/libc.a(libm_math_kf_sin.c.o)
                0x0800b7ac                __kernel_sinf
 .text.__math_inexactf
                0x0800b858       0x1c /home/tuangaooo/zephyr-sdk-1.0.1/gnu/arm-zephyr-eabi/bin/../lib/gcc/arm-zephyr-eabi/14.3.0/../../../../arm-zephyr-eabi/lib/thumb/v7e-m+fp/hard/libc.a(libm_common_math_inexactf.c.o)
                0x0800b858                __math_inexactf
 .text.scalbnf  0x0800b874       0x98 /home/tuangaooo/zephyr-sdk-1.0.1/gnu/arm-zephyr-eabi/bin/../lib/gcc/arm-zephyr-eabi/14.3.0/../../../../arm-zephyr-eabi/lib/thumb/v7e-m+fp/hard/libc.a(libm_common_sf_scalbn.c.o)
                0x0800b874                ldexpf
                0x0800b874                scalbnf
 .text.isnanf   0x0800b90c       0x14 /home/tuangaooo/zephyr-sdk-1.0.1/gnu/arm-zephyr-eabi/bin/../lib/gcc/arm-zephyr-eabi/14.3.0/../../../../arm-zephyr-eabi/lib/thumb/v7e-m+fp/hard/libc.a(libm_common_sf_isnan.c.o)
                0x0800b90c                isnanf
                0x0800b90c                __isnanf
 .text.__math_uflowf
                0x0800b920       0x28 /home/tuangaooo/zephyr-sdk-1.0.1/gnu/arm-zephyr-eabi/bin/../lib/gcc/arm-zephyr-eabi/14.3.0/../../../../arm-zephyr-eabi/lib/thumb/v7e-m+fp/hard/libc.a(libm_common_math_errf_uflowf.c.o)
                0x0800b920                __math_uflowf
 .text.__math_oflowf
                0x0800b948       0x28 /home/tuangaooo/zephyr-sdk-1.0.1/gnu/arm-zephyr-eabi/bin/../lib/gcc/arm-zephyr-eabi/14.3.0/../../../../arm-zephyr-eabi/lib/thumb/v7e-m+fp/hard/libc.a(libm_common_math_errf_oflowf.c.o)
                0x0800b948                __math_oflowf
 .text.floorf   0x0800b970       0x74 /home/tuangaooo/zephyr-sdk-1.0.1/gnu/arm-zephyr-eabi/bin/../lib/gcc/arm-zephyr-eabi/14.3.0/../../../../arm-zephyr-eabi/lib/thumb/v7e-m+fp/hard/libc.a(libm_machine_arm_sf_floor.c.o)
                0x0800b970                floorf
 *(SORT_BY_ALIGNMENT(.gnu.linkonce.t.*))
 *(SORT_BY_ALIGNMENT(.glue_7t))
 .glue_7t       0x0800b9e4        0x0 linker stubs
 *(SORT_BY_ALIGNMENT(.glue_7))
 .glue_7        0x0800b9e4        0x0 linker stubs
 *(SORT_BY_ALIGNMENT(.vfp11_veneer))
 .vfp11_veneer  0x0800b9e4        0x0 linker stubs
 *(SORT_BY_ALIGNMENT(.v4_bx))
 .v4_bx         0x0800b9e4        0x0 linker stubs
                0x0800b9e4                        . = ALIGN (0x4)
                0x0800b9e4                        __text_region_end = .

.ARM.exidx      0x0800b9e4        0x8
                0x0800b9e4                        __exidx_start = .
 *(SORT_BY_ALIGNMENT(.ARM.exidx*) SORT_BY_ALIGNMENT(gnu.linkonce.armexidx.*))
 .ARM.exidx     0x0800b9e4        0x8 /home/tuangaooo/zephyr-sdk-1.0.1/gnu/arm-zephyr-eabi/bin/../lib/gcc/arm-zephyr-eabi/14.3.0/thumb/v7e-m+fp/hard/libgcc.a(_udivmoddi4.o)
                0x0800b9ec                        __exidx_end = .
                0x0800b9ec                        __rodata_region_start = .

initlevel       0x0800b9ec       0xd0
                0x0800b9ec                        __init_start = .
                0x0800b9ec                        __init_EARLY_start = .
 *(SORT_BY_NAME(SORT_BY_ALIGNMENT(.z_init_EARLY_P_?_*)))
 *(SORT_BY_NAME(SORT_BY_ALIGNMENT(.z_init_EARLY_P_??_*)))
 *(SORT_BY_NAME(SORT_BY_ALIGNMENT(.z_init_EARLY_P_???_*)))
                0x0800b9ec                        __init_PRE_KERNEL_1_start = .
 *(SORT_BY_NAME(SORT_BY_ALIGNMENT(.z_init_PRE_KERNEL_1_P_?_*)))
 .z_init_PRE_KERNEL_1_P_1_SUB_00008_
                0x0800b9ec        0x8 zephyr/drivers/clock_control/libdrivers__clock_control.a(clock_stm32_ll_common.c.obj)
 .z_init_PRE_KERNEL_1_P_1_SUB_0_
                0x0800b9f4        0x8 zephyr/libzephyr.a(soc_config.c.obj)
 *(SORT_BY_NAME(SORT_BY_ALIGNMENT(.z_init_PRE_KERNEL_1_P_??_*)))
 .z_init_PRE_KERNEL_1_P_30_SUB_0_
                0x0800b9fc        0x8 zephyr/kernel/libkernel.a(kheap.c.obj)
 .z_init_PRE_KERNEL_1_P_35_SUB_00106_
                0x0800ba04        0x8 zephyr/drivers/reset/libdrivers__reset.a(reset_stm32.c.obj)
 .z_init_PRE_KERNEL_1_P_40_SUB_00041_
                0x0800ba0c        0x8 zephyr/libzephyr.a(gpioport_mgr.c.obj)
 .z_init_PRE_KERNEL_1_P_40_SUB_00042_
                0x0800ba14        0x8 zephyr/libzephyr.a(gpioport_mgr.c.obj)
 .z_init_PRE_KERNEL_1_P_40_SUB_00043_
                0x0800ba1c        0x8 zephyr/libzephyr.a(gpioport_mgr.c.obj)
 .z_init_PRE_KERNEL_1_P_40_SUB_00055_
                0x0800ba24        0x8 zephyr/libzephyr.a(gpioport_mgr.c.obj)
 .z_init_PRE_KERNEL_1_P_40_SUB_00056_
                0x0800ba2c        0x8 zephyr/libzephyr.a(gpioport_mgr.c.obj)
 .z_init_PRE_KERNEL_1_P_40_SUB_00103_
                0x0800ba34        0x8 zephyr/drivers/interrupt_controller/libdrivers__interrupt_controller.a(intc_exti_stm32.c.obj)
 .z_init_PRE_KERNEL_1_P_40_SUB_00141_
                0x0800ba3c        0x8 zephyr/libzephyr.a(gpioport_mgr.c.obj)
 .z_init_PRE_KERNEL_1_P_40_SUB_00142_
                0x0800ba44        0x8 zephyr/libzephyr.a(gpioport_mgr.c.obj)
 .z_init_PRE_KERNEL_1_P_40_SUB_00143_
                0x0800ba4c        0x8 zephyr/libzephyr.a(gpioport_mgr.c.obj)
 .z_init_PRE_KERNEL_1_P_40_SUB_00144_
                0x0800ba54        0x8 zephyr/libzephyr.a(gpioport_mgr.c.obj)
 .z_init_PRE_KERNEL_1_P_40_SUB_0_
                0x0800ba5c        0x8 zephyr/drivers/interrupt_controller/libdrivers__interrupt_controller.a(intc_gpio_stm32.c.obj)
 .z_init_PRE_KERNEL_1_P_50_SUB_00110_
                0x0800ba64        0x8 zephyr/drivers/serial/libdrivers__serial.a(uart_stm32.c.obj)
 .z_init_PRE_KERNEL_1_P_50_SUB_00113_
                0x0800ba6c        0x8 zephyr/drivers/serial/libdrivers__serial.a(uart_stm32.c.obj)
 .z_init_PRE_KERNEL_1_P_50_SUB_00118_
                0x0800ba74        0x8 zephyr/drivers/serial/libdrivers__serial.a(uart_stm32.c.obj)
 .z_init_PRE_KERNEL_1_P_60_SUB_0_
                0x0800ba7c        0x8 zephyr/drivers/console/libdrivers__console.a(uart_console.c.obj)
 *(SORT_BY_NAME(SORT_BY_ALIGNMENT(.z_init_PRE_KERNEL_1_P_???_*)))
                0x0800ba84                        __init_PRE_KERNEL_2_start = .
 *(SORT_BY_NAME(SORT_BY_ALIGNMENT(.z_init_PRE_KERNEL_2_P_?_*)))
 .z_init_PRE_KERNEL_2_P_0_SUB_0_
                0x0800ba84        0x8 zephyr/drivers/timer/libdrivers__timer.a(cortex_m_systick.c.obj)
 *(SORT_BY_NAME(SORT_BY_ALIGNMENT(.z_init_PRE_KERNEL_2_P_??_*)))
 *(SORT_BY_NAME(SORT_BY_ALIGNMENT(.z_init_PRE_KERNEL_2_P_???_*)))
                0x0800ba8c                        __init_POST_KERNEL_start = .
 *(SORT_BY_NAME(SORT_BY_ALIGNMENT(.z_init_POST_KERNEL_P_?_*)))
 *(SORT_BY_NAME(SORT_BY_ALIGNMENT(.z_init_POST_KERNEL_P_??_*)))
 .z_init_POST_KERNEL_P_35_SUB_0_
                0x0800ba8c        0x8 zephyr/lib/libc/common/liblib__libc__common.a(malloc.c.obj)
 .z_init_POST_KERNEL_P_50_SUB_00011_
                0x0800ba94        0x8 zephyr/drivers/adc/libdrivers__adc.a(adc_stm32.c.obj)
 .z_init_POST_KERNEL_P_50_SUB_00022_
                0x0800ba9c        0x8 zephyr/drivers/i2c/libdrivers__i2c.a(i2c_stm32.c.obj)
 .z_init_POST_KERNEL_P_50_SUB_00026_
                0x0800baa4        0x8 zephyr/drivers/i2c/libdrivers__i2c.a(i2c_stm32.c.obj)
 .z_init_POST_KERNEL_P_50_SUB_00125_
                0x0800baac        0x8 zephyr/drivers/spi/libdrivers__spi.a(spi_stm32.c.obj)
 .z_init_POST_KERNEL_P_80_SUB_00096_
                0x0800bab4        0x8 zephyr/drivers/can/libdrivers__can.a(can_stm32_bxcan.c.obj)
 *(SORT_BY_NAME(SORT_BY_ALIGNMENT(.z_init_POST_KERNEL_P_???_*)))
                0x0800babc                        __init_APPLICATION_start = .
 *(SORT_BY_NAME(SORT_BY_ALIGNMENT(.z_init_APPLICATION_P_?_*)))
 *(SORT_BY_NAME(SORT_BY_ALIGNMENT(.z_init_APPLICATION_P_??_*)))
 *(SORT_BY_NAME(SORT_BY_ALIGNMENT(.z_init_APPLICATION_P_???_*)))
                0x0800babc                        __init_SMP_start = .
 *(SORT_BY_NAME(SORT_BY_ALIGNMENT(.z_init_SMP_P_?_*)))
 *(SORT_BY_NAME(SORT_BY_ALIGNMENT(.z_init_SMP_P_??_*)))
 *(SORT_BY_NAME(SORT_BY_ALIGNMENT(.z_init_SMP_P_???_*)))
                0x0800babc                        __init_end = .

device_area     0x0800babc      0x230
                0x0800babc                        _device_list_start = .
 *(SORT_BY_NAME(SORT_BY_ALIGNMENT(._device.static.*_?_*)))
 ._device.static.1_1_
                0x0800babc       0x1c zephyr/drivers/clock_control/libdrivers__clock_control.a(clock_stm32_ll_common.c.obj)
                0x0800babc                __device_dts_ord_8
 *(SORT_BY_NAME(SORT_BY_ALIGNMENT(._device.static.*_??_*)))
 ._device.static.1_35_
                0x0800bad8       0x1c zephyr/drivers/reset/libdrivers__reset.a(reset_stm32.c.obj)
                0x0800bad8                __device_dts_ord_106
 ._device.static.1_40_
                0x0800baf4       0xfc zephyr/libzephyr.a(gpioport_mgr.c.obj)
                0x0800baf4                __device_dts_ord_144
                0x0800bb10                __device_dts_ord_143
                0x0800bb2c                __device_dts_ord_142
                0x0800bb48                __device_dts_ord_141
                0x0800bb64                __device_dts_ord_43
                0x0800bb80                __device_dts_ord_56
                0x0800bb9c                __device_dts_ord_42
                0x0800bbb8                __device_dts_ord_41
                0x0800bbd4                __device_dts_ord_55
 ._device.static.1_40_
                0x0800bbf0       0x1c zephyr/drivers/interrupt_controller/libdrivers__interrupt_controller.a(intc_exti_stm32.c.obj)
                0x0800bbf0                __device_dts_ord_103
 ._device.static.1_50_
                0x0800bc0c       0x54 zephyr/drivers/serial/libdrivers__serial.a(uart_stm32.c.obj)
                0x0800bc0c                __device_dts_ord_113
                0x0800bc28                __device_dts_ord_110
                0x0800bc44                __device_dts_ord_118
 ._device.static.3_50_
                0x0800bc60       0x1c zephyr/drivers/adc/libdrivers__adc.a(adc_stm32.c.obj)
                0x0800bc60                __device_dts_ord_11
 ._device.static.3_50_
                0x0800bc7c       0x38 zephyr/drivers/i2c/libdrivers__i2c.a(i2c_stm32.c.obj)
                0x0800bc7c                __device_dts_ord_26
                0x0800bc98                __device_dts_ord_22
 ._device.static.3_50_
                0x0800bcb4       0x1c zephyr/drivers/spi/libdrivers__spi.a(spi_stm32.c.obj)
                0x0800bcb4                __device_dts_ord_125
 ._device.static.3_80_
                0x0800bcd0       0x1c zephyr/drivers/can/libdrivers__can.a(can_stm32_bxcan.c.obj)
                0x0800bcd0                __device_dts_ord_96
 *(SORT_BY_NAME(SORT_BY_ALIGNMENT(._device.static.*_???_*)))
 *(SORT_BY_NAME(SORT_BY_ALIGNMENT(._device.static.*_????_*)))
 *(SORT_BY_NAME(SORT_BY_ALIGNMENT(._device.static.*_?????_*)))
                0x0800bcec                        _device_list_end = .

.text.z_shared_isr
 *(SORT_BY_ALIGNMENT(.text.z_shared_isr*))

sw_isr_table    0x0800bcec      0x238
                0x0800bcec                        . = ALIGN (0x4)
 *(SORT_BY_ALIGNMENT(.gnu.linkonce.sw_isr_table*))
 .gnu.linkonce.sw_isr_table
                0x0800bcec      0x238 zephyr/arch/common/libisr_tables.a(isr_tables.c.obj)
                0x0800bcec                _sw_isr_table

shared_sw_isr_table
                0x0800bf24      0x58c
 *(SORT_BY_ALIGNMENT(.gnu.linkonce.shared_sw_isr_table*))
 .gnu.linkonce.shared_sw_isr_table
                0x0800bf24      0x58c zephyr/arch/common/libisr_tables.a(isr_tables.c.obj)
                0x0800bf24                z_shared_sw_isr_table

initlevel_error
 *(SORT_BY_NAME(SORT_BY_ALIGNMENT(.z_init_*)))
                0x00000001                        ASSERT ((SIZEOF (initlevel_error) == 0x0), Undefined initialization levels used.)

app_shmem_regions
                0x0800c4b0        0x0
                0x0800c4b0                        __app_shmem_regions_start = .
 *(SORT_BY_NAME(SORT_BY_ALIGNMENT(.app_regions.*)))
                0x0800c4b0                        __app_shmem_regions_end = .

k_p4wq_initparam_area
                0x0800c4b0        0x0
                0x0800c4b0                        _k_p4wq_initparam_list_start = .
 *(SORT_BY_NAME(SORT_BY_ALIGNMENT(._k_p4wq_initparam.static.*)))
                0x0800c4b0                        _k_p4wq_initparam_list_end = .

_static_thread_data_area
                0x0800c4b0        0x0
                0x0800c4b0                        __static_thread_data_list_start = .
 *(SORT_BY_NAME(SORT_BY_ALIGNMENT(.__static_thread_data.static.*)))
                0x0800c4b0                        __static_thread_data_list_end = .

device_deps     0x0800c4b0        0x0
                0x0800c4b0                        __device_deps_start = .
 *(SORT_BY_NAME(SORT_BY_ALIGNMENT(.__device_deps_pass2*)))
                0x0800c4b0                        __device_deps_end = .

adc_driver_api_area
                0x0800c4b0        0xc
                0x0800c4b0                        _adc_driver_api_list_start = .
 *(SORT_BY_NAME(SORT_BY_ALIGNMENT(._adc_driver_api.static.*)))
 ._adc_driver_api.static.api_stm32_driver_api_
                0x0800c4b0        0xc zephyr/drivers/adc/libdrivers__adc.a(adc_stm32.c.obj)
                0x0800c4bc                        _adc_driver_api_list_end = .

can_driver_api_area
                0x0800c4bc       0x44
                0x0800c4bc                        _can_driver_api_list_start = .
 *(SORT_BY_NAME(SORT_BY_ALIGNMENT(._can_driver_api.static.*)))
 ._can_driver_api.static.can_api_funcs_
                0x0800c4bc       0x44 zephyr/drivers/can/libdrivers__can.a(can_stm32_bxcan.c.obj)
                0x0800c500                        _can_driver_api_list_end = .

gpio_driver_api_area
                0x0800c500       0x24
                0x0800c500                        _gpio_driver_api_list_start = .
 *(SORT_BY_NAME(SORT_BY_ALIGNMENT(._gpio_driver_api.static.*)))
 ._gpio_driver_api.static.gpio_stm32_driver_
                0x0800c500       0x24 zephyr/drivers/gpio/libdrivers__gpio.a(gpio_stm32.c.obj)
                0x0800c500                gpio_stm32_driver
                0x0800c524                        _gpio_driver_api_list_end = .

i2c_driver_api_area
                0x0800c524       0x18
                0x0800c524                        _i2c_driver_api_list_start = .
 *(SORT_BY_NAME(SORT_BY_ALIGNMENT(._i2c_driver_api.static.*)))
 ._i2c_driver_api.static.api_funcs_
                0x0800c524       0x18 zephyr/drivers/i2c/libdrivers__i2c.a(i2c_stm32.c.obj)
                0x0800c53c                        _i2c_driver_api_list_end = .

i2c_target_driver_api_area
                0x0800c53c        0x0
                0x0800c53c                        _i2c_target_driver_api_list_start = .
 *(SORT_BY_NAME(SORT_BY_ALIGNMENT(._i2c_target_driver_api.static.*)))
                0x0800c53c                        _i2c_target_driver_api_list_end = .

reset_driver_api_area
                0x0800c53c       0x10
                0x0800c53c                        _reset_driver_api_list_start = .
 *(SORT_BY_NAME(SORT_BY_ALIGNMENT(._reset_driver_api.static.*)))
 ._reset_driver_api.static.reset_stm32_driver_api_
                0x0800c53c       0x10 zephyr/drivers/reset/libdrivers__reset.a(reset_stm32.c.obj)
                0x0800c54c                        _reset_driver_api_list_end = .

spi_driver_api_area
                0x0800c54c        0x8
                0x0800c54c                        _spi_driver_api_list_start = .
 *(SORT_BY_NAME(SORT_BY_ALIGNMENT(._spi_driver_api.static.*)))
 ._spi_driver_api.static.api_funcs_
                0x0800c54c        0x8 zephyr/drivers/spi/libdrivers__spi.a(spi_stm32.c.obj)
                0x0800c554                        _spi_driver_api_list_end = .

shared_irq_driver_api_area
                0x0800c554        0x0
                0x0800c554                        _shared_irq_driver_api_list_start = .
 *(SORT_BY_NAME(SORT_BY_ALIGNMENT(._shared_irq_driver_api.static.*)))
                0x0800c554                        _shared_irq_driver_api_list_end = .

crypto_driver_api_area
                0x0800c554        0x0
                0x0800c554                        _crypto_driver_api_list_start = .
 *(SORT_BY_NAME(SORT_BY_ALIGNMENT(._crypto_driver_api.static.*)))
                0x0800c554                        _crypto_driver_api_list_end = .

auxdisplay_driver_api_area
                0x0800c554        0x0
                0x0800c554                        _auxdisplay_driver_api_list_start = .
 *(SORT_BY_NAME(SORT_BY_ALIGNMENT(._auxdisplay_driver_api.static.*)))
                0x0800c554                        _auxdisplay_driver_api_list_end = .

bbram_driver_api_area
                0x0800c554        0x0
                0x0800c554                        _bbram_driver_api_list_start = .
 *(SORT_BY_NAME(SORT_BY_ALIGNMENT(._bbram_driver_api.static.*)))
                0x0800c554                        _bbram_driver_api_list_end = .

biometric_driver_api_area
                0x0800c554        0x0
                0x0800c554                        _biometric_driver_api_list_start = .
 *(SORT_BY_NAME(SORT_BY_ALIGNMENT(._biometric_driver_api.static.*)))
                0x0800c554                        _biometric_driver_api_list_end = .

bt_hci_driver_api_area
                0x0800c554        0x0
                0x0800c554                        _bt_hci_driver_api_list_start = .
 *(SORT_BY_NAME(SORT_BY_ALIGNMENT(._bt_hci_driver_api.static.*)))
                0x0800c554                        _bt_hci_driver_api_list_end = .

cellular_driver_api_area
                0x0800c554        0x0
                0x0800c554                        _cellular_driver_api_list_start = .
 *(SORT_BY_NAME(SORT_BY_ALIGNMENT(._cellular_driver_api.static.*)))
                0x0800c554                        _cellular_driver_api_list_end = .

charger_driver_api_area
                0x0800c554        0x0
                0x0800c554                        _charger_driver_api_list_start = .
 *(SORT_BY_NAME(SORT_BY_ALIGNMENT(._charger_driver_api.static.*)))
                0x0800c554                        _charger_driver_api_list_end = .

clock_control_driver_api_area
                0x0800c554       0x1c
                0x0800c554                        _clock_control_driver_api_list_start = .
 *(SORT_BY_NAME(SORT_BY_ALIGNMENT(._clock_control_driver_api.static.*)))
 ._clock_control_driver_api.static.stm32_clock_control_api_
                0x0800c554       0x1c zephyr/drivers/clock_control/libdrivers__clock_control.a(clock_stm32_ll_common.c.obj)
                0x0800c570                        _clock_control_driver_api_list_end = .

comparator_driver_api_area
                0x0800c570        0x0
                0x0800c570                        _comparator_driver_api_list_start = .
 *(SORT_BY_NAME(SORT_BY_ALIGNMENT(._comparator_driver_api.static.*)))
                0x0800c570                        _comparator_driver_api_list_end = .

coredump_driver_api_area
                0x0800c570        0x0
                0x0800c570                        _coredump_driver_api_list_start = .
 *(SORT_BY_NAME(SORT_BY_ALIGNMENT(._coredump_driver_api.static.*)))
                0x0800c570                        _coredump_driver_api_list_end = .

counter_driver_api_area
                0x0800c570        0x0
                0x0800c570                        _counter_driver_api_list_start = .
 *(SORT_BY_NAME(SORT_BY_ALIGNMENT(._counter_driver_api.static.*)))
                0x0800c570                        _counter_driver_api_list_end = .

crc_driver_api_area
                0x0800c570        0x0
                0x0800c570                        _crc_driver_api_list_start = .
 *(SORT_BY_NAME(SORT_BY_ALIGNMENT(._crc_driver_api.static.*)))
                0x0800c570                        _crc_driver_api_list_end = .

dac_driver_api_area
                0x0800c570        0x0
                0x0800c570                        _dac_driver_api_list_start = .
 *(SORT_BY_NAME(SORT_BY_ALIGNMENT(._dac_driver_api.static.*)))
                0x0800c570                        _dac_driver_api_list_end = .

dai_driver_api_area
                0x0800c570        0x0
                0x0800c570                        _dai_driver_api_list_start = .
 *(SORT_BY_NAME(SORT_BY_ALIGNMENT(._dai_driver_api.static.*)))
                0x0800c570                        _dai_driver_api_list_end = .

display_driver_api_area
                0x0800c570        0x0
                0x0800c570                        _display_driver_api_list_start = .
 *(SORT_BY_NAME(SORT_BY_ALIGNMENT(._display_driver_api.static.*)))
                0x0800c570                        _display_driver_api_list_end = .

dma_driver_api_area
                0x0800c570        0x0
                0x0800c570                        _dma_driver_api_list_start = .
 *(SORT_BY_NAME(SORT_BY_ALIGNMENT(._dma_driver_api.static.*)))
                0x0800c570                        _dma_driver_api_list_end = .

edac_driver_api_area
                0x0800c570        0x0
                0x0800c570                        _edac_driver_api_list_start = .
 *(SORT_BY_NAME(SORT_BY_ALIGNMENT(._edac_driver_api.static.*)))
                0x0800c570                        _edac_driver_api_list_end = .

eeprom_driver_api_area
                0x0800c570        0x0
                0x0800c570                        _eeprom_driver_api_list_start = .
 *(SORT_BY_NAME(SORT_BY_ALIGNMENT(._eeprom_driver_api.static.*)))
                0x0800c570                        _eeprom_driver_api_list_end = .

emul_bbram_driver_api_area
                0x0800c570        0x0
                0x0800c570                        _emul_bbram_driver_api_list_start = .
 *(SORT_BY_NAME(SORT_BY_ALIGNMENT(._emul_bbram_driver_api.static.*)))
                0x0800c570                        _emul_bbram_driver_api_list_end = .

fuel_gauge_emul_driver_api_area
                0x0800c570        0x0
                0x0800c570                        _fuel_gauge_emul_driver_api_list_start = .
 *(SORT_BY_NAME(SORT_BY_ALIGNMENT(._fuel_gauge_emul_driver_api.static.*)))
                0x0800c570                        _fuel_gauge_emul_driver_api_list_end = .

emul_sensor_driver_api_area
                0x0800c570        0x0
                0x0800c570                        _emul_sensor_driver_api_list_start = .
 *(SORT_BY_NAME(SORT_BY_ALIGNMENT(._emul_sensor_driver_api.static.*)))
                0x0800c570                        _emul_sensor_driver_api_list_end = .

entropy_driver_api_area
                0x0800c570        0x0
                0x0800c570                        _entropy_driver_api_list_start = .
 *(SORT_BY_NAME(SORT_BY_ALIGNMENT(._entropy_driver_api.static.*)))
                0x0800c570                        _entropy_driver_api_list_end = .

espi_driver_api_area
                0x0800c570        0x0
                0x0800c570                        _espi_driver_api_list_start = .
 *(SORT_BY_NAME(SORT_BY_ALIGNMENT(._espi_driver_api.static.*)))
                0x0800c570                        _espi_driver_api_list_end = .

espi_saf_driver_api_area
                0x0800c570        0x0
                0x0800c570                        _espi_saf_driver_api_list_start = .
 *(SORT_BY_NAME(SORT_BY_ALIGNMENT(._espi_saf_driver_api.static.*)))
                0x0800c570                        _espi_saf_driver_api_list_end = .

flash_driver_api_area
                0x0800c570        0x0
                0x0800c570                        _flash_driver_api_list_start = .
 *(SORT_BY_NAME(SORT_BY_ALIGNMENT(._flash_driver_api.static.*)))
                0x0800c570                        _flash_driver_api_list_end = .

fpga_driver_api_area
                0x0800c570        0x0
                0x0800c570                        _fpga_driver_api_list_start = .
 *(SORT_BY_NAME(SORT_BY_ALIGNMENT(._fpga_driver_api.static.*)))
                0x0800c570                        _fpga_driver_api_list_end = .

fuel_gauge_driver_api_area
                0x0800c570        0x0
                0x0800c570                        _fuel_gauge_driver_api_list_start = .
 *(SORT_BY_NAME(SORT_BY_ALIGNMENT(._fuel_gauge_driver_api.static.*)))
                0x0800c570                        _fuel_gauge_driver_api_list_end = .

gnss_driver_api_area
                0x0800c570        0x0
                0x0800c570                        _gnss_driver_api_list_start = .
 *(SORT_BY_NAME(SORT_BY_ALIGNMENT(._gnss_driver_api.static.*)))
                0x0800c570                        _gnss_driver_api_list_end = .

haptics_driver_api_area
                0x0800c570        0x0
                0x0800c570                        _haptics_driver_api_list_start = .
 *(SORT_BY_NAME(SORT_BY_ALIGNMENT(._haptics_driver_api.static.*)))
                0x0800c570                        _haptics_driver_api_list_end = .

hwspinlock_driver_api_area
                0x0800c570        0x0
                0x0800c570                        _hwspinlock_driver_api_list_start = .
 *(SORT_BY_NAME(SORT_BY_ALIGNMENT(._hwspinlock_driver_api.static.*)))
                0x0800c570                        _hwspinlock_driver_api_list_end = .

i2s_driver_api_area
                0x0800c570        0x0
                0x0800c570                        _i2s_driver_api_list_start = .
 *(SORT_BY_NAME(SORT_BY_ALIGNMENT(._i2s_driver_api.static.*)))
                0x0800c570                        _i2s_driver_api_list_end = .

i3c_driver_api_area
                0x0800c570        0x0
                0x0800c570                        _i3c_driver_api_list_start = .
 *(SORT_BY_NAME(SORT_BY_ALIGNMENT(._i3c_driver_api.static.*)))
                0x0800c570                        _i3c_driver_api_list_end = .

ipm_driver_api_area
                0x0800c570        0x0
                0x0800c570                        _ipm_driver_api_list_start = .
 *(SORT_BY_NAME(SORT_BY_ALIGNMENT(._ipm_driver_api.static.*)))
                0x0800c570                        _ipm_driver_api_list_end = .

led_driver_api_area
                0x0800c570        0x0
                0x0800c570                        _led_driver_api_list_start = .
 *(SORT_BY_NAME(SORT_BY_ALIGNMENT(._led_driver_api.static.*)))
                0x0800c570                        _led_driver_api_list_end = .

led_strip_driver_api_area
                0x0800c570        0x0
                0x0800c570                        _led_strip_driver_api_list_start = .
 *(SORT_BY_NAME(SORT_BY_ALIGNMENT(._led_strip_driver_api.static.*)))
                0x0800c570                        _led_strip_driver_api_list_end = .

lora_driver_api_area
                0x0800c570        0x0
                0x0800c570                        _lora_driver_api_list_start = .
 *(SORT_BY_NAME(SORT_BY_ALIGNMENT(._lora_driver_api.static.*)))
                0x0800c570                        _lora_driver_api_list_end = .

mbox_driver_api_area
                0x0800c570        0x0
                0x0800c570                        _mbox_driver_api_list_start = .
 *(SORT_BY_NAME(SORT_BY_ALIGNMENT(._mbox_driver_api.static.*)))
                0x0800c570                        _mbox_driver_api_list_end = .

mdio_driver_api_area
                0x0800c570        0x0
                0x0800c570                        _mdio_driver_api_list_start = .
 *(SORT_BY_NAME(SORT_BY_ALIGNMENT(._mdio_driver_api.static.*)))
                0x0800c570                        _mdio_driver_api_list_end = .

mipi_dbi_driver_api_area
                0x0800c570        0x0
                0x0800c570                        _mipi_dbi_driver_api_list_start = .
 *(SORT_BY_NAME(SORT_BY_ALIGNMENT(._mipi_dbi_driver_api.static.*)))
                0x0800c570                        _mipi_dbi_driver_api_list_end = .

mipi_dsi_driver_api_area
                0x0800c570        0x0
                0x0800c570                        _mipi_dsi_driver_api_list_start = .
 *(SORT_BY_NAME(SORT_BY_ALIGNMENT(._mipi_dsi_driver_api.static.*)))
                0x0800c570                        _mipi_dsi_driver_api_list_end = .

mspi_driver_api_area
                0x0800c570        0x0
                0x0800c570                        _mspi_driver_api_list_start = .
 *(SORT_BY_NAME(SORT_BY_ALIGNMENT(._mspi_driver_api.static.*)))
                0x0800c570                        _mspi_driver_api_list_end = .

opamp_driver_api_area
                0x0800c570        0x0
                0x0800c570                        _opamp_driver_api_list_start = .
 *(SORT_BY_NAME(SORT_BY_ALIGNMENT(._opamp_driver_api.static.*)))
                0x0800c570                        _opamp_driver_api_list_end = .

otp_driver_api_area
                0x0800c570        0x0
                0x0800c570                        _otp_driver_api_list_start = .
 *(SORT_BY_NAME(SORT_BY_ALIGNMENT(._otp_driver_api.static.*)))
                0x0800c570                        _otp_driver_api_list_end = .

peci_driver_api_area
                0x0800c570        0x0
                0x0800c570                        _peci_driver_api_list_start = .
 *(SORT_BY_NAME(SORT_BY_ALIGNMENT(._peci_driver_api.static.*)))
                0x0800c570                        _peci_driver_api_list_end = .

ps2_driver_api_area
                0x0800c570        0x0
                0x0800c570                        _ps2_driver_api_list_start = .
 *(SORT_BY_NAME(SORT_BY_ALIGNMENT(._ps2_driver_api.static.*)))
                0x0800c570                        _ps2_driver_api_list_end = .

ptp_clock_driver_api_area
                0x0800c570        0x0
                0x0800c570                        _ptp_clock_driver_api_list_start = .
 *(SORT_BY_NAME(SORT_BY_ALIGNMENT(._ptp_clock_driver_api.static.*)))
                0x0800c570                        _ptp_clock_driver_api_list_end = .

pwm_driver_api_area
                0x0800c570        0x0
                0x0800c570                        _pwm_driver_api_list_start = .
 *(SORT_BY_NAME(SORT_BY_ALIGNMENT(._pwm_driver_api.static.*)))
                0x0800c570                        _pwm_driver_api_list_end = .

regulator_parent_driver_api_area
                0x0800c570        0x0
                0x0800c570                        _regulator_parent_driver_api_list_start = .
 *(SORT_BY_NAME(SORT_BY_ALIGNMENT(._regulator_parent_driver_api.static.*)))
                0x0800c570                        _regulator_parent_driver_api_list_end = .

regulator_driver_api_area
                0x0800c570        0x0
                0x0800c570                        _regulator_driver_api_list_start = .
 *(SORT_BY_NAME(SORT_BY_ALIGNMENT(._regulator_driver_api.static.*)))
                0x0800c570                        _regulator_driver_api_list_end = .

retained_mem_driver_api_area
                0x0800c570        0x0
                0x0800c570                        _retained_mem_driver_api_list_start = .
 *(SORT_BY_NAME(SORT_BY_ALIGNMENT(._retained_mem_driver_api.static.*)))
                0x0800c570                        _retained_mem_driver_api_list_end = .

rtc_driver_api_area
                0x0800c570        0x0
                0x0800c570                        _rtc_driver_api_list_start = .
 *(SORT_BY_NAME(SORT_BY_ALIGNMENT(._rtc_driver_api.static.*)))
                0x0800c570                        _rtc_driver_api_list_end = .

sdhc_driver_api_area
                0x0800c570        0x0
                0x0800c570                        _sdhc_driver_api_list_start = .
 *(SORT_BY_NAME(SORT_BY_ALIGNMENT(._sdhc_driver_api.static.*)))
                0x0800c570                        _sdhc_driver_api_list_end = .

sensor_driver_api_area
                0x0800c570        0x0
                0x0800c570                        _sensor_driver_api_list_start = .
 *(SORT_BY_NAME(SORT_BY_ALIGNMENT(._sensor_driver_api.static.*)))
                0x0800c570                        _sensor_driver_api_list_end = .

smbus_driver_api_area
                0x0800c570        0x0
                0x0800c570                        _smbus_driver_api_list_start = .
 *(SORT_BY_NAME(SORT_BY_ALIGNMENT(._smbus_driver_api.static.*)))
                0x0800c570                        _smbus_driver_api_list_end = .

syscon_driver_api_area
                0x0800c570        0x0
                0x0800c570                        _syscon_driver_api_list_start = .
 *(SORT_BY_NAME(SORT_BY_ALIGNMENT(._syscon_driver_api.static.*)))
                0x0800c570                        _syscon_driver_api_list_end = .

tee_driver_api_area
                0x0800c570        0x0
                0x0800c570                        _tee_driver_api_list_start = .
 *(SORT_BY_NAME(SORT_BY_ALIGNMENT(._tee_driver_api.static.*)))
                0x0800c570                        _tee_driver_api_list_end = .

uaol_driver_api_area
                0x0800c570        0x0
                0x0800c570                        _uaol_driver_api_list_start = .
 *(SORT_BY_NAME(SORT_BY_ALIGNMENT(._uaol_driver_api.static.*)))
                0x0800c570                        _uaol_driver_api_list_end = .

video_driver_api_area
                0x0800c570        0x0
                0x0800c570                        _video_driver_api_list_start = .
 *(SORT_BY_NAME(SORT_BY_ALIGNMENT(._video_driver_api.static.*)))
                0x0800c570                        _video_driver_api_list_end = .

virtio_driver_api_area
                0x0800c570        0x0
                0x0800c570                        _virtio_driver_api_list_start = .
 *(SORT_BY_NAME(SORT_BY_ALIGNMENT(._virtio_driver_api.static.*)))
                0x0800c570                        _virtio_driver_api_list_end = .

w1_driver_api_area
                0x0800c570        0x0
                0x0800c570                        _w1_driver_api_list_start = .
 *(SORT_BY_NAME(SORT_BY_ALIGNMENT(._w1_driver_api.static.*)))
                0x0800c570                        _w1_driver_api_list_end = .

wdt_driver_api_area
                0x0800c570        0x0
                0x0800c570                        _wdt_driver_api_list_start = .
 *(SORT_BY_NAME(SORT_BY_ALIGNMENT(._wdt_driver_api.static.*)))
                0x0800c570                        _wdt_driver_api_list_end = .

wuc_driver_api_area
                0x0800c570        0x0
                0x0800c570                        _wuc_driver_api_list_start = .
 *(SORT_BY_NAME(SORT_BY_ALIGNMENT(._wuc_driver_api.static.*)))
                0x0800c570                        _wuc_driver_api_list_end = .

can_transceiver_driver_api_area
                0x0800c570        0x0
                0x0800c570                        _can_transceiver_driver_api_list_start = .
 *(SORT_BY_NAME(SORT_BY_ALIGNMENT(._can_transceiver_driver_api.static.*)))
                0x0800c570                        _can_transceiver_driver_api_list_end = .

nrf_clock_control_driver_api_area
                0x0800c570        0x0
                0x0800c570                        _nrf_clock_control_driver_api_list_start = .
 *(SORT_BY_NAME(SORT_BY_ALIGNMENT(._nrf_clock_control_driver_api.static.*)))
                0x0800c570                        _nrf_clock_control_driver_api_list_end = .

i3c_target_driver_api_area
                0x0800c570        0x0
                0x0800c570                        _i3c_target_driver_api_list_start = .
 *(SORT_BY_NAME(SORT_BY_ALIGNMENT(._i3c_target_driver_api.static.*)))
                0x0800c570                        _i3c_target_driver_api_list_end = .

its_driver_api_area
                0x0800c570        0x0
                0x0800c570                        _its_driver_api_list_start = .
 *(SORT_BY_NAME(SORT_BY_ALIGNMENT(._its_driver_api.static.*)))
                0x0800c570                        _its_driver_api_list_end = .

vtd_driver_api_area
                0x0800c570        0x0
                0x0800c570                        _vtd_driver_api_list_start = .
 *(SORT_BY_NAME(SORT_BY_ALIGNMENT(._vtd_driver_api.static.*)))
                0x0800c570                        _vtd_driver_api_list_end = .

renesas_elc_driver_api_area
                0x0800c570        0x0
                0x0800c570                        _renesas_elc_driver_api_list_start = .
 *(SORT_BY_NAME(SORT_BY_ALIGNMENT(._renesas_elc_driver_api.static.*)))
                0x0800c570                        _renesas_elc_driver_api_list_end = .

tgpio_driver_api_area
                0x0800c570        0x0
                0x0800c570                        _tgpio_driver_api_list_start = .
 *(SORT_BY_NAME(SORT_BY_ALIGNMENT(._tgpio_driver_api.static.*)))
                0x0800c570                        _tgpio_driver_api_list_end = .

pcie_ctrl_driver_api_area
                0x0800c570        0x0
                0x0800c570                        _pcie_ctrl_driver_api_list_start = .
 *(SORT_BY_NAME(SORT_BY_ALIGNMENT(._pcie_ctrl_driver_api.static.*)))
                0x0800c570                        _pcie_ctrl_driver_api_list_end = .

pcie_ep_driver_api_area
                0x0800c570        0x0
                0x0800c570                        _pcie_ep_driver_api_list_start = .
 *(SORT_BY_NAME(SORT_BY_ALIGNMENT(._pcie_ep_driver_api.static.*)))
                0x0800c570                        _pcie_ep_driver_api_list_end = .

psi5_driver_api_area
                0x0800c570        0x0
                0x0800c570                        _psi5_driver_api_list_start = .
 *(SORT_BY_NAME(SORT_BY_ALIGNMENT(._psi5_driver_api.static.*)))
                0x0800c570                        _psi5_driver_api_list_end = .

sent_driver_api_area
                0x0800c570        0x0
                0x0800c570                        _sent_driver_api_list_start = .
 *(SORT_BY_NAME(SORT_BY_ALIGNMENT(._sent_driver_api.static.*)))
                0x0800c570                        _sent_driver_api_list_end = .

svc_driver_api_area
                0x0800c570        0x0
                0x0800c570                        _svc_driver_api_list_start = .
 *(SORT_BY_NAME(SORT_BY_ALIGNMENT(._svc_driver_api.static.*)))
                0x0800c570                        _svc_driver_api_list_end = .

stepper_driver_api_area
                0x0800c570        0x0
                0x0800c570                        _stepper_driver_api_list_start = .
 *(SORT_BY_NAME(SORT_BY_ALIGNMENT(._stepper_driver_api.static.*)))
                0x0800c570                        _stepper_driver_api_list_end = .

stepper_ctrl_driver_api_area
                0x0800c570        0x0
                0x0800c570                        _stepper_ctrl_driver_api_list_start = .
 *(SORT_BY_NAME(SORT_BY_ALIGNMENT(._stepper_ctrl_driver_api.static.*)))
                0x0800c570                        _stepper_ctrl_driver_api_list_end = .

uart_driver_api_area