Archive member included to satisfy reference by file (symbol)

app/libapp.a(main.c.obj)      (--whole-archive)
app/libapp.a(bno055.c.obj)    (--whole-archive)
app/libapp.a(bno055_zephyr.c.obj)
                              (--whole-archive)
app/libapp.a(pca9685_zephyr.c.obj)
                              (--whole-archive)
zephyr/libzephyr.a(validate_libc.c.obj)
                              (--whole-archive)
zephyr/libzephyr.a(heap.c.obj)
                              (--whole-archive)
zephyr/libzephyr.a(cbprintf_packaged.c.obj)
                              (--whole-archive)
zephyr/libzephyr.a(clock.c.obj)
                              (--whole-archive)
zephyr/libzephyr.a(printk.c.obj)
                              (--whole-archive)
zephyr/libzephyr.a(cbprintf_complete.c.obj)
                              (--whole-archive)
zephyr/libzephyr.a(assert.c.obj)
                              (--whole-archive)
zephyr/libzephyr.a(dec.c.obj)
                              (--whole-archive)
zephyr/libzephyr.a(hex.c.obj)
                              (--whole-archive)
zephyr/libzephyr.a(rb.c.obj)  (--whole-archive)
zephyr/libzephyr.a(set.c.obj)
                              (--whole-archive)
zephyr/libzephyr.a(timeutil.c.obj)
                              (--whole-archive)
zephyr/libzephyr.a(bitarray.c.obj)
                              (--whole-archive)
zephyr/libzephyr.a(bitmask.c.obj)
                              (--whole-archive)
zephyr/libzephyr.a(getopt.c.obj)
                              (--whole-archive)
zephyr/libzephyr.a(getopt_common.c.obj)
                              (--whole-archive)
zephyr/libzephyr.a(ring_buffer.c.obj)
                              (--whole-archive)
zephyr/libzephyr.a(last_section_id.c.obj)
                              (--whole-archive)
zephyr/libzephyr.a(configs.c.obj)
                              (--whole-archive)
zephyr/libzephyr.a(stm32cube_hal.c.obj)
                              (--whole-archive)
zephyr/libzephyr.a(soc_config.c.obj)
                              (--whole-archive)
zephyr/libzephyr.a(gpioport_mgr.c.obj)
                              (--whole-archive)
zephyr/libzephyr.a(stm32_backup_domain.c.obj)
                              (--whole-archive)
zephyr/libzephyr.a(soc.c.obj)
                              (--whole-archive)
zephyr/libzephyr.a(mem_attr.c.obj)
                              (--whole-archive)
zephyr/libzephyr.a(tracing_none.c.obj)
                              (--whole-archive)
zephyr/libzephyr.a(sem.c.obj)
                              (--whole-archive)
zephyr/libzephyr.a(thread_entry.c.obj)
                              (--whole-archive)
zephyr/arch/common/libarch__common.a(sw_isr_common.c.obj)
                              (--whole-archive)
zephyr/arch/common/libarch__common.a(init.c.obj)
                              (--whole-archive)
zephyr/arch/common/libarch__common.a(xip.c.obj)
                              (--whole-archive)
zephyr/arch/common/libarch__common.a(shared_irq.c.obj)
                              (--whole-archive)
zephyr/arch/arch/arm/core/libarch__arm__core.a(fatal.c.obj)
                              (--whole-archive)
zephyr/arch/arch/arm/core/libarch__arm__core.a(nmi.c.obj)
                              (--whole-archive)
zephyr/arch/arch/arm/core/libarch__arm__core.a(nmi_on_reset.S.obj)
                              (--whole-archive)
zephyr/arch/arch/arm/core/libarch__arm__core.a(tls.c.obj)
                              (--whole-archive)
zephyr/arch/arch/arm/core/cortex_m/libarch__arm__core__cortex_m.a(fault.c.obj)
                              (--whole-archive)
zephyr/arch/arch/arm/core/cortex_m/libarch__arm__core__cortex_m.a(fault_s.S.obj)
                              (--whole-archive)
zephyr/arch/arch/arm/core/cortex_m/libarch__arm__core__cortex_m.a(fpu.c.obj)
                              (--whole-archive)
zephyr/arch/arch/arm/core/cortex_m/libarch__arm__core__cortex_m.a(reset.S.obj)
                              (--whole-archive)
zephyr/arch/arch/arm/core/cortex_m/libarch__arm__core__cortex_m.a(scb.c.obj)
                              (--whole-archive)
zephyr/arch/arch/arm/core/cortex_m/libarch__arm__core__cortex_m.a(vector_table.S.obj)
                              (--whole-archive)
zephyr/arch/arch/arm/core/cortex_m/libarch__arm__core__cortex_m.a(svc.S.obj)
                              (--whole-archive)
zephyr/arch/arch/arm/core/cortex_m/libarch__arm__core__cortex_m.a(irq_manage.c.obj)
                              (--whole-archive)
zephyr/arch/arch/arm/core/cortex_m/libarch__arm__core__cortex_m.a(prep_c.c.obj)
                              (--whole-archive)
zephyr/arch/arch/arm/core/cortex_m/libarch__arm__core__cortex_m.a(thread.c.obj)
                              (--whole-archive)
zephyr/arch/arch/arm/core/cortex_m/libarch__arm__core__cortex_m.a(cpu_idle.c.obj)
                              (--whole-archive)
zephyr/arch/arch/arm/core/cortex_m/libarch__arm__core__cortex_m.a(exc_exit.c.obj)
[...]
Memory Configuration

Name             Origin             Length             Attributes
FLASH            0x08000000         0x00100000         xr
RAM              0x20000000         0x00020000         xw
SRAM0            0x20000000         0x00020000         rw
DTCM             0x10000000         0x00010000         rw
IDT_LIST         0xffff7fff         0x00008000         xw
*default*        0x00000000         0xffffffff

Linker script and memory map

                0x080056cc                        vfprintf = __d_vfprintf
                0x00000000                        vfscanf = __d_vfscanf
LOAD zephyr/CMakeFiles/zephyr_final.dir/misc/empty_file.c.obj
LOAD zephyr/CMakeFiles/zephyr_final.dir/isr_tables.c.obj
LOAD zephyr/CMakeFiles/offsets.dir/./arch/arm/core/offsets/offsets.c.obj
LOAD app/libapp.a
LOAD zephyr/libzephyr.a
LOAD zephyr/arch/common/libarch__common.a
LOAD zephyr/arch/arch/arm/core/libarch__arm__core.a
LOAD zephyr/arch/arch/arm/core/cortex_m/libarch__arm__core__cortex_m.a
LOAD zephyr/arch/arch/arm/core/mpu/libarch__arm__core__mpu.a
LOAD zephyr/lib/libc/picolibc/liblib__libc__picolibc.a
LOAD zephyr/lib/libc/common/liblib__libc__common.a
LOAD zephyr/subsys/portability/posix/c_lib_ext/libsubsys__portability__posix__c_lib_ext.a
LOAD zephyr/drivers/interrupt_controller/libdrivers__interrupt_controller.a
LOAD zephyr/drivers/adc/libdrivers__adc.a
LOAD zephyr/drivers/can/libdrivers__can.a
LOAD zephyr/drivers/clock_control/libdrivers__clock_control.a
LOAD zephyr/drivers/console/libdrivers__console.a
LOAD zephyr/drivers/gpio/libdrivers__gpio.a
LOAD zephyr/drivers/i2c/libdrivers__i2c.a
LOAD zephyr/drivers/pinctrl/libdrivers__pinctrl.a
LOAD zephyr/drivers/reset/libdrivers__reset.a
LOAD zephyr/drivers/serial/libdrivers__serial.a
LOAD zephyr/drivers/spi/libdrivers__spi.a
LOAD zephyr/drivers/timer/libdrivers__timer.a
LOAD modules/hal_stm32/stm32cube/lib..__modules__hal__stm32__stm32cube.a
LOAD zephyr/kernel/libkernel.a
LOAD zephyr/arch/common/libisr_tables.a
LOAD /home/tuangaooo/zephyr-sdk-1.0.1/gnu/arm-zephyr-eabi/bin/../lib/gcc/arm-zephyr-eabi/14.3.0/../../../../arm-zephyr-eabi/lib/thumb/v7e-m+fp/hard/space/libc.a
LOAD /home/tuangaooo/zephyr-sdk-1.0.1/gnu/arm-zephyr-eabi/bin/../lib/gcc/arm-zephyr-eabi/14.3.0/thumb/v7e-m+fp/hard/space/libgcc.a
                0x00000080                        _region_min_align = 0x80

.rel.plt        0x08000000        0x0
 *(SORT_BY_ALIGNMENT(.rel.plt))
                [!provide]                        PROVIDE (__rel_iplt_start = .)
 *(SORT_BY_ALIGNMENT(.rel.iplt))
 .rel.iplt      0x08000000        0x0 zephyr/CMakeFiles/zephyr_final.dir/isr_tables.c.obj
                [!provide]                        PROVIDE (__rel_iplt_end = .)

.rela.plt       0x00000000        0x0
 *(SORT_BY_ALIGNMENT(.rela.plt))
                [!provide]                        PROVIDE (__rela_iplt_start = .)
 *(SORT_BY_ALIGNMENT(.rela.iplt))
                [!provide]                        PROVIDE (__rela_iplt_end = .)

.rel.dyn
 *(SORT_BY_ALIGNMENT(.rel.*))

.rela.dyn
 *(SORT_BY_ALIGNMENT(.rela.*))

/DISCARD/
 *(SORT_BY_ALIGNMENT(.plt))

/DISCARD/
 *(SORT_BY_ALIGNMENT(.iplt))
                0x08000000                        __rom_region_start = 0x8000000

rom_start       0x08000000      0x15c
                0x08000000                        __rom_start_address = .
 FILL mask 0x00
                0x08000000                        . = (. + (0x0 - (. - __rom_start_address)))
                0x08000000                        . = ALIGN (0x4)
                0x08000000                        . = ALIGN (0x80)
                0x08000000                        . = ALIGN (0x200)
                0x08000000                        _vector_start = .
 *(SORT_BY_ALIGNMENT(.exc_vector_table))
 *(SORT_BY_ALIGNMENT(.exc_vector_table.*))
 .exc_vector_table._vector_table_section
                0x08000000       0x40 zephyr/arch/arch/arm/core/cortex_m/libarch__arm__core__cortex_m.a(vector_table.S.obj)
                0x08000000                _vector_table
 *(SORT_BY_ALIGNMENT(.vectors))
                0x0800015c                        _vector_end = .
                0x08000040                        . = ALIGN (0x4)
 *(SORT_BY_ALIGNMENT(.gnu.linkonce.irq_vector_table*))
 .gnu.linkonce.irq_vector_table
                0x08000040      0x11c zephyr/CMakeFiles/zephyr_final.dir/isr_tables.c.obj
                0x08000040                _irq_vector_table
                0x0800015c                        _vector_end = .

text            0x08000160     0x9154
                0x08000160                        __text_region_start = .
 *(SORT_BY_ALIGNMENT(.text))
 .text          0x08000160      0x378 /home/tuangaooo/zephyr-sdk-1.0.1/gnu/arm-zephyr-eabi/bin/../lib/gcc/arm-zephyr-eabi/14.3.0/thumb/v7e-m+fp/hard/space/libgcc.a(_arm_addsubdf3.o)
                0x08000160                __aeabi_drsub
                0x08000168                __aeabi_dsub
                0x08000168                __subdf3
                0x0800016c                __adddf3
                0x0800016c                __aeabi_dadd
                0x080003e4                __aeabi_ui2d
                0x080003e4                __floatunsidf
                0x08000404                __floatsidf
                0x08000404                __aeabi_i2d
                0x08000428                __extendsfdf2
                0x08000428                __aeabi_f2d
                0x0800046c                __aeabi_ul2d
                0x0800046c                __floatundidf
                0x0800047c                __floatdidf
                0x0800047c                __aeabi_l2d
 .text          0x080004d8      0x424 /home/tuangaooo/zephyr-sdk-1.0.1/gnu/arm-zephyr-eabi/bin/../lib/gcc/arm-zephyr-eabi/14.3.0/thumb/v7e-m+fp/hard/space/libgcc.a(_arm_muldivdf3.o)
                0x080004d8                __aeabi_dmul
                0x080004d8                __muldf3
                0x0800072c                __aeabi_ddiv
                0x0800072c                __divdf3
 .text          0x080008fc       0x50 /home/tuangaooo/zephyr-sdk-1.0.1/gnu/arm-zephyr-eabi/bin/../lib/gcc/arm-zephyr-eabi/14.3.0/thumb/v7e-m+fp/hard/space/libgcc.a(_arm_fixdfsi.o)
                0x080008fc                __fixdfsi
                0x080008fc                __aeabi_d2iz
 .text          0x0800094c       0x30 /home/tuangaooo/zephyr-sdk-1.0.1/gnu/arm-zephyr-eabi/bin/../lib/gcc/arm-zephyr-eabi/14.3.0/thumb/v7e-m+fp/hard/space/libgcc.a(_aeabi_uldivmod.o)
                0x0800094c                __aeabi_uldivmod
 .text          0x0800097c        0x4 /home/tuangaooo/zephyr-sdk-1.0.1/gnu/arm-zephyr-eabi/bin/../lib/gcc/arm-zephyr-eabi/14.3.0/thumb/v7e-m+fp/hard/space/libgcc.a(_dvmd_tls.o)
                0x0800097c                __aeabi_ldiv0
                0x0800097c                __aeabi_idiv0
 .text          0x08000980       0x26 /home/tuangaooo/zephyr-sdk-1.0.1/gnu/arm-zephyr-eabi/bin/../lib/gcc/arm-zephyr-eabi/14.3.0/thumb/v7e-m+fp/hard/space/libgcc.a(_popcountsi2.o)
                0x08000980                __popcountsi2
 .text          0x080009a6      0x2bc /home/tuangaooo/zephyr-sdk-1.0.1/gnu/arm-zephyr-eabi/bin/../lib/gcc/arm-zephyr-eabi/14.3.0/thumb/v7e-m+fp/hard/space/libgcc.a(_udivmoddi4.o)
                0x080009a6                __udivmoddi4
 *(SORT_BY_ALIGNMENT(.text.*))
 *fill*         0x08000c62        0x6 
 .text.bno055_getVector
                0x08000c68      0x148 app/libapp.a(bno055.c.obj)
                0x08000c68                bno055_getVector
 .text.telem_timer_expiry
                0x08000db0        0xc app/libapp.a(main.c.obj)
 .text.adc_thread_fn
                0x08000dbc       0x9c app/libapp.a(main.c.obj)
 .text.uart3_irq_cb
                0x08000e58       0xd0 app/libapp.a(main.c.obj)
 .text.watchdog_thread_fn
                0x08000f28       0x58 app/libapp.a(main.c.obj)
 .text.telem_thread_fn
                0x08000f80       0xc4 app/libapp.a(main.c.obj)
 .text.ctrl_thread_fn
                0x08001044      0x360 app/libapp.a(main.c.obj)
 .text.ctrl_timer_expiry
                0x080013a4        0xc app/libapp.a(main.c.obj)
 .text.watchdog_timer_expiry
                0x080013b0        0xc app/libapp.a(main.c.obj)
 .text.adc_timer_expiry
                0x080013bc        0xc app/libapp.a(main.c.obj)
 .text.main     0x080013c8      0x2ec app/libapp.a(main.c.obj)
                0x080013c8                main
 .text.bno055_assignI2C
                0x080016b4        0xc app/libapp.a(bno055_zephyr.c.obj)
                0x080016b4                bno055_assignI2C
 .text.bno055_writeData
                0x080016c0       0x40 app/libapp.a(bno055_zephyr.c.obj)
                0x080016c0                bno055_writeData
 .text.bno055_readData
                0x08001700       0x4c app/libapp.a(bno055_zephyr.c.obj)
                0x08001700                bno055_readData
 .text.PCA9685_SetPWMFreq_Z
                0x0800174c       0xcc app/libapp.a(pca9685_zephyr.c.obj)
                0x0800174c                PCA9685_SetPWMFreq_Z
 .text.char_out
                0x08001818        0xc zephyr/libzephyr.a(printk.c.obj)
 .text.__printk_hook_install
                0x08001824        0xc zephyr/libzephyr.a(printk.c.obj)
                0x08001824                __printk_hook_install
 .text.vprintk  0x08001830       0x30 zephyr/libzephyr.a(printk.c.obj)
                0x08001830                vprintk
 .text.st_stm32_common_config
                0x08001860       0x14 zephyr/libzephyr.a(soc_config.c.obj)
 .text.stm32_gpioport_init
                0x08001874       0x20 zephyr/libzephyr.a(gpioport_mgr.c.obj)
 .text.stm32_gpioport_get
                0x08001894       0x24 zephyr/libzephyr.a(gpioport_mgr.c.obj)
                0x08001894                stm32_gpioport_get
 .text.soc_early_init_hook
                0x080018b8       0x30 zephyr/libzephyr.a(soc.c.obj)
                0x080018b8                soc_early_init_hook
 .text.mem_attr_get_regions
                0x080018e8        0xc zephyr/libzephyr.a(mem_attr.c.obj)
                0x080018e8                mem_attr_get_regions
 .text.z_thread_entry
                0x080018f4       0x34 zephyr/libzephyr.a(thread_entry.c.obj)
                0x080018f4                z_thread_entry
 .text.arch_bss_zero
                0x08001928       0x2c zephyr/arch/common/libarch__common.a(init.c.obj)
                0x08001928                arch_bss_zero
 .text.arch_data_copy
                0x08001954       0x50 zephyr/arch/common/libarch__common.a(xip.c.obj)
                0x08001954                arch_data_copy
 .text.z_arm_fatal_error
                0x080019a4       0xa4 zephyr/arch/arch/arm/core/libarch__arm__core.a(fatal.c.obj)
                0x080019a4                z_arm_fatal_error
 .text.z_SysNmiOnReset
                0x08001a48        0x8 zephyr/arch/arch/arm/core/libarch__arm__core.a(nmi_on_reset.S.obj)
                0x08001a48                z_SysNmiOnReset
 .text.arch_tls_stack_setup
                0x08001a50       0x40 zephyr/arch/arch/arm/core/libarch__arm__core.a(tls.c.obj)
                0x08001a50                arch_tls_stack_setup
 .text.mem_manage_fault
                0x08001a90       0xf0 zephyr/arch/arch/arm/core/cortex_m/libarch__arm__core__cortex_m.a(fault.c.obj)
 .text.usage_fault.isra.0
                0x08001b80       0x98 zephyr/arch/arch/arm/core/cortex_m/libarch__arm__core__cortex_m.a(fault.c.obj)
 .text.bus_fault.isra.0
                0x08001c18       0xb8 zephyr/arch/arch/arm/core/cortex_m/libarch__arm__core__cortex_m.a(fault.c.obj)
 .text.z_arm_fault
                0x08001cd0      0x19c zephyr/arch/arch/arm/core/cortex_m/libarch__arm__core__cortex_m.a(fault.c.obj)
                0x08001cd0                z_arm_fault
 .text.z_arm_fault_init
                0x08001e6c       0x18 zephyr/arch/arch/arm/core/cortex_m/libarch__arm__core__cortex_m.a(fault.c.obj)
                0x08001e6c                z_arm_fault_init
 .text.__fault  0x08001e84       0x14 zephyr/arch/arch/arm/core/cortex_m/libarch__arm__core__cortex_m.a(fault_s.S.obj)
                0x08001e84                z_arm_bus_fault
                0x08001e84                z_arm_usage_fault
                0x08001e84                z_arm_mpu_fault
                0x08001e84                z_arm_exc_spurious
                0x08001e84                z_arm_debug_monitor
                0x08001e84                z_arm_hard_fault
 .text._reset_section
                0x08001e98       0x34 zephyr/arch/arch/arm/core/cortex_m/libarch__arm__core__cortex_m.a(reset.S.obj)
                0x08001e98                z_arm_reset
                0x08001e98                __start
 .text.z_arm_svc
                0x08001ecc       0x24 zephyr/arch/arch/arm/core/cortex_m/libarch__arm__core__cortex_m.a(svc.S.obj)
                0x08001ecc                z_arm_svc
 .text.arm_irq_enable
                0x08001ef0       0x1c zephyr/arch/arch/arm/core/cortex_m/libarch__arm__core__cortex_m.a(irq_manage.c.obj)
                0x08001ef0                arm_irq_enable
 .text.arm_irq_priority_set
                0x08001f0c       0x30 zephyr/arch/arch/arm/core/cortex_m/libarch__arm__core__cortex_m.a(irq_manage.c.obj)
                0x08001f0c                arm_irq_priority_set
 .text.relocate_vector_table
                0x08001f3c       0x1c zephyr/arch/arch/arm/core/cortex_m/libarch__arm__core__cortex_m.a(prep_c.c.obj)
                0x08001f3c                relocate_vector_table
 .text.z_prep_c
                0x08001f58       0x4c zephyr/arch/arch/arm/core/cortex_m/libarch__arm__core__cortex_m.a(prep_c.c.obj)
                0x08001f58                z_prep_c
 .text.arch_new_thread
                0x08001fa4       0x40 zephyr/arch/arch/arm/core/cortex_m/libarch__arm__core__cortex_m.a(thread.c.obj)
                0x08001fa4                arch_new_thread
 .text.z_arm_mpu_stack_guard_and_fpu_adjust
                0x08001fe4       0x54 zephyr/arch/arch/arm/core/cortex_m/libarch__arm__core__cortex_m.a(thread.c.obj)
                0x08001fe4                z_arm_mpu_stack_guard_and_fpu_adjust
 .text.z_check_thread_stack_fail
                0x08002038       0x30 zephyr/arch/arch/arm/core/cortex_m/libarch__arm__core__cortex_m.a(thread.c.obj)
                0x08002038                z_check_thread_stack_fail
 .text.arch_float_disable
                0x08002068       0x48 zephyr/arch/arch/arm/core/cortex_m/libarch__arm__core__cortex_m.a(thread.c.obj)
                0x08002068                arch_float_disable
 .text.arch_switch_to_main_thread
                0x080020b0       0x58 zephyr/arch/arch/arm/core/cortex_m/libarch__arm__core__cortex_m.a(thread.c.obj)
                0x080020b0                arch_switch_to_main_thread
 .text.z_arm_cpu_idle_init
                0x08002108        0xc zephyr/arch/arch/arm/core/cortex_m/libarch__arm__core__cortex_m.a(cpu_idle.c.obj)
                0x08002108                z_arm_cpu_idle_init
 .text._HandlerModeExit
                0x08002114       0x20 zephyr/arch/arch/arm/core/cortex_m/libarch__arm__core__cortex_m.a(exc_exit.c.obj)
                0x08002114                z_arm_exc_exit
                0x08002114                z_arm_int_exit
 .text.z_impl_k_thread_abort
                0x08002134       0x2c zephyr/arch/arch/arm/core/cortex_m/libarch__arm__core__cortex_m.a(thread_abort.c.obj)
                0x08002134                z_impl_k_thread_abort
 .text.z_arm_pendsv
                0x08002160       0xa0 zephyr/arch/arch/arm/core/cortex_m/libarch__arm__core__cortex_m.a(swap_helper.S.obj)
                0x08002160                z_arm_pendsv
 .text.z_arm_interrupt_init
                0x08002200       0x18 zephyr/arch/arch/arm/core/cortex_m/libarch__arm__core__cortex_m.a(irq_init.c.obj)
                0x08002200                z_arm_interrupt_init
 .text._isr_wrapper
                0x08002218       0x24 zephyr/arch/arch/arm/core/cortex_m/libarch__arm__core__cortex_m.a(isr_wrapper.c.obj)
                0x08002218                _isr_wrapper
 .text.__aeabi_read_tp
                0x0800223c        0xc zephyr/arch/arch/arm/core/cortex_m/libarch__arm__core__cortex_m.a(__aeabi_read_tp.S.obj)
                0x0800223c                __aeabi_read_tp
 .text.z_arm_configure_static_mpu_regions
                0x08002248       0x18 zephyr/arch/arch/arm/core/mpu/libarch__arm__core__mpu.a(arm_core_mpu.c.obj)
                0x08002248                z_arm_configure_static_mpu_regions
 .text.z_arm_configure_dynamic_mpu_regions
                0x08002260       0x2c zephyr/arch/arch/arm/core/mpu/libarch__arm__core__mpu.a(arm_core_mpu.c.obj)
                0x08002260                z_arm_configure_dynamic_mpu_regions
 .text.region_init
                0x0800228c       0x28 zephyr/arch/arch/arm/core/mpu/libarch__arm__core__mpu.a(arm_mpu.c.obj)
 .text.mpu_configure_regions
                0x080022b4       0x6c zephyr/arch/arch/arm/core/mpu/libarch__arm__core__mpu.a(arm_mpu.c.obj)
 .text.arm_core_mpu_enable
                0x08002320       0x18 zephyr/arch/arch/arm/core/mpu/libarch__arm__core__mpu.a(arm_mpu.c.obj)
                0x08002320                arm_core_mpu_enable
 .text.arm_core_mpu_disable
                0x08002338       0x14 zephyr/arch/arch/arm/core/mpu/libarch__arm__core__mpu.a(arm_mpu.c.obj)
                0x08002338                arm_core_mpu_disable
 .text.arm_core_mpu_configure_static_mpu_regions
                0x0800234c       0x14 zephyr/arch/arch/arm/core/mpu/libarch__arm__core__mpu.a(arm_mpu.c.obj)
                0x0800234c                arm_core_mpu_configure_static_mpu_regions
 .text.arm_core_mpu_configure_dynamic_mpu_regions
                0x08002360       0x38 zephyr/arch/arch/arm/core/mpu/libarch__arm__core__mpu.a(arm_mpu.c.obj)
                0x08002360                arm_core_mpu_configure_dynamic_mpu_regions
 .text.z_arm_mpu_init
                0x08002398      0x184 zephyr/arch/arch/arm/core/mpu/libarch__arm__core__mpu.a(arm_mpu.c.obj)
                0x08002398                z_arm_mpu_init
 .text.z_impl_zephyr_fputc
                0x0800251c       0x10 zephyr/lib/libc/picolibc/liblib__libc__picolibc.a(stdio.c.obj)
                0x0800251c                z_impl_zephyr_fputc
 .text.__stdout_hook_install
                0x0800252c       0x18 zephyr/lib/libc/picolibc/liblib__libc__picolibc.a(stdio.c.obj)
                0x0800252c                __stdout_hook_install
 .text.malloc_prepare
                0x08002544       0x24 zephyr/lib/libc/common/liblib__libc__common.a(malloc.c.obj)
 .text.stm32_exti_init
                0x08002568       0x2c zephyr/drivers/interrupt_controller/libdrivers__interrupt_controller.a(intc_exti_stm32.c.obj)
 .text.stm32_exti_is_pending
                0x08002594       0x20 zephyr/drivers/interrupt_controller/libdrivers__interrupt_controller.a(intc_exti_stm32.c.obj)
                0x08002594                stm32_exti_is_pending
 .text.stm32_exti_clear_pending
                0x080025b4       0x20 zephyr/drivers/interrupt_controller/libdrivers__interrupt_controller.a(intc_exti_stm32.c.obj)
                0x080025b4                stm32_exti_clear_pending
 .text.stm32_fill_irq_table
                0x080025d4       0x18 zephyr/drivers/interrupt_controller/libdrivers__interrupt_controller.a(intc_gpio_stm32.c.obj)
 .text.stm32_intc_gpio_isr
                0x080025ec       0x4c zephyr/drivers/interrupt_controller/libdrivers__interrupt_controller.a(intc_gpio_stm32.c.obj)
 .text.stm32_gpio_intc_enable_line
                0x08002638       0x2c zephyr/drivers/interrupt_controller/libdrivers__interrupt_controller.a(intc_gpio_stm32.c.obj)
                0x08002638                stm32_gpio_intc_enable_line
 .text.stm32_gpio_intc_disable_line
                0x08002664       0x10 zephyr/drivers/interrupt_controller/libdrivers__interrupt_controller.a(intc_gpio_stm32.c.obj)
                0x08002664                stm32_gpio_intc_disable_line
 .text.stm32_gpio_intc_select_line_trigger
                0x08002674       0x50 zephyr/drivers/interrupt_controller/libdrivers__interrupt_controller.a(intc_gpio_stm32.c.obj)
                0x08002674                stm32_gpio_intc_select_line_trigger
 .text.stm32_gpio_intc_set_irq_callback
                0x080026c4       0x40 zephyr/drivers/interrupt_controller/libdrivers__interrupt_controller.a(intc_gpio_stm32.c.obj)
                0x080026c4                stm32_gpio_intc_set_irq_callback
 .text.stm32_gpio_intc_remove_irq_callback
                0x08002704       0x24 zephyr/drivers/interrupt_controller/libdrivers__interrupt_controller.a(intc_gpio_stm32.c.obj)
                0x08002704                stm32_gpio_intc_remove_irq_callback
 .text.stm32_exti_get_line_src_port
                0x08002728       0x30 zephyr/drivers/interrupt_controller/libdrivers__interrupt_controller.a(intc_gpio_stm32.c.obj)
                0x08002728                stm32_exti_get_line_src_port
 .text.adc_stm32_channel_setup
                0x08002758       0xc8 zephyr/drivers/adc/libdrivers__adc.a(adc_stm32.c.obj)
 .text.adc_stm32_init
                0x08002820       0xd4 zephyr/drivers/adc/libdrivers__adc.a(adc_stm32.c.obj)
 .text.adc_stm32_isr_18
                0x080028f4       0xd4 zephyr/drivers/adc/libdrivers__adc.a(adc_stm32.c.obj)
 .text.adc_stm32_read_sync
                0x080029c8      0x264 zephyr/drivers/adc/libdrivers__adc.a(adc_stm32.c.obj)
 .text.z_impl_can_send
                0x08002c2c       0x80 zephyr/drivers/can/libdrivers__can.a(can_common.c.obj)
                0x08002c2c                z_impl_can_send
 .text.z_impl_can_calc_timing
                0x08002cac      0x1d4 zephyr/drivers/can/libdrivers__can.a(can_common.c.obj)
                0x08002cac                z_impl_can_calc_timing
 .text.can_stm32_enter_init_mode
                0x08002e80       0x3c zephyr/drivers/can/libdrivers__can.a(can_stm32_bxcan.c.obj)
 .text.can_stm32_get_core_clock
                0x08002ebc       0x20 zephyr/drivers/can/libdrivers__can.a(can_stm32_bxcan.c.obj)
 .text.can_stm32_set_timing
                0x08002edc       0x70 zephyr/drivers/can/libdrivers__can.a(can_stm32_bxcan.c.obj)
 .text.can_stm32_add_rx_filter
                0x08002f4c      0x130 zephyr/drivers/can/libdrivers__can.a(can_stm32_bxcan.c.obj)
 .text.can_stm32_init
                0x0800307c      0x14c zephyr/drivers/can/libdrivers__can.a(can_stm32_bxcan.c.obj)
 .text.can_stm32_remove_rx_filter
                0x080031c8      0x108 zephyr/drivers/can/libdrivers__can.a(can_stm32_bxcan.c.obj)
 .text.can_stm32_start
                0x080032d0       0x8c zephyr/drivers/can/libdrivers__can.a(can_stm32_bxcan.c.obj)
 .text.stm32_clock_control_get_subsys_rate
                0x0800335c       0xac zephyr/drivers/clock_control/libdrivers__clock_control.a(clock_stm32_ll_common.c.obj)
 .text.enabled_clock
                0x08003408       0x20 zephyr/drivers/clock_control/libdrivers__clock_control.a(clock_stm32_ll_common.c.obj)
                0x08003408                enabled_clock
 .text.stm32_clock_control_init
                0x08003428      0x124 zephyr/drivers/clock_control/libdrivers__clock_control.a(clock_stm32_ll_common.c.obj)
                0x08003428                stm32_clock_control_init
 .text.get_pllsrc_frequency
                0x0800354c        0x8 zephyr/drivers/clock_control/libdrivers__clock_control.a(clock_stm32f2_f4_f7.c.obj)
                0x0800354c                get_pllsrc_frequency
 .text.config_pll_sysclock
                0x08003554       0x38 zephyr/drivers/clock_control/libdrivers__clock_control.a(clock_stm32f2_f4_f7.c.obj)
                0x08003554                config_pll_sysclock
 .text.config_enable_default_clocks
                0x0800358c       0x20 zephyr/drivers/clock_control/libdrivers__clock_control.a(clock_stm32f2_f4_f7.c.obj)
                0x0800358c                config_enable_default_clocks
 .text.uart_console_init
                0x080035ac       0x28 zephyr/drivers/console/libdrivers__console.a(uart_console.c.obj)
 .text.console_out
                0x080035d4       0x28 zephyr/drivers/console/libdrivers__console.a(uart_console.c.obj)
 .text.gpio_stm32_pin_interrupt_configure
                0x080035fc       0xac zephyr/drivers/gpio/libdrivers__gpio.a(gpio_stm32.c.obj)
 .text.i2c_stm32_runtime_configure
                0x080036a8       0x74 zephyr/drivers/i2c/libdrivers__i2c.a(i2c_stm32.c.obj)
                0x080036a8                i2c_stm32_runtime_configure
 .text.i2c_stm32_init
                0x0800371c       0x9c zephyr/drivers/i2c/libdrivers__i2c.a(i2c_stm32.c.obj)
 .text.i2c_stm32_activate
                0x080037b8       0x3c zephyr/drivers/i2c/libdrivers__i2c.a(i2c_stm32_common.c.obj)
                0x080037b8                i2c_stm32_activate
 .text.i2c_stm32_configure_timing
                0x080037f4       0xa8 zephyr/drivers/i2c/libdrivers__i2c.a(i2c_stm32_v1.c.obj)
                0x080037f4                i2c_stm32_configure_timing
 .text.uart_stm32_irq_err_enable
                0x0800389c       0x70 zephyr/drivers/serial/libdrivers__serial.a(uart_stm32.c.obj)
 .text.uart_stm32_irq_err_disable
                0x0800390c       0x70 zephyr/drivers/serial/libdrivers__serial.a(uart_stm32.c.obj)
 .text.uart_stm32_parameters_set
                0x0800397c      0x104 zephyr/drivers/serial/libdrivers__serial.a(uart_stm32.c.obj)
 .text.uart_stm32_configure
                0x08003a80       0xe4 zephyr/drivers/serial/libdrivers__serial.a(uart_stm32.c.obj)
 .text.spi_stm32_init
                0x08003b64       0x50 zephyr/drivers/spi/libdrivers__spi.a(spi_stm32.c.obj)
 .text.spi_stm32_transceive_sync
                0x08003bb4      0x3d8 zephyr/drivers/spi/libdrivers__spi.a(spi_stm32.c.obj)
 .text.elapsed  0x08003f8c       0x44 zephyr/drivers/timer/libdrivers__timer.a(cortex_m_systick.c.obj)
 .text.sys_clock_driver_init
                0x08003fd0       0x34 zephyr/drivers/timer/libdrivers__timer.a(cortex_m_systick.c.obj)
 .text.sys_clock_isr
                0x08004004       0x6c zephyr/drivers/timer/libdrivers__timer.a(cortex_m_systick.c.obj)
                0x08004004                sys_clock_isr
 .text.sys_clock_set_timeout
                0x08004070       0xf4 zephyr/drivers/timer/libdrivers__timer.a(cortex_m_systick.c.obj)
                0x08004070                sys_clock_set_timeout
 .text.sys_clock_elapsed
                0x08004164       0x3c zephyr/drivers/timer/libdrivers__timer.a(cortex_m_systick.c.obj)
                0x08004164                sys_clock_elapsed
 .text.sys_clock_cycle_get_32
                0x080041a0       0x28 zephyr/drivers/timer/libdrivers__timer.a(cortex_m_systick.c.obj)
                0x080041a0                sys_clock_cycle_get_32
 .text.HAL_RCC_GetSysClockFreq
                0x080041c8       0x5c modules/hal_stm32/stm32cube/lib..__modules__hal__stm32__stm32cube.a(stm32f4xx_hal_rcc.c.obj)
                0x080041c8                HAL_RCC_GetSysClockFreq
 .text.LL_SetFlashLatency
                0x08004224       0xcc modules/hal_stm32/stm32cube/lib..__modules__hal__stm32__stm32cube.a(stm32f4xx_ll_utils.c.obj)
                0x08004224                LL_SetFlashLatency
 .text.z_fatal_error
                0x080042f0       0x30 zephyr/kernel/libkernel.a(fatal.c.obj)
                0x080042f0                z_fatal_error
 .text.z_sys_init_run_level
                0x08004320       0x30 zephyr/kernel/libkernel.a(init.c.obj)
 .text.bg_thread_main
                0x08004350       0xc0 zephyr/kernel/libkernel.a(init.c.obj)
 .text.z_init_cpu
                0x08004410       0x74 zephyr/kernel/libkernel.a(init.c.obj)
                0x08004410                z_init_cpu
 .text.z_cstart
                0x08004484       0xcc zephyr/kernel/libkernel.a(init.c.obj)
                0x08004484                z_cstart
 .text.z_impl_k_mutex_lock
                0x08004550       0xe4 zephyr/kernel/libkernel.a(mutex.c.obj)
                0x08004550                z_impl_k_mutex_lock
 .text.z_impl_k_mutex_unlock
                0x08004634       0xa0 zephyr/kernel/libkernel.a(mutex.c.obj)
                0x08004634                z_impl_k_mutex_unlock
 .text.z_impl_k_sem_give
                0x080046d4       0x68 zephyr/kernel/libkernel.a(sem.c.obj)
                0x080046d4                z_impl_k_sem_give
 .text.z_impl_k_sem_take
                0x0800473c       0x4c zephyr/kernel/libkernel.a(sem.c.obj)
                0x0800473c                z_impl_k_sem_take
 .text.z_impl_k_sem_reset
                0x08004788       0x70 zephyr/kernel/libkernel.a(sem.c.obj)
                0x08004788                z_impl_k_sem_reset
 .text.z_impl_k_thread_name_set
                0x080047f8       0x20 zephyr/kernel/libkernel.a(thread.c.obj)
                0x080047f8                z_impl_k_thread_name_set
 .text.z_setup_new_thread
                0x08004818       0xb8 zephyr/kernel/libkernel.a(thread.c.obj)
                0x08004818                z_setup_new_thread
 .text.z_impl_k_thread_create
                0x080048d0       0x58 zephyr/kernel/libkernel.a(thread.c.obj)
                0x080048d0                z_impl_k_thread_create
 .text.z_dummy_thread_init
                0x08004928       0x20 zephyr/kernel/libkernel.a(thread.c.obj)
                0x08004928                z_dummy_thread_init
 .text.z_swap_irqlock
                0x08004948       0x34 zephyr/kernel/libkernel.a(sched.c.obj)
 .text.ready_thread
                0x0800497c       0x94 zephyr/kernel/libkernel.a(sched.c.obj)
 .text.unready_thread
                0x08004a10       0xa4 zephyr/kernel/libkernel.a(sched.c.obj)
 .text.add_thread_timeout
                0x08004ab4       0x1c zephyr/kernel/libkernel.a(sched.c.obj)
 .text.reschedule.isra.0
                0x08004ad0       0x28 zephyr/kernel/libkernel.a(sched.c.obj)
 .text.move_current_to_end_of_prio_q
                0x08004af8       0x58 zephyr/kernel/libkernel.a(sched.c.obj)
                0x08004af8                move_current_to_end_of_prio_q
 .text.z_pend_curr
                0x08004b50       0x44 zephyr/kernel/libkernel.a(sched.c.obj)
                0x08004b50                z_pend_curr
 .text.z_thread_prio_set
                0x08004b94      0x140 zephyr/kernel/libkernel.a(sched.c.obj)
                0x08004b94                z_thread_prio_set
 .text.k_sched_lock
                0x08004cd4       0x28 zephyr/kernel/libkernel.a(sched.c.obj)
                0x08004cd4                k_sched_lock
 .text.k_sched_unlock
                0x08004cfc       0x60 zephyr/kernel/libkernel.a(sched.c.obj)
                0x08004cfc                k_sched_unlock
 .text.z_sched_init
                0x08004d5c        0xc zephyr/kernel/libkernel.a(sched.c.obj)
                0x08004d5c                z_sched_init
 .text.z_impl_k_yield
                0x08004d68       0x6c zephyr/kernel/libkernel.a(sched.c.obj)
                0x08004d68                z_impl_k_yield
 .text.z_tick_sleep
                0x08004dd4       0x78 zephyr/kernel/libkernel.a(sched.c.obj)
 .text.z_impl_k_sched_current_thread_query
                0x08004e4c        0xc zephyr/kernel/libkernel.a(sched.c.obj)
                0x08004e4c                z_impl_k_sched_current_thread_query
 .text.z_thread_abort
                0x08004e58      0x18c zephyr/kernel/libkernel.a(sched.c.obj)
                0x08004e58                z_thread_abort
 .text.z_time_slice_size
                0x08004fe4       0x40 zephyr/kernel/libkernel.a(timeslicing.c.obj)
 .text.slice_timeout
                0x08005024       0x20 zephyr/kernel/libkernel.a(timeslicing.c.obj)
 .text.z_reset_time_slice
                0x08005044       0x44 zephyr/kernel/libkernel.a(timeslicing.c.obj)
                0x08005044                z_reset_time_slice
 .text.z_time_slice
                0x08005088       0x5c zephyr/kernel/libkernel.a(timeslicing.c.obj)
                0x08005088                z_time_slice
 .text.first    0x080050e4       0x10 zephyr/kernel/libkernel.a(timeout.c.obj)
 .text.elapsed  0x080050f4       0x14 zephyr/kernel/libkernel.a(timeout.c.obj)
 .text.remove_timeout
                0x08005108       0x38 zephyr/kernel/libkernel.a(timeout.c.obj)
 .text.z_add_timeout
                0x08005140      0x120 zephyr/kernel/libkernel.a(timeout.c.obj)
                0x08005140                z_add_timeout
 .text.sys_clock_announce_locked
                0x08005260       0xb0 zephyr/kernel/libkernel.a(timeout.c.obj)
                0x08005260                sys_clock_announce_locked
 .text.sys_clock_tick_get
                0x08005310       0x30 zephyr/kernel/libkernel.a(timeout.c.obj)
                0x08005310                sys_clock_tick_get
 .text.z_timer_expiration_handler
                0x08005340      0x10c zephyr/kernel/libkernel.a(timer.c.obj)
                0x08005340                z_timer_expiration_handler
 .text.z_impl_k_timer_start
                0x0800544c       0x70 zephyr/kernel/libkernel.a(timer.c.obj)
                0x0800544c                z_impl_k_timer_start
 .text.z_impl_k_timer_stop
                0x080054bc       0x60 zephyr/kernel/libkernel.a(timer.c.obj)
                0x080054bc                z_impl_k_timer_stop
 .text.k_thread_system_pool_assign
                0x0800551c        0xc zephyr/kernel/libkernel.a(mempool.c.obj)
                0x0800551c                k_thread_system_pool_assign
 .text.boot_banner
                0x08005528        0xc zephyr/kernel/libkernel.a(banner.c.obj)
                0x08005528                boot_banner
 .text.statics_init
                0x08005534       0x24 zephyr/kernel/libkernel.a(kheap.c.obj)
 .text.snprintf
                0x08005558       0x54 /home/tuangaooo/zephyr-sdk-1.0.1/gnu/arm-zephyr-eabi/bin/../lib/gcc/arm-zephyr-eabi/14.3.0/../../../../arm-zephyr-eabi/lib/thumb/v7e-m+fp/hard/space/libc.a(libc_tinystdio_snprintf.c.o)
                0x08005558                snprintf
 .text.skip_to_arg
                0x080055ac      0x120 /home/tuangaooo/zephyr-sdk-1.0.1/gnu/arm-zephyr-eabi/bin/../lib/gcc/arm-zephyr-eabi/14.3.0/../../../../arm-zephyr-eabi/lib/thumb/v7e-m+fp/hard/space/libc.a(libc_tinystdio_vfprintf.c.o)
 .text.vfprintf
                0x080056cc      0x95c /home/tuangaooo/zephyr-sdk-1.0.1/gnu/arm-zephyr-eabi/bin/../lib/gcc/arm-zephyr-eabi/14.3.0/../../../../arm-zephyr-eabi/lib/thumb/v7e-m+fp/hard/space/libc.a(libc_tinystdio_vfprintf.c.o)
                0x080056cc                __d_vfprintf
 .text.div10    0x08006028       0x28 /home/tuangaooo/zephyr-sdk-1.0.1/gnu/arm-zephyr-eabi/bin/../lib/gcc/arm-zephyr-eabi/14.3.0/../../../../arm-zephyr-eabi/lib/thumb/v7e-m+fp/hard/space/libc.a(libc_tinystdio_dtoa_ryu.c.o)
 .text.__dtoa_engine
                0x08006050      0x474 /home/tuangaooo/zephyr-sdk-1.0.1/gnu/arm-zephyr-eabi/bin/../lib/gcc/arm-zephyr-eabi/14.3.0/../../../../arm-zephyr-eabi/lib/thumb/v7e-m+fp/hard/space/libc.a(libc_tinystdio_dtoa_ryu.c.o)
                0x08006050                __dtoa_engine
 .text.__log10Pow2
                0x080064c4        0xc /home/tuangaooo/zephyr-sdk-1.0.1/gnu/arm-zephyr-eabi/bin/../lib/gcc/arm-zephyr-eabi/14.3.0/../../../../arm-zephyr-eabi/lib/thumb/v7e-m+fp/hard/space/libc.a(libc_tinystdio_ryu_log10.c.o)
                0x080064c4                __log10Pow2
 .text.__log10Pow5
                0x080064d0        0xc /home/tuangaooo/zephyr-sdk-1.0.1/gnu/arm-zephyr-eabi/bin/../lib/gcc/arm-zephyr-eabi/14.3.0/../../../../arm-zephyr-eabi/lib/thumb/v7e-m+fp/hard/space/libc.a(libc_tinystdio_ryu_log10.c.o)
                0x080064d0                __log10Pow5
 .text.__pow5bits
                0x080064dc       0x10 /home/tuangaooo/zephyr-sdk-1.0.1/gnu/arm-zephyr-eabi/bin/../lib/gcc/arm-zephyr-eabi/14.3.0/../../../../arm-zephyr-eabi/lib/thumb/v7e-m+fp/hard/space/libc.a(libc_tinystdio_ryu_pow5bits.c.o)
                0x080064dc                __pow5bits
 .text.__pow5Factor
                0x080064ec       0x30 /home/tuangaooo/zephyr-sdk-1.0.1/gnu/arm-zephyr-eabi/bin/../lib/gcc/arm-zephyr-eabi/14.3.0/../../../../arm-zephyr-eabi/lib/thumb/v7e-m+fp/hard/space/libc.a(libc_tinystdio_ryu_table.c.o)
                0x080064ec                __pow5Factor
 .text.__double_computePow5
                0x0800651c       0xe8 /home/tuangaooo/zephyr-sdk-1.0.1/gnu/arm-zephyr-eabi/bin/../lib/gcc/arm-zephyr-eabi/14.3.0/../../../../arm-zephyr-eabi/lib/thumb/v7e-m+fp/hard/space/libc.a(libc_tinystdio_ryu_table.c.o)
                0x0800651c                __double_computePow5
 .text.__double_computeInvPow5
                0x08006604       0xf8 /home/tuangaooo/zephyr-sdk-1.0.1/gnu/arm-zephyr-eabi/bin/../lib/gcc/arm-zephyr-eabi/14.3.0/../../../../arm-zephyr-eabi/lib/thumb/v7e-m+fp/hard/space/libc.a(libc_tinystdio_ryu_table.c.o)
                0x08006604                __double_computeInvPow5
 .text.cosf     0x080066fc       0x74 /home/tuangaooo/zephyr-sdk-1.0.1/gnu/arm-zephyr-eabi/bin/../lib/gcc/arm-zephyr-eabi/14.3.0/../../../../arm-zephyr-eabi/lib/thumb/v7e-m+fp/hard/space/libc.a(libm_math_sf_cos.c.o)
                0x080066fc                cosf
                0x080066fc                _cosf
 .text.__rem_pio2f
                0x08006770      0x254 /home/tuangaooo/zephyr-sdk-1.0.1/gnu/arm-zephyr-eabi/bin/../lib/gcc/arm-zephyr-eabi/14.3.0/../../../../arm-zephyr-eabi/lib/thumb/v7e-m+fp/hard/space/libc.a(libm_math_sf_rem_pio2.c.o)
                0x08006770                __rem_pio2f
 .text.sinf     0x080069c4       0x78 /home/tuangaooo/zephyr-sdk-1.0.1/gnu/arm-zephyr-eabi/bin/../lib/gcc/arm-zephyr-eabi/14.3.0/../../../../arm-zephyr-eabi/lib/thumb/v7e-m+fp/hard/space/libc.a(libm_math_sf_sin.c.o)
                0x080069c4                _sinf
                0x080069c4                sinf
 .text.__math_invalidf
                0x08006a3c       0x28 /home/tuangaooo/zephyr-sdk-1.0.1/gnu/arm-zephyr-eabi/bin/../lib/gcc/arm-zephyr-eabi/14.3.0/../../../../arm-zephyr-eabi/lib/thumb/v7e-m+fp/hard/space/libc.a(libm_common_math_errf_invalidf.c.o)
                0x08006a3c                __math_invalidf
 .text.__kernel_cosf
                0x08006a64       0xb0 /home/tuangaooo/zephyr-sdk-1.0.1/gnu/arm-zephyr-eabi/bin/../lib/gcc/arm-zephyr-eabi/14.3.0/../../../../arm-zephyr-eabi/lib/thumb/v7e-m+fp/hard/space/libc.a(libm_math_kf_cos.c.o)
                0x08006a64                __kernel_cosf
 .text.__kernel_rem_pio2f
                0x08006b14      0x4cc /home/tuangaooo/zephyr-sdk-1.0.1/gnu/arm-zephyr-eabi/bin/../lib/gcc/arm-zephyr-eabi/14.3.0/../../../../arm-zephyr-eabi/lib/thumb/v7e-m+fp/hard/space/libc.a(libm_math_kf_rem_pio2.c.o)
                0x08006b14                __kernel_rem_pio2f
 .text.__kernel_sinf
                0x08006fe0       0x90 /home/tuangaooo/zephyr-sdk-1.0.1/gnu/arm-zephyr-eabi/bin/../lib/gcc/arm-zephyr-eabi/14.3.0/../../../../arm-zephyr-eabi/lib/thumb/v7e-m+fp/hard/space/libc.a(libm_math_kf_sin.c.o)
                0x08006fe0                __kernel_sinf
 .text.__math_inexactf
                0x08007070       0x1c /home/tuangaooo/zephyr-sdk-1.0.1/gnu/arm-zephyr-eabi/bin/../lib/gcc/arm-zephyr-eabi/14.3.0/../../../../arm-zephyr-eabi/lib/thumb/v7e-m+fp/hard/space/libc.a(libm_common_math_inexactf.c.o)
                0x08007070                __math_inexactf
 .text.scalbnf  0x0800708c       0x8c /home/tuangaooo/zephyr-sdk-1.0.1/gnu/arm-zephyr-eabi/bin/../lib/gcc/arm-zephyr-eabi/14.3.0/../../../../arm-zephyr-eabi/lib/thumb/v7e-m+fp/hard/space/libc.a(libm_common_sf_scalbn.c.o)
                0x0800708c                ldexpf
                0x0800708c                scalbnf
 .text.__math_uflowf
                0x08007118       0x20 /home/tuangaooo/zephyr-sdk-1.0.1/gnu/arm-zephyr-eabi/bin/../lib/gcc/arm-zephyr-eabi/14.3.0/../../../../arm-zephyr-eabi/lib/thumb/v7e-m+fp/hard/space/libc.a(libm_common_math_errf_uflowf.c.o)
                0x08007118                __math_uflowf
 .text.__math_oflowf
                0x08007138       0x20 /home/tuangaooo/zephyr-sdk-1.0.1/gnu/arm-zephyr-eabi/bin/../lib/gcc/arm-zephyr-eabi/14.3.0/../../../../arm-zephyr-eabi/lib/thumb/v7e-m+fp/hard/space/libc.a(libm_common_math_errf_oflowf.c.o)
                0x08007138                __math_oflowf
 .text.floorf   0x08007158       0x60 /home/tuangaooo/zephyr-sdk-1.0.1/gnu/arm-zephyr-eabi/bin/../lib/gcc/arm-zephyr-eabi/14.3.0/../../../../arm-zephyr-eabi/lib/thumb/v7e-m+fp/hard/space/libc.a(libm_machine_arm_sf_floor.c.o)
                0x08007158                floorf
 .text._OffsetAbsSyms
                0x080071b8        0x2 zephyr/CMakeFiles/offsets.dir/./arch/arm/core/offsets/offsets.c.obj
                0x080071b8                _OffsetAbsSyms
 .text.device_is_ready
                0x080071ba        0x4 app/libapp.a(main.c.obj)
 .text.atomic_get
                0x080071be        0xc app/libapp.a(main.c.obj)
 .text.gpio_pin_set_dt.isra.0
                0x080071ca       0x28 app/libapp.a(main.c.obj)
 .text.gpio_pin_configure_dt.constprop.0.isra.0
                0x080071f2       0x34 app/libapp.a(main.c.obj)
 .text.k_msleep.isra.0
                0x08007226        0xa app/libapp.a(main.c.obj)
 .text.atomic_set.isra.0
                0x08007230       0x16 app/libapp.a(main.c.obj)
 .text.bno055_setPage
                0x08007246        0x8 app/libapp.a(bno055.c.obj)
                0x08007246                bno055_setPage
 .text.bno055_setOperationMode
                0x0800724e       0x1c app/libapp.a(bno055.c.obj)
                0x0800724e                bno055_setOperationMode
 .text.bno055_setOperationModeConfig
                0x0800726a        0x6 app/libapp.a(bno055.c.obj)
                0x0800726a                bno055_setOperationModeConfig
 .text.bno055_setOperationModeNDOF
                0x08007270        0x6 app/libapp.a(bno055.c.obj)
                0x08007270                bno055_setOperationModeNDOF
 .text.bno055_reset
                0x08007276       0x16 app/libapp.a(bno055.c.obj)
                0x08007276                bno055_reset
 .text.bno055_setup
                0x0800728c       0x34 app/libapp.a(bno055.c.obj)
                0x0800728c                bno055_setup
 .text.bno055_getVectorEuler
                0x080072c0        0xa app/libapp.a(bno055.c.obj)
                0x080072c0                bno055_getVectorEuler
 .text.bno055_delay
                0x080072ca        0xe app/libapp.a(bno055_zephyr.c.obj)
                0x080072ca                bno055_delay
 .text.PCA9685_Write8.isra.0
                0x080072d8       0x36 app/libapp.a(pca9685_zephyr.c.obj)
 .text.PCA9685_Init_Z
                0x0800730e       0x16 app/libapp.a(pca9685_zephyr.c.obj)
                0x0800730e                PCA9685_Init_Z
 .text.chunk_size
                0x08007324        0xa zephyr/libzephyr.a(heap.c.obj)
 .text.free_list_add
                0x0800732e       0x4e zephyr/libzephyr.a(heap.c.obj)
 .text.sys_heap_init
                0x0800737c       0x82 zephyr/libzephyr.a(heap.c.obj)
                0x0800737c                sys_heap_init
 .text.arch_printk_char_out
                0x080073fe        0x4 zephyr/libzephyr.a(printk.c.obj)
                0x080073fe                arch_printk_char_out
 .text.printk   0x08007402       0x1a zephyr/libzephyr.a(printk.c.obj)
                0x08007402                printk
 .text._ConfigAbsSyms
                0x0800741c        0x2 zephyr/libzephyr.a(configs.c.obj)
                0x0800741c                _ConfigAbsSyms
 .text.stm32_gpioport_configure_pin
                0x0800741e      0x10a zephyr/libzephyr.a(gpioport_mgr.c.obj)
                0x0800741e                stm32_gpioport_configure_pin
 .text.arch_early_memset
                0x08007528        0x4 zephyr/arch/common/libarch__common.a(init.c.obj)
                0x08007528                arch_early_memset
 .text.arch_early_memcpy
                0x0800752c        0x4 zephyr/arch/common/libarch__common.a(init.c.obj)
                0x0800752c                arch_early_memcpy
 .text.z_shared_isr
                0x08007530       0x20 zephyr/arch/common/libarch__common.a(shared_irq.c.obj)
                0x08007530                z_shared_isr
 .text.z_do_kernel_oops
                0x08007550        0x8 zephyr/arch/arch/arm/core/libarch__arm__core.a(fatal.c.obj)
                0x08007550                z_do_kernel_oops
 .text.z_arm_nmi
                0x08007558        0xe zephyr/arch/arch/arm/core/libarch__arm__core.a(nmi.c.obj)
                0x08007558                z_arm_nmi
 .text.z_irq_spurious
                0x08007566        0x8 zephyr/arch/arch/arm/core/cortex_m/libarch__arm__core__cortex_m.a(irq_manage.c.obj)
                0x08007566                z_irq_spurious
 .text.arch_coprocessors_disable
                0x0800756e        0x4 zephyr/arch/arch/arm/core/cortex_m/libarch__arm__core__cortex_m.a(thread.c.obj)
                0x0800756e                arch_coprocessors_disable
 .text.arch_irq_unlock_outlined
                0x08007572        0xe zephyr/arch/arch/arm/core/cortex_m/libarch__arm__core__cortex_m.a(thread.c.obj)
                0x08007572                arch_irq_unlock_outlined
 .text.arch_cpu_idle
                0x08007580       0x1a zephyr/arch/arch/arm/core/cortex_m/libarch__arm__core__cortex_m.a(cpu_idle.c.obj)
                0x08007580                arch_cpu_idle
 .text.size_to_mpu_rasr_size
                0x0800759a       0x20 zephyr/arch/arch/arm/core/mpu/libarch__arm__core__mpu.a(arm_mpu.c.obj)
 .text.picolibc_put
                0x080075ba        0xa zephyr/lib/libc/picolibc/liblib__libc__picolibc.a(stdio.c.obj)
 .text.stm32_exti_gpio_intc_init
                0x080075c4       0x92 zephyr/drivers/interrupt_controller/libdrivers__interrupt_controller.a(intc_gpio_stm32.c.obj)
 .text.stm32_gpio_intc_get_pin_irq_line
                0x08007656        0xa zephyr/drivers/interrupt_controller/libdrivers__interrupt_controller.a(intc_gpio_stm32.c.obj)
                0x08007656                stm32_gpio_intc_get_pin_irq_line
 .text.stm32_exti_set_line_src_port
                0x08007660       0x36 zephyr/drivers/interrupt_controller/libdrivers__interrupt_controller.a(intc_gpio_stm32.c.obj)
                0x08007660                stm32_exti_set_line_src_port
 .text.adc_stm32_isr_18_init
                0x08007696       0x16 zephyr/drivers/adc/libdrivers__adc.a(adc_stm32.c.obj)
 .text.adc_context_start_sampling
                0x080076ac       0x16 zephyr/drivers/adc/libdrivers__adc.a(adc_stm32.c.obj)
 .text.adc_context_on_timer_expired
                0x080076c2       0x32 zephyr/drivers/adc/libdrivers__adc.a(adc_stm32.c.obj)
 .text.can_tx_default_cb
                0x080076f4        0x8 zephyr/drivers/can/libdrivers__can.a(can_common.c.obj)
 .text.z_impl_can_set_timing
                0x080076fc       0x66 zephyr/drivers/can/libdrivers__can.a(can_common.c.obj)
                0x080076fc                z_impl_can_set_timing
 .text.can_stm32_signal_tx_complete
                0x08007762       0x14 zephyr/drivers/can/libdrivers__can.a(can_stm32_bxcan.c.obj)
 .text.can_stm32_get_state
                0x08007776       0x42 zephyr/drivers/can/libdrivers__can.a(can_stm32_bxcan.c.obj)
 .text.can_stm32_get_capabilities
                0x080077b8        0x8 zephyr/drivers/can/libdrivers__can.a(can_stm32_bxcan.c.obj)
 .text.can_stm32_get_max_filters
                0x080077c0        0xa zephyr/drivers/can/libdrivers__can.a(can_stm32_bxcan.c.obj)
 .text.can_stm32_set_state_change_callback
                0x080077ca       0x1e zephyr/drivers/can/libdrivers__can.a(can_stm32_bxcan.c.obj)
 .text.config_can_0_irq
                0x080077e8       0x42 zephyr/drivers/can/libdrivers__can.a(can_stm32_bxcan.c.obj)
 .text.can_stm32_rx_isr
                0x0800782a       0xb2 zephyr/drivers/can/libdrivers__can.a(can_stm32_bxcan.c.obj)
 .text.can_stm32_tx_isr_handler
                0x080078dc      0x104 zephyr/drivers/can/libdrivers__can.a(can_stm32_bxcan.c.obj)
 .text.can_stm32_tx_isr
                0x080079e0        0x4 zephyr/drivers/can/libdrivers__can.a(can_stm32_bxcan.c.obj)
 .text.can_stm32_state_change_isr
                0x080079e4       0x4e zephyr/drivers/can/libdrivers__can.a(can_stm32_bxcan.c.obj)
 .text.k_mutex_lock.constprop.0.isra.0
                0x08007a32        0x4 zephyr/drivers/can/libdrivers__can.a(can_stm32_bxcan.c.obj)
 .text.k_mutex_unlock.isra.0
                0x08007a36        0x4 zephyr/drivers/can/libdrivers__can.a(can_stm32_bxcan.c.obj)
 .text.can_stm32_stop
                0x08007a3a       0x94 zephyr/drivers/can/libdrivers__can.a(can_stm32_bxcan.c.obj)
 .text.can_stm32_send
                0x08007ace      0x122 zephyr/drivers/can/libdrivers__can.a(can_stm32_bxcan.c.obj)
 .text.can_stm32_set_mode
                0x08007bf0       0x6e zephyr/drivers/can/libdrivers__can.a(can_stm32_bxcan.c.obj)
 .text.stm32_clock_control_on
                0x08007c5e       0x44 zephyr/drivers/clock_control/libdrivers__clock_control.a(clock_stm32_ll_common.c.obj)
 .text.stm32_clock_control_off
                0x08007ca2       0x2c zephyr/drivers/clock_control/libdrivers__clock_control.a(clock_stm32_ll_common.c.obj)
 .text.stm32_clock_control_configure
                0x08007cce       0x46 zephyr/drivers/clock_control/libdrivers__clock_control.a(clock_stm32_ll_common.c.obj)
 .text.stm32_clock_control_get_status
                0x08007d14       0x38 zephyr/drivers/clock_control/libdrivers__clock_control.a(clock_stm32_ll_common.c.obj)
 .text.config_regulator_voltage
                0x08007d4c        0x2 zephyr/drivers/clock_control/libdrivers__clock_control.a(clock_stm32_ll_common.c.obj)
                0x08007d4c                config_regulator_voltage
 .text.gpio_stm32_port_get_raw
                0x08007d4e        0xc zephyr/drivers/gpio/libdrivers__gpio.a(gpio_stm32.c.obj)
 .text.gpio_stm32_port_set_masked_raw
                0x08007d5a       0x12 zephyr/drivers/gpio/libdrivers__gpio.a(gpio_stm32.c.obj)
 .text.gpio_stm32_port_set_bits_raw
                0x08007d6c        0xa zephyr/drivers/gpio/libdrivers__gpio.a(gpio_stm32.c.obj)
 .text.gpio_stm32_port_clear_bits_raw
                0x08007d76        0xc zephyr/drivers/gpio/libdrivers__gpio.a(gpio_stm32.c.obj)
 .text.gpio_stm32_port_toggle_bits
                0x08007d82        0xe zephyr/drivers/gpio/libdrivers__gpio.a(gpio_stm32.c.obj)
 .text.gpio_stm32_manage_callback
                0x08007d90       0x54 zephyr/drivers/gpio/libdrivers__gpio.a(gpio_stm32.c.obj)
 .text.gpio_stm32_config
                0x08007de4       0xd6 zephyr/drivers/gpio/libdrivers__gpio.a(gpio_stm32.c.obj)
 .text.gpio_stm32_isr
                0x08007eba       0x2c zephyr/drivers/gpio/libdrivers__gpio.a(gpio_stm32.c.obj)
 .text.i2c_stm32_get_config
                0x08007ee6       0x16 zephyr/drivers/i2c/libdrivers__i2c.a(i2c_stm32.c.obj)
                0x08007ee6                i2c_stm32_get_config
 .text.i2c_stm32_irq_config_func_0
                0x08007efc       0x26 zephyr/drivers/i2c/libdrivers__i2c.a(i2c_stm32.c.obj)
 .text.i2c_stm32_irq_config_func_1
                0x08007f22       0x26 zephyr/drivers/i2c/libdrivers__i2c.a(i2c_stm32.c.obj)
 .text.i2c_stm32_transfer
                0x08007f48       0x8e zephyr/drivers/i2c/libdrivers__i2c.a(i2c_stm32.c.obj)
 .text.i2c_stm32_set_smbus_mode
                0x08007fd6       0x16 zephyr/drivers/i2c/libdrivers__i2c.a(i2c_stm32.c.obj)
                0x08007fd6                i2c_stm32_set_smbus_mode
 .text.i2c_stm32_event_isr
                0x08007fec        0x4 zephyr/drivers/i2c/libdrivers__i2c.a(i2c_stm32_common.c.obj)
                0x08007fec                i2c_stm32_event_isr
 .text.i2c_stm32_error_isr
                0x08007ff0        0x4 zephyr/drivers/i2c/libdrivers__i2c.a(i2c_stm32_common.c.obj)
                0x08007ff0                i2c_stm32_error_isr
 .text.i2c_stm32_disable_transfer_interrupts
                0x08007ff4       0x36 zephyr/drivers/i2c/libdrivers__i2c.a(i2c_stm32_v1.c.obj)
 .text.i2c_stm32_reset
                0x0800802a       0x4c zephyr/drivers/i2c/libdrivers__i2c.a(i2c_stm32_v1.c.obj)
 .text.i2c_stm32_controller_finish
                0x08008076       0x1c zephyr/drivers/i2c/libdrivers__i2c.a(i2c_stm32_v1.c.obj)
 .text.handle_txe
                0x08008092       0x4a zephyr/drivers/i2c/libdrivers__i2c.a(i2c_stm32_v1.c.obj)
 .text.msg_end.isra.0
                0x080080dc       0x42 zephyr/drivers/i2c/libdrivers__i2c.a(i2c_stm32_v1.c.obj)
 .text.i2c_stm32_enable_transfer_interrupts.isra.0
                0x0800811e       0x1c zephyr/drivers/i2c/libdrivers__i2c.a(i2c_stm32_v1.c.obj)
 .text.msg_init.isra.0
                0x0800813a       0x72 zephyr/drivers/i2c/libdrivers__i2c.a(i2c_stm32_v1.c.obj)
 .text.handle_rxne
                0x080081ac       0x9c zephyr/drivers/i2c/libdrivers__i2c.a(i2c_stm32_v1.c.obj)
 .text.i2c_stm32_event
                0x08008248      0x19c zephyr/drivers/i2c/libdrivers__i2c.a(i2c_stm32_v1.c.obj)
                0x08008248                i2c_stm32_event
 .text.i2c_stm32_error
                0x080083e4       0x6a zephyr/drivers/i2c/libdrivers__i2c.a(i2c_stm32_v1.c.obj)
                0x080083e4                i2c_stm32_error
 .text.i2c_stm32_transaction
                0x0800844e       0x74 zephyr/drivers/i2c/libdrivers__i2c.a(i2c_stm32_v1.c.obj)
                0x0800844e                i2c_stm32_transaction
 .text.pinctrl_lookup_state
                0x080084c2       0x26 zephyr/drivers/pinctrl/libdrivers__pinctrl.a(common.c.obj)
                0x080084c2                pinctrl_lookup_state
 .text.pinctrl_configure_pins
                0x080084e8       0x82 zephyr/drivers/pinctrl/libdrivers__pinctrl.a(pinctrl_stm32.c.obj)
                0x080084e8                pinctrl_configure_pins
 .text.reset_stm32_status
                0x0800856a       0x20 zephyr/drivers/reset/libdrivers__reset.a(reset_stm32.c.obj)
 .text.reset_stm32_line_assert
                0x0800858a       0x1c zephyr/drivers/reset/libdrivers__reset.a(reset_stm32.c.obj)
 .text.reset_stm32_line_deassert
                0x080085a6       0x1e zephyr/drivers/reset/libdrivers__reset.a(reset_stm32.c.obj)
 .text.reset_stm32_line_toggle
                0x080085c4       0x16 zephyr/drivers/reset/libdrivers__reset.a(reset_stm32.c.obj)
 .text.LL_USART_ClearFlag_PE
                0x080085da       0x12 zephyr/drivers/serial/libdrivers__serial.a(uart_stm32.c.obj)
 .text.uart_stm32_err_check
                0x080085ec       0x5e zephyr/drivers/serial/libdrivers__serial.a(uart_stm32.c.obj)
 .text.uart_stm32_irq_tx_enable
                0x0800864a       0x1e zephyr/drivers/serial/libdrivers__serial.a(uart_stm32.c.obj)
 .text.uart_stm32_irq_tx_disable
                0x08008668       0x1e zephyr/drivers/serial/libdrivers__serial.a(uart_stm32.c.obj)
 .text.uart_stm32_irq_tx_ready
                0x08008686       0x14 zephyr/drivers/serial/libdrivers__serial.a(uart_stm32.c.obj)
 .text.uart_stm32_irq_tx_complete
                0x0800869a        0xc zephyr/drivers/serial/libdrivers__serial.a(uart_stm32.c.obj)
 .text.uart_stm32_irq_rx_enable
                0x080086a6       0x1e zephyr/drivers/serial/libdrivers__serial.a(uart_stm32.c.obj)
 .text.uart_stm32_irq_rx_disable
                0x080086c4       0x1e zephyr/drivers/serial/libdrivers__serial.a(uart_stm32.c.obj)
 .text.uart_stm32_irq_rx_ready
                0x080086e2        0xc zephyr/drivers/serial/libdrivers__serial.a(uart_stm32.c.obj)
 .text.uart_stm32_irq_is_pending
                0x080086ee       0x24 zephyr/drivers/serial/libdrivers__serial.a(uart_stm32.c.obj)
 .text.uart_stm32_irq_update
                0x08008712        0x4 zephyr/drivers/serial/libdrivers__serial.a(uart_stm32.c.obj)
 .text.uart_stm32_irq_callback_set
                0x08008716        0x8 zephyr/drivers/serial/libdrivers__serial.a(uart_stm32.c.obj)
 .text.uart_stm32_isr
                0x0800871e        0xc zephyr/drivers/serial/libdrivers__serial.a(uart_stm32.c.obj)
 .text.uart_stm32_irq_config_func_0
                0x0800872a       0x16 zephyr/drivers/serial/libdrivers__serial.a(uart_stm32.c.obj)
 .text.uart_stm32_irq_config_func_1
                0x08008740       0x16 zephyr/drivers/serial/libdrivers__serial.a(uart_stm32.c.obj)
 .text.uart_stm32_irq_config_func_2
                0x08008756       0x16 zephyr/drivers/serial/libdrivers__serial.a(uart_stm32.c.obj)
 .text.uart_stm32_set_baudrate.isra.0
                0x0800876c       0x64 zephyr/drivers/serial/libdrivers__serial.a(uart_stm32.c.obj)
 .text.uart_stm32_poll_in
                0x080087d0       0x22 zephyr/drivers/serial/libdrivers__serial.a(uart_stm32.c.obj)
 .text.uart_stm32_poll_out
                0x080087f2       0x36 zephyr/drivers/serial/libdrivers__serial.a(uart_stm32.c.obj)
 .text.uart_stm32_init
                0x08008828       0xbc zephyr/drivers/serial/libdrivers__serial.a(uart_stm32.c.obj)
 .text.uart_stm32_fifo_read
                0x080088e4       0x42 zephyr/drivers/serial/libdrivers__serial.a(uart_stm32.c.obj)
 .text.uart_stm32_fifo_fill
                0x08008926       0x50 zephyr/drivers/serial/libdrivers__serial.a(uart_stm32.c.obj)
 .text.uart_stm32_config_get
                0x08008976       0x8e zephyr/drivers/serial/libdrivers__serial.a(uart_stm32.c.obj)
 .text.spi_context_get_next_buf
                0x08008a04       0x2c zephyr/drivers/spi/libdrivers__spi.a(spi_stm32.c.obj)
 .text.bits2bytes
                0x08008a30       0x16 zephyr/drivers/spi/libdrivers__spi.a(spi_stm32.c.obj)
 .text.spi_stm32_read_next_frame.isra.0
                0x08008a46       0x82 zephyr/drivers/spi/libdrivers__spi.a(spi_stm32.c.obj)
 .text.spi_stm32_send_next_frame.isra.0
                0x08008ac8       0x8e zephyr/drivers/spi/libdrivers__spi.a(spi_stm32.c.obj)
 .text.spi_stm32_pinctrl_apply.isra.0
                0x08008b56       0x2a zephyr/drivers/spi/libdrivers__spi.a(spi_stm32.c.obj)
 .text.ll_disable_spi
                0x08008b80       0x10 zephyr/drivers/spi/libdrivers__spi.a(spi_stm32.c.obj)
 .text.spi_stm32_release
                0x08008b90       0x1e zephyr/drivers/spi/libdrivers__spi.a(spi_stm32.c.obj)
 .text.do_device_init
                0x08008bae       0x30 zephyr/kernel/libkernel.a(device.c.obj)
                0x08008bae                do_device_init
 .text.z_impl_device_is_ready
                0x08008bde       0x16 zephyr/kernel/libkernel.a(device.c.obj)
                0x08008bde                z_impl_device_is_ready
 .text.arch_system_halt
                0x08008bf4       0x10 zephyr/kernel/libkernel.a(fatal.c.obj)
                0x08008bf4                arch_system_halt
 .text.k_sys_fatal_error_handler
                0x08008c04        0x6 zephyr/kernel/libkernel.a(fatal.c.obj)
                0x08008c04                k_sys_fatal_error_handler
 .text.idle     0x08008c0a       0x16 zephyr/kernel/libkernel.a(idle.c.obj)
                0x08008c0a                idle
 .text.adjust_owner_prio.isra.0
                0x08008c20       0x10 zephyr/kernel/libkernel.a(mutex.c.obj)
 .text.z_impl_k_mutex_init
                0x08008c30        0xe zephyr/kernel/libkernel.a(mutex.c.obj)
                0x08008c30                z_impl_k_mutex_init
 .text.z_impl_k_sem_init
                0x08008c3e       0x18 zephyr/kernel/libkernel.a(sem.c.obj)
                0x08008c3e                z_impl_k_sem_init
 .text.add_to_waitq_locked
                0x08008c56       0x4c zephyr/kernel/libkernel.a(sched.c.obj)
 .text.unpend_thread_no_timeout
                0x08008ca2       0x1a zephyr/kernel/libkernel.a(sched.c.obj)
 .text.z_ready_thread
                0x08008cbc       0x1e zephyr/kernel/libkernel.a(sched.c.obj)
                0x08008cbc                z_ready_thread
 .text.z_unpend_thread_no_timeout
                0x08008cda       0x22 zephyr/kernel/libkernel.a(sched.c.obj)
                0x08008cda                z_unpend_thread_no_timeout
 .text.z_sched_wake_thread_locked
                0x08008cfc       0x28 zephyr/kernel/libkernel.a(sched.c.obj)
                0x08008cfc                z_sched_wake_thread_locked
 .text.z_thread_timeout
                0x08008d24       0x20 zephyr/kernel/libkernel.a(sched.c.obj)
                0x08008d24                z_thread_timeout
 .text.z_unpend1_no_timeout
                0x08008d44       0x2c zephyr/kernel/libkernel.a(sched.c.obj)
                0x08008d44                z_unpend1_no_timeout
 .text.z_reschedule
                0x08008d70        0x6 zephyr/kernel/libkernel.a(sched.c.obj)
                0x08008d70                z_reschedule
 .text.init_ready_q
                0x08008d76       0x18 zephyr/kernel/libkernel.a(sched.c.obj)
                0x08008d76                init_ready_q
 .text.z_impl_k_sleep
                0x08008d8e       0x32 zephyr/kernel/libkernel.a(sched.c.obj)
                0x08008d8e                z_impl_k_sleep
 .text.z_impl_k_usleep
                0x08008dc0       0x22 zephyr/kernel/libkernel.a(sched.c.obj)
                0x08008dc0                z_impl_k_usleep
 .text.z_impl_k_wakeup
                0x08008de2       0x40 zephyr/kernel/libkernel.a(sched.c.obj)
                0x08008de2                z_impl_k_wakeup
 .text.next_timeout
                0x08008e22       0x2e zephyr/kernel/libkernel.a(timeout.c.obj)
 .text.z_abort_timeout
                0x08008e50       0x6a zephyr/kernel/libkernel.a(timeout.c.obj)
                0x08008e50                z_abort_timeout
 .text.sys_clock_tick_get_32
                0x08008eba        0x8 zephyr/kernel/libkernel.a(timeout.c.obj)
                0x08008eba                sys_clock_tick_get_32
 .text.z_impl_k_uptime_ticks
                0x08008ec2        0x4 zephyr/kernel/libkernel.a(timeout.c.obj)
                0x08008ec2                z_impl_k_uptime_ticks
 .text.k_timer_init
                0x08008ec6       0x18 zephyr/kernel/libkernel.a(timer.c.obj)
                0x08008ec6                k_timer_init
 .text.k_heap_init
                0x08008ede       0x12 zephyr/kernel/libkernel.a(kheap.c.obj)
                0x08008ede                k_heap_init
 .text.memcpy   0x08008ef0       0x1c /home/tuangaooo/zephyr-sdk-1.0.1/gnu/arm-zephyr-eabi/bin/../lib/gcc/arm-zephyr-eabi/14.3.0/../../../../arm-zephyr-eabi/lib/thumb/v7e-m+fp/hard/space/libc.a(memcpy.c.o)
                0x08008ef0                memcpy
                0x08008ef0                __aeabi_memcpy
                0x08008ef0                __aeabi_memcpy4
                0x08008ef0                __aeabi_memcpy8
 .text.memset   0x08008f0c       0x10 /home/tuangaooo/zephyr-sdk-1.0.1/gnu/arm-zephyr-eabi/bin/../lib/gcc/arm-zephyr-eabi/14.3.0/../../../../arm-zephyr-eabi/lib/thumb/v7e-m+fp/hard/space/libc.a(memset.c.o)
                0x08008f0c                memset
 .text.strncpy  0x08008f1c       0x26 /home/tuangaooo/zephyr-sdk-1.0.1/gnu/arm-zephyr-eabi/bin/../lib/gcc/arm-zephyr-eabi/14.3.0/../../../../arm-zephyr-eabi/lib/thumb/v7e-m+fp/hard/space/libc.a(libc_string_strncpy.c.o)
                0x08008f1c                strncpy
 .text.strnlen  0x08008f42       0x18 /home/tuangaooo/zephyr-sdk-1.0.1/gnu/arm-zephyr-eabi/bin/../lib/gcc/arm-zephyr-eabi/14.3.0/../../../../arm-zephyr-eabi/lib/thumb/v7e-m+fp/hard/space/libc.a(libc_string_strnlen.c.o)
                0x08008f42                strnlen
 .text.__ultoa_invert
                0x08008f5a       0x4e /home/tuangaooo/zephyr-sdk-1.0.1/gnu/arm-zephyr-eabi/bin/../lib/gcc/arm-zephyr-eabi/14.3.0/../../../../arm-zephyr-eabi/lib/thumb/v7e-m+fp/hard/space/libc.a(libc_tinystdio_vfprintf.c.o)
 .text.mulShiftAll64
                0x08008fa8      0x170 /home/tuangaooo/zephyr-sdk-1.0.1/gnu/arm-zephyr-eabi/bin/../lib/gcc/arm-zephyr-eabi/14.3.0/../../../../arm-zephyr-eabi/lib/thumb/v7e-m+fp/hard/space/libc.a(libc_tinystdio_dtoa_ryu.c.o)
 .text.__umul128
                0x08009118       0x2e /home/tuangaooo/zephyr-sdk-1.0.1/gnu/arm-zephyr-eabi/bin/../lib/gcc/arm-zephyr-eabi/14.3.0/../../../../arm-zephyr-eabi/lib/thumb/v7e-m+fp/hard/space/libc.a(libc_tinystdio_ryu_umul128.c.o)
                0x08009118                __umul128
 .text.__shiftright128
                0x08009146       0x3e /home/tuangaooo/zephyr-sdk-1.0.1/gnu/arm-zephyr-eabi/bin/../lib/gcc/arm-zephyr-eabi/14.3.0/../../../../arm-zephyr-eabi/lib/thumb/v7e-m+fp/hard/space/libc.a(libc_tinystdio_ryu_umul128.c.o)
                0x08009146                __shiftright128
 .text.__dtox_engine
                0x08009184      0x10c /home/tuangaooo/zephyr-sdk-1.0.1/gnu/arm-zephyr-eabi/bin/../lib/gcc/arm-zephyr-eabi/14.3.0/../../../../arm-zephyr-eabi/lib/thumb/v7e-m+fp/hard/space/libc.a(libc_tinystdio_dtox_engine.c.o)
                0x08009184                __dtox_engine
 .text.__file_str_put
                0x08009290       0x10 /home/tuangaooo/zephyr-sdk-1.0.1/gnu/arm-zephyr-eabi/bin/../lib/gcc/arm-zephyr-eabi/14.3.0/../../../../arm-zephyr-eabi/lib/thumb/v7e-m+fp/hard/space/libc.a(libc_tinystdio_filestrput.c.o)
                0x08009290                __file_str_put
 .text.isnanf   0x080092a0       0x14 /home/tuangaooo/zephyr-sdk-1.0.1/gnu/arm-zephyr-eabi/bin/../lib/gcc/arm-zephyr-eabi/14.3.0/../../../../arm-zephyr-eabi/lib/thumb/v7e-m+fp/hard/space/libc.a(libm_common_sf_isnan.c.o)
                0x080092a0                isnanf
                0x080092a0                __isnanf
 *(SORT_BY_ALIGNMENT(.gnu.linkonce.t.*))
 *(SORT_BY_ALIGNMENT(.glue_7t))
 .glue_7t       0x080092b4        0x0 linker stubs
 *(SORT_BY_ALIGNMENT(.glue_7))
 .glue_7        0x080092b4        0x0 linker stubs
 *(SORT_BY_ALIGNMENT(.vfp11_veneer))
 .vfp11_veneer  0x080092b4        0x0 linker stubs
 *(SORT_BY_ALIGNMENT(.v4_bx))
 .v4_bx         0x080092b4        0x0 linker stubs
                0x080092b4                        . = ALIGN (0x4)
                0x080092b4                        __text_region_end = .

.ARM.exidx      0x080092b4        0x8
                0x080092b4                        __exidx_start = .
 *(SORT_BY_ALIGNMENT(.ARM.exidx*) SORT_BY_ALIGNMENT(gnu.linkonce.armexidx.*))
 .ARM.exidx     0x080092b4        0x8 /home/tuangaooo/zephyr-sdk-1.0.1/gnu/arm-zephyr-eabi/bin/../lib/gcc/arm-zephyr-eabi/14.3.0/thumb/v7e-m+fp/hard/space/libgcc.a(_udivmoddi4.o)
                0x080092bc                        __exidx_end = .
                0x080092bc                        __rodata_region_start = .

initlevel       0x080092bc       0xd0
                0x080092bc                        __init_start = .
                0x080092bc                        __init_EARLY_start = .
 *(SORT_BY_NAME(SORT_BY_ALIGNMENT(.z_init_EARLY_P_?_*)))
 *(SORT_BY_NAME(SORT_BY_ALIGNMENT(.z_init_EARLY_P_??_*)))
 *(SORT_BY_NAME(SORT_BY_ALIGNMENT(.z_init_EARLY_P_???_*)))
                0x080092bc                        __init_PRE_KERNEL_1_start = .
 *(SORT_BY_NAME(SORT_BY_ALIGNMENT(.z_init_PRE_KERNEL_1_P_?_*)))
 .z_init_PRE_KERNEL_1_P_1_SUB_00008_
                0x080092bc        0x8 zephyr/drivers/clock_control/libdrivers__clock_control.a(clock_stm32_ll_common.c.obj)
 .z_init_PRE_KERNEL_1_P_1_SUB_0_
                0x080092c4        0x8 zephyr/libzephyr.a(soc_config.c.obj)
 *(SORT_BY_NAME(SORT_BY_ALIGNMENT(.z_init_PRE_KERNEL_1_P_??_*)))
 .z_init_PRE_KERNEL_1_P_30_SUB_0_
                0x080092cc        0x8 zephyr/kernel/libkernel.a(kheap.c.obj)
 .z_init_PRE_KERNEL_1_P_35_SUB_00106_
                0x080092d4        0x8 zephyr/drivers/reset/libdrivers__reset.a(reset_stm32.c.obj)
 .z_init_PRE_KERNEL_1_P_40_SUB_00041_
                0x080092dc        0x8 zephyr/libzephyr.a(gpioport_mgr.c.obj)
 .z_init_PRE_KERNEL_1_P_40_SUB_00042_
                0x080092e4        0x8 zephyr/libzephyr.a(gpioport_mgr.c.obj)
 .z_init_PRE_KERNEL_1_P_40_SUB_00043_
                0x080092ec        0x8 zephyr/libzephyr.a(gpioport_mgr.c.obj)
 .z_init_PRE_KERNEL_1_P_40_SUB_00055_
                0x080092f4        0x8 zephyr/libzephyr.a(gpioport_mgr.c.obj)
 .z_init_PRE_KERNEL_1_P_40_SUB_00056_
                0x080092fc        0x8 zephyr/libzephyr.a(gpioport_mgr.c.obj)
 .z_init_PRE_KERNEL_1_P_40_SUB_00103_
                0x08009304        0x8 zephyr/drivers/interrupt_controller/libdrivers__interrupt_controller.a(intc_exti_stm32.c.obj)
 .z_init_PRE_KERNEL_1_P_40_SUB_00141_
                0x0800930c        0x8 zephyr/libzephyr.a(gpioport_mgr.c.obj)
 .z_init_PRE_KERNEL_1_P_40_SUB_00142_
                0x08009314        0x8 zephyr/libzephyr.a(gpioport_mgr.c.obj)
 .z_init_PRE_KERNEL_1_P_40_SUB_00143_
                0x0800931c        0x8 zephyr/libzephyr.a(gpioport_mgr.c.obj)
 .z_init_PRE_KERNEL_1_P_40_SUB_00144_
                0x08009324        0x8 zephyr/libzephyr.a(gpioport_mgr.c.obj)
 .z_init_PRE_KERNEL_1_P_40_SUB_0_
                0x0800932c        0x8 zephyr/drivers/interrupt_controller/libdrivers__interrupt_controller.a(intc_gpio_stm32.c.obj)
 .z_init_PRE_KERNEL_1_P_50_SUB_00110_
                0x08009334        0x8 zephyr/drivers/serial/libdrivers__serial.a(uart_stm32.c.obj)
 .z_init_PRE_KERNEL_1_P_50_SUB_00113_
                0x0800933c        0x8 zephyr/drivers/serial/libdrivers__serial.a(uart_stm32.c.obj)
 .z_init_PRE_KERNEL_1_P_50_SUB_00118_
                0x08009344        0x8 zephyr/drivers/serial/libdrivers__serial.a(uart_stm32.c.obj)
 .z_init_PRE_KERNEL_1_P_60_SUB_0_
                0x0800934c        0x8 zephyr/drivers/console/libdrivers__console.a(uart_console.c.obj)
 *(SORT_BY_NAME(SORT_BY_ALIGNMENT(.z_init_PRE_KERNEL_1_P_???_*)))
                0x08009354                        __init_PRE_KERNEL_2_start = .
 *(SORT_BY_NAME(SORT_BY_ALIGNMENT(.z_init_PRE_KERNEL_2_P_?_*)))
 .z_init_PRE_KERNEL_2_P_0_SUB_0_
                0x08009354        0x8 zephyr/drivers/timer/libdrivers__timer.a(cortex_m_systick.c.obj)
 *(SORT_BY_NAME(SORT_BY_ALIGNMENT(.z_init_PRE_KERNEL_2_P_??_*)))
 *(SORT_BY_NAME(SORT_BY_ALIGNMENT(.z_init_PRE_KERNEL_2_P_???_*)))
                0x0800935c                        __init_POST_KERNEL_start = .
 *(SORT_BY_NAME(SORT_BY_ALIGNMENT(.z_init_POST_KERNEL_P_?_*)))
 *(SORT_BY_NAME(SORT_BY_ALIGNMENT(.z_init_POST_KERNEL_P_??_*)))
 .z_init_POST_KERNEL_P_35_SUB_0_
                0x0800935c        0x8 zephyr/lib/libc/common/liblib__libc__common.a(malloc.c.obj)
 .z_init_POST_KERNEL_P_50_SUB_00011_
                0x08009364        0x8 zephyr/drivers/adc/libdrivers__adc.a(adc_stm32.c.obj)
 .z_init_POST_KERNEL_P_50_SUB_00022_
                0x0800936c        0x8 zephyr/drivers/i2c/libdrivers__i2c.a(i2c_stm32.c.obj)
 .z_init_POST_KERNEL_P_50_SUB_00026_
                0x08009374        0x8 zephyr/drivers/i2c/libdrivers__i2c.a(i2c_stm32.c.obj)
 .z_init_POST_KERNEL_P_50_SUB_00125_
                0x0800937c        0x8 zephyr/drivers/spi/libdrivers__spi.a(spi_stm32.c.obj)
 .z_init_POST_KERNEL_P_80_SUB_00096_
                0x08009384        0x8 zephyr/drivers/can/libdrivers__can.a(can_stm32_bxcan.c.obj)
 *(SORT_BY_NAME(SORT_BY_ALIGNMENT(.z_init_POST_KERNEL_P_???_*)))
                0x0800938c                        __init_APPLICATION_start = .
 *(SORT_BY_NAME(SORT_BY_ALIGNMENT(.z_init_APPLICATION_P_?_*)))
 *(SORT_BY_NAME(SORT_BY_ALIGNMENT(.z_init_APPLICATION_P_??_*)))
 *(SORT_BY_NAME(SORT_BY_ALIGNMENT(.z_init_APPLICATION_P_???_*)))
                0x0800938c                        __init_SMP_start = .
 *(SORT_BY_NAME(SORT_BY_ALIGNMENT(.z_init_SMP_P_?_*)))
 *(SORT_BY_NAME(SORT_BY_ALIGNMENT(.z_init_SMP_P_??_*)))
 *(SORT_BY_NAME(SORT_BY_ALIGNMENT(.z_init_SMP_P_???_*)))
                0x0800938c                        __init_end = .

device_area     0x0800938c      0x230
                0x0800938c                        _device_list_start = .
 *(SORT_BY_NAME(SORT_BY_ALIGNMENT(._device.static.*_?_*)))
 ._device.static.1_1_
                0x0800938c       0x1c zephyr/drivers/clock_control/libdrivers__clock_control.a(clock_stm32_ll_common.c.obj)
                0x0800938c                __device_dts_ord_8
 *(SORT_BY_NAME(SORT_BY_ALIGNMENT(._device.static.*_??_*)))
 ._device.static.1_35_
                0x080093a8       0x1c zephyr/drivers/reset/libdrivers__reset.a(reset_stm32.c.obj)
                0x080093a8                __device_dts_ord_106
 ._device.static.1_40_
                0x080093c4       0xfc zephyr/libzephyr.a(gpioport_mgr.c.obj)
                0x080093c4                __device_dts_ord_144
                0x080093e0                __device_dts_ord_143
                0x080093fc                __device_dts_ord_142
                0x08009418                __device_dts_ord_141
                0x08009434                __device_dts_ord_43
                0x08009450                __device_dts_ord_56
                0x0800946c                __device_dts_ord_42
                0x08009488                __device_dts_ord_41
                0x080094a4                __device_dts_ord_55
 ._device.static.1_40_
                0x080094c0       0x1c zephyr/drivers/interrupt_controller/libdrivers__interrupt_controller.a(intc_exti_stm32.c.obj)
                0x080094c0                __device_dts_ord_103
 ._device.static.1_50_
                0x080094dc       0x54 zephyr/drivers/serial/libdrivers__serial.a(uart_stm32.c.obj)
                0x080094dc                __device_dts_ord_113
                0x080094f8                __device_dts_ord_110
                0x08009514                __device_dts_ord_118
 ._device.static.3_50_
                0x08009530       0x1c zephyr/drivers/adc/libdrivers__adc.a(adc_stm32.c.obj)
                0x08009530                __device_dts_ord_11
 ._device.static.3_50_
                0x0800954c       0x38 zephyr/drivers/i2c/libdrivers__i2c.a(i2c_stm32.c.obj)
                0x0800954c                __device_dts_ord_26
                0x08009568                __device_dts_ord_22
 ._device.static.3_50_
                0x08009584       0x1c zephyr/drivers/spi/libdrivers__spi.a(spi_stm32.c.obj)
                0x08009584                __device_dts_ord_125
 ._device.static.3_80_
                0x080095a0       0x1c zephyr/drivers/can/libdrivers__can.a(can_stm32_bxcan.c.obj)
                0x080095a0                __device_dts_ord_96
 *(SORT_BY_NAME(SORT_BY_ALIGNMENT(._device.static.*_???_*)))
 *(SORT_BY_NAME(SORT_BY_ALIGNMENT(._device.static.*_????_*)))
 *(SORT_BY_NAME(SORT_BY_ALIGNMENT(._device.static.*_?????_*)))
                0x080095bc                        _device_list_end = .

.text.z_shared_isr
 *(SORT_BY_ALIGNMENT(.text.z_shared_isr*))

sw_isr_table    0x080095bc      0x238
                0x080095bc                        . = ALIGN (0x4)
 *(SORT_BY_ALIGNMENT(.gnu.linkonce.sw_isr_table*))
 .gnu.linkonce.sw_isr_table
                0x080095bc      0x238 zephyr/CMakeFiles/zephyr_final.dir/isr_tables.c.obj
                0x080095bc                _sw_isr_table

shared_sw_isr_table
                0x080097f4      0x58c
 *(SORT_BY_ALIGNMENT(.gnu.linkonce.shared_sw_isr_table*))
 .gnu.linkonce.shared_sw_isr_table
                0x080097f4      0x58c zephyr/CMakeFiles/zephyr_final.dir/isr_tables.c.obj
                0x080097f4                z_shared_sw_isr_table

initlevel_error
 *(SORT_BY_NAME(SORT_BY_ALIGNMENT(.z_init_*)))
                0x00000001                        ASSERT ((SIZEOF (initlevel_error) == 0x0), Undefined initialization levels used.)

app_shmem_regions
                0x08009d80        0x0
                0x08009d80                        __app_shmem_regions_start = .
 *(SORT_BY_NAME(SORT_BY_ALIGNMENT(.app_regions.*)))
                0x08009d80                        __app_shmem_regions_end = .

k_p4wq_initparam_area
                0x08009d80        0x0
                0x08009d80                        _k_p4wq_initparam_list_start = .
 *(SORT_BY_NAME(SORT_BY_ALIGNMENT(._k_p4wq_initparam.static.*)))
                0x08009d80                        _k_p4wq_initparam_list_end = .

_static_thread_data_area
                0x08009d80        0x0
                0x08009d80                        __static_thread_data_list_start = .
 *(SORT_BY_NAME(SORT_BY_ALIGNMENT(.__static_thread_data.static.*)))
                0x08009d80                        __static_thread_data_list_end = .

device_deps     0x08009d80        0x0
                0x08009d80                        __device_deps_start = .
 *(SORT_BY_NAME(SORT_BY_ALIGNMENT(.__device_deps_pass2*)))
                0x08009d80                        __device_deps_end = .

adc_driver_api_area
                0x08009d80        0xc
                0x08009d80                        _adc_driver_api_list_start = .
 *(SORT_BY_NAME(SORT_BY_ALIGNMENT(._adc_driver_api.static.*)))
 ._adc_driver_api.static.api_stm32_driver_api_
                0x08009d80        0xc zephyr/drivers/adc/libdrivers__adc.a(adc_stm32.c.obj)
                0x08009d8c                        _adc_driver_api_list_end = .

can_driver_api_area
                0x08009d8c       0x44
                0x08009d8c                        _can_driver_api_list_start = .
 *(SORT_BY_NAME(SORT_BY_ALIGNMENT(._can_driver_api.static.*)))
 ._can_driver_api.static.can_api_funcs_
                0x08009d8c       0x44 zephyr/drivers/can/libdrivers__can.a(can_stm32_bxcan.c.obj)
                0x08009dd0                        _can_driver_api_list_end = .

gpio_driver_api_area
                0x08009dd0       0x24
                0x08009dd0                        _gpio_driver_api_list_start = .
 *(SORT_BY_NAME(SORT_BY_ALIGNMENT(._gpio_driver_api.static.*)))
 ._gpio_driver_api.static.gpio_stm32_driver_
                0x08009dd0       0x24 zephyr/drivers/gpio/libdrivers__gpio.a(gpio_stm32.c.obj)
                0x08009dd0                gpio_stm32_driver
                0x08009df4                        _gpio_driver_api_list_end = .

i2c_driver_api_area
                0x08009df4       0x18
                0x08009df4                        _i2c_driver_api_list_start = .
 *(SORT_BY_NAME(SORT_BY_ALIGNMENT(._i2c_driver_api.static.*)))
 ._i2c_driver_api.static.api_funcs_
                0x08009df4       0x18 zephyr/drivers/i2c/libdrivers__i2c.a(i2c_stm32.c.obj)
                0x08009e0c                        _i2c_driver_api_list_end = .

i2c_target_driver_api_area
                0x08009e0c        0x0
                0x08009e0c                        _i2c_target_driver_api_list_start = .
 *(SORT_BY_NAME(SORT_BY_ALIGNMENT(._i2c_target_driver_api.static.*)))
                0x08009e0c                        _i2c_target_driver_api_list_end = .

reset_driver_api_area
                0x08009e0c       0x10
                0x08009e0c                        _reset_driver_api_list_start = .
 *(SORT_BY_NAME(SORT_BY_ALIGNMENT(._reset_driver_api.static.*)))
 ._reset_driver_api.static.reset_stm32_driver_api_
                0x08009e0c       0x10 zephyr/drivers/reset/libdrivers__reset.a(reset_stm32.c.obj)
                0x08009e1c                        _reset_driver_api_list_end = .

spi_driver_api_area
                0x08009e1c        0x8
                0x08009e1c                        _spi_driver_api_list_start = .
 *(SORT_BY_NAME(SORT_BY_ALIGNMENT(._spi_driver_api.static.*)))
 ._spi_driver_api.static.api_funcs_
                0x08009e1c        0x8 zephyr/drivers/spi/libdrivers__spi.a(spi_stm32.c.obj)
                0x08009e24                        _spi_driver_api_list_end = .

shared_irq_driver_api_area
                0x08009e24        0x0
                0x08009e24                        _shared_irq_driver_api_list_start = .
 *(SORT_BY_NAME(SORT_BY_ALIGNMENT(._shared_irq_driver_api.static.*)))
                0x08009e24                        _shared_irq_driver_api_list_end = .

crypto_driver_api_area
                0x08009e24        0x0
                0x08009e24                        _crypto_driver_api_list_start = .
 *(SORT_BY_NAME(SORT_BY_ALIGNMENT(._crypto_driver_api.static.*)))
                0x08009e24                        _crypto_driver_api_list_end = .

auxdisplay_driver_api_area
                0x08009e24        0x0
                0x08009e24                        _auxdisplay_driver_api_list_start = .
 *(SORT_BY_NAME(SORT_BY_ALIGNMENT(._auxdisplay_driver_api.static.*)))
                0x08009e24                        _auxdisplay_driver_api_list_end = .

bbram_driver_api_area
                0x08009e24        0x0
                0x08009e24                        _bbram_driver_api_list_start = .
 *(SORT_BY_NAME(SORT_BY_ALIGNMENT(._bbram_driver_api.static.*)))
                0x08009e24                        _bbram_driver_api_list_end = .

biometric_driver_api_area
                0x08009e24        0x0
                0x08009e24                        _biometric_driver_api_list_start = .
 *(SORT_BY_NAME(SORT_BY_ALIGNMENT(._biometric_driver_api.static.*)))
                0x08009e24                        _biometric_driver_api_list_end = .

bt_hci_driver_api_area
                0x08009e24        0x0
                0x08009e24                        _bt_hci_driver_api_list_start = .
 *(SORT_BY_NAME(SORT_BY_ALIGNMENT(._bt_hci_driver_api.static.*)))
                0x08009e24                        _bt_hci_driver_api_list_end = .

cellular_driver_api_area
                0x08009e24        0x0
                0x08009e24                        _cellular_driver_api_list_start = .
 *(SORT_BY_NAME(SORT_BY_ALIGNMENT(._cellular_driver_api.static.*)))
                0x08009e24                        _cellular_driver_api_list_end = .

charger_driver_api_area
                0x08009e24        0x0
                0x08009e24                        _charger_driver_api_list_start = .
 *(SORT_BY_NAME(SORT_BY_ALIGNMENT(._charger_driver_api.static.*)))
                0x08009e24                        _charger_driver_api_list_end = .

clock_control_driver_api_area
                0x08009e24       0x1c
                0x08009e24                        _clock_control_driver_api_list_start = .
 *(SORT_BY_NAME(SORT_BY_ALIGNMENT(._clock_control_driver_api.static.*)))
 ._clock_control_driver_api.static.stm32_clock_control_api_
                0x08009e24       0x1c zephyr/drivers/clock_control/libdrivers__clock_control.a(clock_stm32_ll_common.c.obj)
                0x08009e40                        _clock_control_driver_api_list_end = .

comparator_driver_api_area
                0x08009e40        0x0
                0x08009e40                        _comparator_driver_api_list_start = .
 *(SORT_BY_NAME(SORT_BY_ALIGNMENT(._comparator_driver_api.static.*)))
                0x08009e40                        _comparator_driver_api_list_end = .

coredump_driver_api_area
                0x08009e40        0x0
                0x08009e40                        _coredump_driver_api_list_start = .
 *(SORT_BY_NAME(SORT_BY_ALIGNMENT(._coredump_driver_api.static.*)))
                0x08009e40                        _coredump_driver_api_list_end = .

counter_driver_api_area
                0x08009e40        0x0
                0x08009e40                        _counter_driver_api_list_start = .
 *(SORT_BY_NAME(SORT_BY_ALIGNMENT(._counter_driver_api.static.*)))
                0x08009e40                        _counter_driver_api_list_end = .

crc_driver_api_area
                0x08009e40        0x0
                0x08009e40                        _crc_driver_api_list_start = .
 *(SORT_BY_NAME(SORT_BY_ALIGNMENT(._crc_driver_api.static.*)))
                0x08009e40                        _crc_driver_api_list_end = .

dac_driver_api_area
                0x08009e40        0x0
                0x08009e40                        _dac_driver_api_list_start = .
 *(SORT_BY_NAME(SORT_BY_ALIGNMENT(._dac_driver_api.static.*)))
                0x08009e40                        _dac_driver_api_list_end = .

dai_driver_api_area
                0x08009e40        0x0
                0x08009e40                        _dai_driver_api_list_start = .
 *(SORT_BY_NAME(SORT_BY_ALIGNMENT(._dai_driver_api.static.*)))
                0x08009e40                        _dai_driver_api_list_end = .

display_driver_api_area
                0x08009e40        0x0
                0x08009e40                        _display_driver_api_list_start = .
 *(SORT_BY_NAME(SORT_BY_ALIGNMENT(._display_driver_api.static.*)))
                0x08009e40                        _display_driver_api_list_end = .

dma_driver_api_area
                0x08009e40        0x0
                0x08009e40                        _dma_driver_api_list_start = .
 *(SORT_BY_NAME(SORT_BY_ALIGNMENT(._dma_driver_api.static.*)))
                0x08009e40                        _dma_driver_api_list_end = .

edac_driver_api_area
                0x08009e40        0x0
                0x08009e40                        _edac_driver_api_list_start = .
 *(SORT_BY_NAME(SORT_BY_ALIGNMENT(._edac_driver_api.static.*)))
                0x08009e40                        _edac_driver_api_list_end = .

eeprom_driver_api_area
                0x08009e40        0x0
                0x08009e40                        _eeprom_driver_api_list_start = .
 *(SORT_BY_NAME(SORT_BY_ALIGNMENT(._eeprom_driver_api.static.*)))
                0x08009e40                        _eeprom_driver_api_list_end = .

emul_bbram_driver_api_area
                0x08009e40        0x0
                0x08009e40                        _emul_bbram_driver_api_list_start = .
 *(SORT_BY_NAME(SORT_BY_ALIGNMENT(._emul_bbram_driver_api.static.*)))
                0x08009e40                        _emul_bbram_driver_api_list_end = .

fuel_gauge_emul_driver_api_area
                0x08009e40        0x0
                0x08009e40                        _fuel_gauge_emul_driver_api_list_start = .
 *(SORT_BY_NAME(SORT_BY_ALIGNMENT(._fuel_gauge_emul_driver_api.static.*)))
                0x08009e40                        _fuel_gauge_emul_driver_api_list_end = .

emul_sensor_driver_api_area
                0x08009e40        0x0
                0x08009e40                        _emul_sensor_driver_api_list_start = .
 *(SORT_BY_NAME(SORT_BY_ALIGNMENT(._emul_sensor_driver_api.static.*)))
                0x08009e40                        _emul_sensor_driver_api_list_end = .

entropy_driver_api_area
                0x08009e40        0x0
                0x08009e40                        _entropy_driver_api_list_start = .
 *(SORT_BY_NAME(SORT_BY_ALIGNMENT(._entropy_driver_api.static.*)))
                0x08009e40                        _entropy_driver_api_list_end = .

espi_driver_api_area
                0x08009e40        0x0
                0x08009e40                        _espi_driver_api_list_start = .
 *(SORT_BY_NAME(SORT_BY_ALIGNMENT(._espi_driver_api.static.*)))
                0x08009e40                        _espi_driver_api_list_end = .

espi_saf_driver_api_area
                0x08009e40        0x0
                0x08009e40                        _espi_saf_driver_api_list_start = .
 *(SORT_BY_NAME(SORT_BY_ALIGNMENT(._espi_saf_driver_api.static.*)))
                0x08009e40                        _espi_saf_driver_api_list_end = .

flash_driver_api_area
                0x08009e40        0x0
                0x08009e40                        _flash_driver_api_list_start = .
 *(SORT_BY_NAME(SORT_BY_ALIGNMENT(._flash_driver_api.static.*)))
                0x08009e40                        _flash_driver_api_list_end = .

fpga_driver_api_area
                0x08009e40        0x0
                0x08009e40                        _fpga_driver_api_list_start = .
 *(SORT_BY_NAME(SORT_BY_ALIGNMENT(._fpga_driver_api.static.*)))
                0x08009e40                        _fpga_driver_api_list_end = .

fuel_gauge_driver_api_area
                0x08009e40        0x0
                0x08009e40                        _fuel_gauge_driver_api_list_start = .
 *(SORT_BY_NAME(SORT_BY_ALIGNMENT(._fuel_gauge_driver_api.static.*)))
                0x08009e40                        _fuel_gauge_driver_api_list_end = .

gnss_driver_api_area
                0x08009e40        0x0
                0x08009e40                        _gnss_driver_api_list_start = .
 *(SORT_BY_NAME(SORT_BY_ALIGNMENT(._gnss_driver_api.static.*)))
                0x08009e40                        _gnss_driver_api_list_end = .

haptics_driver_api_area
                0x08009e40        0x0
                0x08009e40                        _haptics_driver_api_list_start = .
 *(SORT_BY_NAME(SORT_BY_ALIGNMENT(._haptics_driver_api.static.*)))
                0x08009e40                        _haptics_driver_api_list_end = .

hwspinlock_driver_api_area
                0x08009e40        0x0
                0x08009e40                        _hwspinlock_driver_api_list_start = .
 *(SORT_BY_NAME(SORT_BY_ALIGNMENT(._hwspinlock_driver_api.static.*)))
                0x08009e40                        _hwspinlock_driver_api_list_end = .

i2s_driver_api_area
                0x08009e40        0x0
                0x08009e40                        _i2s_driver_api_list_start = .
 *(SORT_BY_NAME(SORT_BY_ALIGNMENT(._i2s_driver_api.static.*)))
                0x08009e40                        _i2s_driver_api_list_end = .

i3c_driver_api_area
                0x08009e40        0x0
                0x08009e40                        _i3c_driver_api_list_start = .
 *(SORT_BY_NAME(SORT_BY_ALIGNMENT(._i3c_driver_api.static.*)))
                0x08009e40                        _i3c_driver_api_list_end = .

ipm_driver_api_area
                0x08009e40        0x0
                0x08009e40                        _ipm_driver_api_list_start = .
 *(SORT_BY_NAME(SORT_BY_ALIGNMENT(._ipm_driver_api.static.*)))
                0x08009e40                        _ipm_driver_api_list_end = .

led_driver_api_area
                0x08009e40        0x0
                0x08009e40                        _led_driver_api_list_start = .
 *(SORT_BY_NAME(SORT_BY_ALIGNMENT(._led_driver_api.static.*)))
                0x08009e40                        _led_driver_api_list_end = .

led_strip_driver_api_area
                0x08009e40        0x0
                0x08009e40                        _led_strip_driver_api_list_start = .
 *(SORT_BY_NAME(SORT_BY_ALIGNMENT(._led_strip_driver_api.static.*)))
                0x08009e40                        _led_strip_driver_api_list_end = .

lora_driver_api_area
                0x08009e40        0x0
                0x08009e40                        _lora_driver_api_list_start = .
 *(SORT_BY_NAME(SORT_BY_ALIGNMENT(._lora_driver_api.static.*)))
                0x08009e40                        _lora_driver_api_list_end = .

mbox_driver_api_area
                0x08009e40        0x0
                0x08009e40                        _mbox_driver_api_list_start = .
 *(SORT_BY_NAME(SORT_BY_ALIGNMENT(._mbox_driver_api.static.*)))
                0x08009e40                        _mbox_driver_api_list_end = .

mdio_driver_api_area
                0x08009e40        0x0
                0x08009e40                        _mdio_driver_api_list_start = .
 *(SORT_BY_NAME(SORT_BY_ALIGNMENT(._mdio_driver_api.static.*)))
                0x08009e40                        _mdio_driver_api_list_end = .

mipi_dbi_driver_api_area
                0x08009e40        0x0
                0x08009e40                        _mipi_dbi_driver_api_list_start = .
 *(SORT_BY_NAME(SORT_BY_ALIGNMENT(._mipi_dbi_driver_api.static.*)))
                0x08009e40                        _mipi_dbi_driver_api_list_end = .

mipi_dsi_driver_api_area
                0x08009e40        0x0
                0x08009e40                        _mipi_dsi_driver_api_list_start = .
 *(SORT_BY_NAME(SORT_BY_ALIGNMENT(._mipi_dsi_driver_api.static.*)))
                0x08009e40                        _mipi_dsi_driver_api_list_end = .

mspi_driver_api_area
                0x08009e40        0x0
                0x08009e40                        _mspi_driver_api_list_start = .
 *(SORT_BY_NAME(SORT_BY_ALIGNMENT(._mspi_driver_api.static.*)))
                0x08009e40                        _mspi_driver_api_list_end = .

opamp_driver_api_area
                0x08009e40        0x0
                0x08009e40                        _opamp_driver_api_list_start = .
 *(SORT_BY_NAME(SORT_BY_ALIGNMENT(._opamp_driver_api.static.*)))
                0x08009e40                        _opamp_driver_api_list_end = .

otp_driver_api_area
                0x08009e40        0x0
                0x08009e40                        _otp_driver_api_list_start = .
 *(SORT_BY_NAME(SORT_BY_ALIGNMENT(._otp_driver_api.static.*)))
                0x08009e40                        _otp_driver_api_list_end = .

peci_driver_api_area
                0x08009e40        0x0
                0x08009e40                        _peci_driver_api_list_start = .
 *(SORT_BY_NAME(SORT_BY_ALIGNMENT(._peci_driver_api.static.*)))
                0x08009e40                        _peci_driver_api_list_end = .

ps2_driver_api_area
                0x08009e40        0x0
                0x08009e40                        _ps2_driver_api_list_start = .
 *(SORT_BY_NAME(SORT_BY_ALIGNMENT(._ps2_driver_api.static.*)))
                0x08009e40                        _ps2_driver_api_list_end = .

ptp_clock_driver_api_area
                0x08009e40        0x0
                0x08009e40                        _ptp_clock_driver_api_list_start = .
 *(SORT_BY_NAME(SORT_BY_ALIGNMENT(._ptp_clock_driver_api.static.*)))
                0x08009e40                        _ptp_clock_driver_api_list_end = .

pwm_driver_api_area
                0x08009e40        0x0
                0x08009e40                        _pwm_driver_api_list_start = .
 *(SORT_BY_NAME(SORT_BY_ALIGNMENT(._pwm_driver_api.static.*)))
                0x08009e40                        _pwm_driver_api_list_end = .

regulator_parent_driver_api_area
                0x08009e40        0x0
                0x08009e40                        _regulator_parent_driver_api_list_start = .
 *(SORT_BY_NAME(SORT_BY_ALIGNMENT(._regulator_parent_driver_api.static.*)))
                0x08009e40                        _regulator_parent_driver_api_list_end = .

regulator_driver_api_area
                0x08009e40        0x0
                0x08009e40                        _regulator_driver_api_list_start = .
 *(SORT_BY_NAME(SORT_BY_ALIGNMENT(._regulator_driver_api.static.*)))
                0x08009e40                        _regulator_driver_api_list_end = .

retained_mem_driver_api_area
                0x08009e40        0x0
                0x08009e40                        _retained_mem_driver_api_list_start = .
 *(SORT_BY_NAME(SORT_BY_ALIGNMENT(._retained_mem_driver_api.static.*)))
                0x08009e40                        _retained_mem_driver_api_list_end = .

rtc_driver_api_area
                0x08009e40        0x0
                0x08009e40                        _rtc_driver_api_list_start = .
 *(SORT_BY_NAME(SORT_BY_ALIGNMENT(._rtc_driver_api.static.*)))
                0x08009e40                        _rtc_driver_api_list_end = .

sdhc_driver_api_area
                0x08009e40        0x0
                0x08009e40                        _sdhc_driver_api_list_start = .
 *(SORT_BY_NAME(SORT_BY_ALIGNMENT(._sdhc_driver_api.static.*)))