Archive member included to satisfy reference by file (symbol)

app/libapp.a(main.c.obj)      (--whole-archive)
app/libapp.a(bno055.c.obj)    (--whole-archive)
app/libapp.a(bno055_zephyr.c.obj)
                              (--whole-archive)
app/libapp.a(pca9685_zephyr.c.obj)
                              (--whole-archive)
zephyr/libzephyr.a(validate_libc.c.obj)
                              (--whole-archive)
zephyr/libzephyr.a(heap.c.obj)
                              (--whole-archive)
zephyr/libzephyr.a(cbprintf_packaged.c.obj)
                              (--whole-archive)
zephyr/libzephyr.a(clock.c.obj)
                              (--whole-archive)
zephyr/libzephyr.a(printk.c.obj)
                              (--whole-archive)
zephyr/libzephyr.a(cbprintf_complete.c.obj)
                              (--whole-archive)
zephyr/libzephyr.a(assert.c.obj)
                              (--whole-archive)
zephyr/libzephyr.a(dec.c.obj)
                              (--whole-archive)
zephyr/libzephyr.a(hex.c.obj)
                              (--whole-archive)
zephyr/libzephyr.a(rb.c.obj)  (--whole-archive)
zephyr/libzephyr.a(set.c.obj)
                              (--whole-archive)
zephyr/libzephyr.a(timeutil.c.obj)
                              (--whole-archive)
zephyr/libzephyr.a(bitarray.c.obj)
                              (--whole-archive)
zephyr/libzephyr.a(bitmask.c.obj)
                              (--whole-archive)
zephyr/libzephyr.a(getopt.c.obj)
                              (--whole-archive)
zephyr/libzephyr.a(getopt_common.c.obj)
                              (--whole-archive)
zephyr/libzephyr.a(ring_buffer.c.obj)
                              (--whole-archive)
zephyr/libzephyr.a(last_section_id.c.obj)
                              (--whole-archive)
zephyr/libzephyr.a(configs.c.obj)
                              (--whole-archive)
zephyr/libzephyr.a(stm32cube_hal.c.obj)
                              (--whole-archive)
zephyr/libzephyr.a(soc_config.c.obj)
                              (--whole-archive)
zephyr/libzephyr.a(gpioport_mgr.c.obj)
                              (--whole-archive)
zephyr/libzephyr.a(stm32_backup_domain.c.obj)
                              (--whole-archive)
zephyr/libzephyr.a(soc.c.obj)
                              (--whole-archive)
zephyr/libzephyr.a(mem_attr.c.obj)
                              (--whole-archive)
zephyr/libzephyr.a(tracing_none.c.obj)
                              (--whole-archive)
zephyr/libzephyr.a(sem.c.obj)
                              (--whole-archive)
zephyr/libzephyr.a(thread_entry.c.obj)
                              (--whole-archive)
zephyr/arch/common/libarch__common.a(sw_isr_common.c.obj)
                              (--whole-archive)
zephyr/arch/common/libarch__common.a(init.c.obj)
                              (--whole-archive)
zephyr/arch/common/libarch__common.a(xip.c.obj)
                              (--whole-archive)
zephyr/arch/common/libarch__common.a(shared_irq.c.obj)
                              (--whole-archive)
zephyr/arch/arch/arm/core/libarch__arm__core.a(fatal.c.obj)
                              (--whole-archive)
zephyr/arch/arch/arm/core/libarch__arm__core.a(nmi.c.obj)
                              (--whole-archive)
zephyr/arch/arch/arm/core/libarch__arm__core.a(nmi_on_reset.S.obj)
                              (--whole-archive)
zephyr/arch/arch/arm/core/libarch__arm__core.a(tls.c.obj)
                              (--whole-archive)
zephyr/arch/arch/arm/core/cortex_m/libarch__arm__core__cortex_m.a(fault.c.obj)
                              (--whole-archive)
zephyr/arch/arch/arm/core/cortex_m/libarch__arm__core__cortex_m.a(fault_s.S.obj)
                              (--whole-archive)
zephyr/arch/arch/arm/core/cortex_m/libarch__arm__core__cortex_m.a(fpu.c.obj)
                              (--whole-archive)
zephyr/arch/arch/arm/core/cortex_m/libarch__arm__core__cortex_m.a(reset.S.obj)
                              (--whole-archive)
zephyr/arch/arch/arm/core/cortex_m/libarch__arm__core__cortex_m.a(scb.c.obj)
                              (--whole-archive)
zephyr/arch/arch/arm/core/cortex_m/libarch__arm__core__cortex_m.a(vector_table.S.obj)
                              (--whole-archive)
zephyr/arch/arch/arm/core/cortex_m/libarch__arm__core__cortex_m.a(svc.S.obj)
                              (--whole-archive)
zephyr/arch/arch/arm/core/cortex_m/libarch__arm__core__cortex_m.a(irq_manage.c.obj)
                              (--whole-archive)
zephyr/arch/arch/arm/core/cortex_m/libarch__arm__core__cortex_m.a(prep_c.c.obj)
                              (--whole-archive)
zephyr/arch/arch/arm/core/cortex_m/libarch__arm__core__cortex_m.a(thread.c.obj)
                              (--whole-archive)
zephyr/arch/arch/arm/core/cortex_m/libarch__arm__core__cortex_m.a(cpu_idle.c.obj)
                              (--whole-archive)
zephyr/arch/arch/arm/core/cortex_m/libarch__arm__core__cortex_m.a(exc_exit.c.obj)
[...]
Memory Configuration

Name             Origin             Length             Attributes
FLASH            0x08000000         0x00100000         xr
RAM              0x20000000         0x00020000         xw
SRAM0            0x20000000         0x00020000         rw
DTCM             0x10000000         0x00010000         rw
IDT_LIST         0xffff7fff         0x00008000         xw
*default*        0x00000000         0xffffffff

Linker script and memory map

                0x08005ea8                        vfprintf = __d_vfprintf
                0x00000000                        vfscanf = __d_vfscanf
LOAD zephyr/CMakeFiles/zephyr_pre0.dir/misc/empty_file.c.obj
LOAD zephyr/CMakeFiles/offsets.dir/./arch/arm/core/offsets/offsets.c.obj
LOAD app/libapp.a
LOAD zephyr/libzephyr.a
LOAD zephyr/arch/common/libarch__common.a
LOAD zephyr/arch/arch/arm/core/libarch__arm__core.a
LOAD zephyr/arch/arch/arm/core/cortex_m/libarch__arm__core__cortex_m.a
LOAD zephyr/arch/arch/arm/core/mpu/libarch__arm__core__mpu.a
LOAD zephyr/lib/libc/picolibc/liblib__libc__picolibc.a
LOAD zephyr/lib/libc/common/liblib__libc__common.a
LOAD zephyr/subsys/portability/posix/c_lib_ext/libsubsys__portability__posix__c_lib_ext.a
LOAD zephyr/drivers/interrupt_controller/libdrivers__interrupt_controller.a
LOAD zephyr/drivers/adc/libdrivers__adc.a
LOAD zephyr/drivers/can/libdrivers__can.a
LOAD zephyr/drivers/clock_control/libdrivers__clock_control.a
LOAD zephyr/drivers/console/libdrivers__console.a
LOAD zephyr/drivers/dma/libdrivers__dma.a
LOAD zephyr/drivers/gpio/libdrivers__gpio.a
LOAD zephyr/drivers/i2c/libdrivers__i2c.a
LOAD zephyr/drivers/pinctrl/libdrivers__pinctrl.a
LOAD zephyr/drivers/reset/libdrivers__reset.a
LOAD zephyr/drivers/serial/libdrivers__serial.a
LOAD zephyr/drivers/spi/libdrivers__spi.a
LOAD zephyr/drivers/timer/libdrivers__timer.a
LOAD modules/hal_stm32/stm32cube/lib..__modules__hal__stm32__stm32cube.a
LOAD zephyr/kernel/libkernel.a
LOAD zephyr/arch/common/libisr_tables.a
LOAD /home/tuangaooo/zephyr-sdk-1.0.1/gnu/arm-zephyr-eabi/bin/../lib/gcc/arm-zephyr-eabi/14.3.0/../../../../arm-zephyr-eabi/lib/thumb/v7e-m+fp/hard/space/libc.a
LOAD /home/tuangaooo/zephyr-sdk-1.0.1/gnu/arm-zephyr-eabi/bin/../lib/gcc/arm-zephyr-eabi/14.3.0/thumb/v7e-m+fp/hard/space/libgcc.a
                0x00000080                        _region_min_align = 0x80

.rel.plt        0x08000000        0x0
 *(SORT_BY_ALIGNMENT(.rel.plt))
                [!provide]                        PROVIDE (__rel_iplt_start = .)
 *(SORT_BY_ALIGNMENT(.rel.iplt))
 .rel.iplt      0x08000000        0x0 app/libapp.a(main.c.obj)
                [!provide]                        PROVIDE (__rel_iplt_end = .)

.rela.plt       0x00000000        0x0
 *(SORT_BY_ALIGNMENT(.rela.plt))
                [!provide]                        PROVIDE (__rela_iplt_start = .)
 *(SORT_BY_ALIGNMENT(.rela.iplt))
                [!provide]                        PROVIDE (__rela_iplt_end = .)

.rel.dyn
 *(SORT_BY_ALIGNMENT(.rel.*))

.rela.dyn
 *(SORT_BY_ALIGNMENT(.rela.*))

/DISCARD/
 *(SORT_BY_ALIGNMENT(.plt))

/DISCARD/
 *(SORT_BY_ALIGNMENT(.iplt))
                0x08000000                        __rom_region_start = 0x8000000

rom_start       0x08000000      0x15c
                0x08000000                        __rom_start_address = .
 FILL mask 0x00
                0x08000000                        . = (. + (0x0 - (. - __rom_start_address)))
                0x08000000                        . = ALIGN (0x4)
                0x08000000                        . = ALIGN (0x80)
                0x08000000                        . = ALIGN (0x200)
                0x08000000                        _vector_start = .
 *(SORT_BY_ALIGNMENT(.exc_vector_table))
 *(SORT_BY_ALIGNMENT(.exc_vector_table.*))
 .exc_vector_table._vector_table_section
                0x08000000       0x40 zephyr/arch/arch/arm/core/cortex_m/libarch__arm__core__cortex_m.a(vector_table.S.obj)
                0x08000000                _vector_table
 *(SORT_BY_ALIGNMENT(.vectors))
                0x0800015c                        _vector_end = .
                0x08000040                        . = ALIGN (0x4)
 *(SORT_BY_ALIGNMENT(.gnu.linkonce.irq_vector_table*))
 .gnu.linkonce.irq_vector_table
                0x08000040      0x11c zephyr/arch/common/libisr_tables.a(isr_tables.c.obj)
                0x08000040                _irq_vector_table
                0x0800015c                        _vector_end = .

text            0x08000160     0xa37c
                0x08000160                        __text_region_start = .
 *(SORT_BY_ALIGNMENT(.text))
 .text          0x08000160      0x378 /home/tuangaooo/zephyr-sdk-1.0.1/gnu/arm-zephyr-eabi/bin/../lib/gcc/arm-zephyr-eabi/14.3.0/thumb/v7e-m+fp/hard/space/libgcc.a(_arm_addsubdf3.o)
                0x08000160                __aeabi_drsub
                0x08000168                __aeabi_dsub
                0x08000168                __subdf3
                0x0800016c                __adddf3
                0x0800016c                __aeabi_dadd
                0x080003e4                __aeabi_ui2d
                0x080003e4                __floatunsidf
                0x08000404                __floatsidf
                0x08000404                __aeabi_i2d
                0x08000428                __extendsfdf2
                0x08000428                __aeabi_f2d
                0x0800046c                __aeabi_ul2d
                0x0800046c                __floatundidf
                0x0800047c                __floatdidf
                0x0800047c                __aeabi_l2d
 .text          0x080004d8      0x424 /home/tuangaooo/zephyr-sdk-1.0.1/gnu/arm-zephyr-eabi/bin/../lib/gcc/arm-zephyr-eabi/14.3.0/thumb/v7e-m+fp/hard/space/libgcc.a(_arm_muldivdf3.o)
                0x080004d8                __aeabi_dmul
                0x080004d8                __muldf3
                0x0800072c                __aeabi_ddiv
                0x0800072c                __divdf3
 .text          0x080008fc       0x50 /home/tuangaooo/zephyr-sdk-1.0.1/gnu/arm-zephyr-eabi/bin/../lib/gcc/arm-zephyr-eabi/14.3.0/thumb/v7e-m+fp/hard/space/libgcc.a(_arm_fixdfsi.o)
                0x080008fc                __fixdfsi
                0x080008fc                __aeabi_d2iz
 .text          0x0800094c       0x30 /home/tuangaooo/zephyr-sdk-1.0.1/gnu/arm-zephyr-eabi/bin/../lib/gcc/arm-zephyr-eabi/14.3.0/thumb/v7e-m+fp/hard/space/libgcc.a(_aeabi_uldivmod.o)
                0x0800094c                __aeabi_uldivmod
 .text          0x0800097c        0x4 /home/tuangaooo/zephyr-sdk-1.0.1/gnu/arm-zephyr-eabi/bin/../lib/gcc/arm-zephyr-eabi/14.3.0/thumb/v7e-m+fp/hard/space/libgcc.a(_dvmd_tls.o)
                0x0800097c                __aeabi_ldiv0
                0x0800097c                __aeabi_idiv0
 .text          0x08000980       0x26 /home/tuangaooo/zephyr-sdk-1.0.1/gnu/arm-zephyr-eabi/bin/../lib/gcc/arm-zephyr-eabi/14.3.0/thumb/v7e-m+fp/hard/space/libgcc.a(_popcountsi2.o)
                0x08000980                __popcountsi2
 .text          0x080009a6      0x2bc /home/tuangaooo/zephyr-sdk-1.0.1/gnu/arm-zephyr-eabi/bin/../lib/gcc/arm-zephyr-eabi/14.3.0/thumb/v7e-m+fp/hard/space/libgcc.a(_udivmoddi4.o)
                0x080009a6                __udivmoddi4
 *(SORT_BY_ALIGNMENT(.text.*))
 *fill*         0x08000c62        0x6 
 .text.bno055_getVector
                0x08000c68      0x148 app/libapp.a(bno055.c.obj)
                0x08000c68                bno055_getVector
 .text.tim8_expiry
                0x08000db0        0xc app/libapp.a(main.c.obj)
 .text.tim1_expiry
                0x08000dbc        0xc app/libapp.a(main.c.obj)
 .text.Chuan_hoa
                0x08000dc8       0x48 app/libapp.a(main.c.obj)
 .text.uart3_cb
                0x08000e10      0x108 app/libapp.a(main.c.obj)
 .text.tim1_work_handler
                0x08000f18      0x2b0 app/libapp.a(main.c.obj)
 .text.gpio_pin_toggle_dt.constprop.0.isra.0
                0x080011c8       0x10 app/libapp.a(main.c.obj)
 .text.tim8_work_handler
                0x080011d8       0x44 app/libapp.a(main.c.obj)
 .text.main     0x0800121c      0x218 app/libapp.a(main.c.obj)
                0x0800121c                main
 .text.bno055_assignI2C
                0x08001434        0xc app/libapp.a(bno055_zephyr.c.obj)
                0x08001434                bno055_assignI2C
 .text.bno055_writeData
                0x08001440       0x40 app/libapp.a(bno055_zephyr.c.obj)
                0x08001440                bno055_writeData
 .text.bno055_readData
                0x08001480       0x4c app/libapp.a(bno055_zephyr.c.obj)
                0x08001480                bno055_readData
 .text.PCA9685_SetPWMFreq_Z
                0x080014cc       0xcc app/libapp.a(pca9685_zephyr.c.obj)
                0x080014cc                PCA9685_SetPWMFreq_Z
 .text.char_out
                0x08001598        0xc zephyr/libzephyr.a(printk.c.obj)
 .text.__printk_hook_install
                0x080015a4        0xc zephyr/libzephyr.a(printk.c.obj)
                0x080015a4                __printk_hook_install
 .text.vprintk  0x080015b0       0x30 zephyr/libzephyr.a(printk.c.obj)
                0x080015b0                vprintk
 .text.st_stm32_common_config
                0x080015e0       0x14 zephyr/libzephyr.a(soc_config.c.obj)
 .text.stm32_gpioport_init
                0x080015f4       0x20 zephyr/libzephyr.a(gpioport_mgr.c.obj)
 .text.stm32_gpioport_get
                0x08001614       0x24 zephyr/libzephyr.a(gpioport_mgr.c.obj)
                0x08001614                stm32_gpioport_get
 .text.soc_early_init_hook
                0x08001638       0x30 zephyr/libzephyr.a(soc.c.obj)
                0x08001638                soc_early_init_hook
 .text.mem_attr_get_regions
                0x08001668        0xc zephyr/libzephyr.a(mem_attr.c.obj)
                0x08001668                mem_attr_get_regions
 .text.z_thread_entry
                0x08001674       0x34 zephyr/libzephyr.a(thread_entry.c.obj)
                0x08001674                z_thread_entry
 .text.arch_bss_zero
                0x080016a8       0x2c zephyr/arch/common/libarch__common.a(init.c.obj)
                0x080016a8                arch_bss_zero
 .text.arch_data_copy
                0x080016d4       0x50 zephyr/arch/common/libarch__common.a(xip.c.obj)
                0x080016d4                arch_data_copy
 .text.z_arm_fatal_error
                0x08001724       0xa4 zephyr/arch/arch/arm/core/libarch__arm__core.a(fatal.c.obj)
                0x08001724                z_arm_fatal_error
 .text.z_SysNmiOnReset
                0x080017c8        0x8 zephyr/arch/arch/arm/core/libarch__arm__core.a(nmi_on_reset.S.obj)
                0x080017c8                z_SysNmiOnReset
 .text.arch_tls_stack_setup
                0x080017d0       0x40 zephyr/arch/arch/arm/core/libarch__arm__core.a(tls.c.obj)
                0x080017d0                arch_tls_stack_setup
 .text.mem_manage_fault
                0x08001810       0xf0 zephyr/arch/arch/arm/core/cortex_m/libarch__arm__core__cortex_m.a(fault.c.obj)
 .text.usage_fault.isra.0
                0x08001900       0x98 zephyr/arch/arch/arm/core/cortex_m/libarch__arm__core__cortex_m.a(fault.c.obj)
 .text.bus_fault.isra.0
                0x08001998       0xb8 zephyr/arch/arch/arm/core/cortex_m/libarch__arm__core__cortex_m.a(fault.c.obj)
 .text.z_arm_fault
                0x08001a50      0x19c zephyr/arch/arch/arm/core/cortex_m/libarch__arm__core__cortex_m.a(fault.c.obj)
                0x08001a50                z_arm_fault
 .text.z_arm_fault_init
                0x08001bec       0x18 zephyr/arch/arch/arm/core/cortex_m/libarch__arm__core__cortex_m.a(fault.c.obj)
                0x08001bec                z_arm_fault_init
 .text.__fault  0x08001c04       0x14 zephyr/arch/arch/arm/core/cortex_m/libarch__arm__core__cortex_m.a(fault_s.S.obj)
                0x08001c04                z_arm_bus_fault
                0x08001c04                z_arm_usage_fault
                0x08001c04                z_arm_mpu_fault
                0x08001c04                z_arm_exc_spurious
                0x08001c04                z_arm_debug_monitor
                0x08001c04                z_arm_hard_fault
 .text._reset_section
                0x08001c18       0x34 zephyr/arch/arch/arm/core/cortex_m/libarch__arm__core__cortex_m.a(reset.S.obj)
                0x08001c18                z_arm_reset
                0x08001c18                __start
 .text.z_arm_svc
                0x08001c4c       0x24 zephyr/arch/arch/arm/core/cortex_m/libarch__arm__core__cortex_m.a(svc.S.obj)
                0x08001c4c                z_arm_svc
 .text.arm_irq_enable
                0x08001c70       0x1c zephyr/arch/arch/arm/core/cortex_m/libarch__arm__core__cortex_m.a(irq_manage.c.obj)
                0x08001c70                arm_irq_enable
 .text.arm_irq_priority_set
                0x08001c8c       0x30 zephyr/arch/arch/arm/core/cortex_m/libarch__arm__core__cortex_m.a(irq_manage.c.obj)
                0x08001c8c                arm_irq_priority_set
 .text.relocate_vector_table
                0x08001cbc       0x1c zephyr/arch/arch/arm/core/cortex_m/libarch__arm__core__cortex_m.a(prep_c.c.obj)
                0x08001cbc                relocate_vector_table
 .text.z_prep_c
                0x08001cd8       0x4c zephyr/arch/arch/arm/core/cortex_m/libarch__arm__core__cortex_m.a(prep_c.c.obj)
                0x08001cd8                z_prep_c
 .text.arch_new_thread
                0x08001d24       0x40 zephyr/arch/arch/arm/core/cortex_m/libarch__arm__core__cortex_m.a(thread.c.obj)
                0x08001d24                arch_new_thread
 .text.z_arm_mpu_stack_guard_and_fpu_adjust
                0x08001d64       0x54 zephyr/arch/arch/arm/core/cortex_m/libarch__arm__core__cortex_m.a(thread.c.obj)
                0x08001d64                z_arm_mpu_stack_guard_and_fpu_adjust
 .text.z_check_thread_stack_fail
                0x08001db8       0x2c zephyr/arch/arch/arm/core/cortex_m/libarch__arm__core__cortex_m.a(thread.c.obj)
                0x08001db8                z_check_thread_stack_fail
 .text.arch_float_disable
                0x08001de4       0x48 zephyr/arch/arch/arm/core/cortex_m/libarch__arm__core__cortex_m.a(thread.c.obj)
                0x08001de4                arch_float_disable
 .text.arch_switch_to_main_thread
                0x08001e2c       0x58 zephyr/arch/arch/arm/core/cortex_m/libarch__arm__core__cortex_m.a(thread.c.obj)
                0x08001e2c                arch_switch_to_main_thread
 .text.z_arm_cpu_idle_init
                0x08001e84        0xc zephyr/arch/arch/arm/core/cortex_m/libarch__arm__core__cortex_m.a(cpu_idle.c.obj)
                0x08001e84                z_arm_cpu_idle_init
 .text._HandlerModeExit
                0x08001e90       0x20 zephyr/arch/arch/arm/core/cortex_m/libarch__arm__core__cortex_m.a(exc_exit.c.obj)
                0x08001e90                z_arm_exc_exit
                0x08001e90                z_arm_int_exit
 .text.z_impl_k_thread_abort
                0x08001eb0       0x2c zephyr/arch/arch/arm/core/cortex_m/libarch__arm__core__cortex_m.a(thread_abort.c.obj)
                0x08001eb0                z_impl_k_thread_abort
 .text.z_arm_pendsv
                0x08001edc       0x9c zephyr/arch/arch/arm/core/cortex_m/libarch__arm__core__cortex_m.a(swap_helper.S.obj)
                0x08001edc                z_arm_pendsv
 .text.z_arm_interrupt_init
                0x08001f78       0x18 zephyr/arch/arch/arm/core/cortex_m/libarch__arm__core__cortex_m.a(irq_init.c.obj)
                0x08001f78                z_arm_interrupt_init
 .text._isr_wrapper
                0x08001f90       0x24 zephyr/arch/arch/arm/core/cortex_m/libarch__arm__core__cortex_m.a(isr_wrapper.c.obj)
                0x08001f90                _isr_wrapper
 .text.__aeabi_read_tp
                0x08001fb4        0xc zephyr/arch/arch/arm/core/cortex_m/libarch__arm__core__cortex_m.a(__aeabi_read_tp.S.obj)
                0x08001fb4                __aeabi_read_tp
 .text.z_arm_configure_static_mpu_regions
                0x08001fc0       0x18 zephyr/arch/arch/arm/core/mpu/libarch__arm__core__mpu.a(arm_core_mpu.c.obj)
                0x08001fc0                z_arm_configure_static_mpu_regions
 .text.z_arm_configure_dynamic_mpu_regions
                0x08001fd8       0x2c zephyr/arch/arch/arm/core/mpu/libarch__arm__core__mpu.a(arm_core_mpu.c.obj)
                0x08001fd8                z_arm_configure_dynamic_mpu_regions
 .text.region_init
                0x08002004       0x28 zephyr/arch/arch/arm/core/mpu/libarch__arm__core__mpu.a(arm_mpu.c.obj)
 .text.mpu_configure_regions
                0x0800202c       0x6c zephyr/arch/arch/arm/core/mpu/libarch__arm__core__mpu.a(arm_mpu.c.obj)
 .text.arm_core_mpu_enable
                0x08002098       0x18 zephyr/arch/arch/arm/core/mpu/libarch__arm__core__mpu.a(arm_mpu.c.obj)
                0x08002098                arm_core_mpu_enable
 .text.arm_core_mpu_disable
                0x080020b0       0x14 zephyr/arch/arch/arm/core/mpu/libarch__arm__core__mpu.a(arm_mpu.c.obj)
                0x080020b0                arm_core_mpu_disable
 .text.arm_core_mpu_configure_static_mpu_regions
                0x080020c4       0x14 zephyr/arch/arch/arm/core/mpu/libarch__arm__core__mpu.a(arm_mpu.c.obj)
                0x080020c4                arm_core_mpu_configure_static_mpu_regions
 .text.arm_core_mpu_configure_dynamic_mpu_regions
                0x080020d8       0x38 zephyr/arch/arch/arm/core/mpu/libarch__arm__core__mpu.a(arm_mpu.c.obj)
                0x080020d8                arm_core_mpu_configure_dynamic_mpu_regions
 .text.z_arm_mpu_init
                0x08002110      0x184 zephyr/arch/arch/arm/core/mpu/libarch__arm__core__mpu.a(arm_mpu.c.obj)
                0x08002110                z_arm_mpu_init
 .text.z_impl_zephyr_fputc
                0x08002294       0x10 zephyr/lib/libc/picolibc/liblib__libc__picolibc.a(stdio.c.obj)
                0x08002294                z_impl_zephyr_fputc
 .text.__stdout_hook_install
                0x080022a4       0x18 zephyr/lib/libc/picolibc/liblib__libc__picolibc.a(stdio.c.obj)
                0x080022a4                __stdout_hook_install
 .text.malloc_prepare
                0x080022bc       0x24 zephyr/lib/libc/common/liblib__libc__common.a(malloc.c.obj)
 .text.stm32_exti_init
                0x080022e0       0x2c zephyr/drivers/interrupt_controller/libdrivers__interrupt_controller.a(intc_exti_stm32.c.obj)
 .text.stm32_exti_is_pending
                0x0800230c       0x20 zephyr/drivers/interrupt_controller/libdrivers__interrupt_controller.a(intc_exti_stm32.c.obj)
                0x0800230c                stm32_exti_is_pending
 .text.stm32_exti_clear_pending
                0x0800232c       0x20 zephyr/drivers/interrupt_controller/libdrivers__interrupt_controller.a(intc_exti_stm32.c.obj)
                0x0800232c                stm32_exti_clear_pending
 .text.stm32_fill_irq_table
                0x0800234c       0x18 zephyr/drivers/interrupt_controller/libdrivers__interrupt_controller.a(intc_gpio_stm32.c.obj)
 .text.stm32_intc_gpio_isr
                0x08002364       0x4c zephyr/drivers/interrupt_controller/libdrivers__interrupt_controller.a(intc_gpio_stm32.c.obj)
 .text.stm32_gpio_intc_enable_line
                0x080023b0       0x2c zephyr/drivers/interrupt_controller/libdrivers__interrupt_controller.a(intc_gpio_stm32.c.obj)
                0x080023b0                stm32_gpio_intc_enable_line
 .text.stm32_gpio_intc_disable_line
                0x080023dc       0x10 zephyr/drivers/interrupt_controller/libdrivers__interrupt_controller.a(intc_gpio_stm32.c.obj)
                0x080023dc                stm32_gpio_intc_disable_line
 .text.stm32_gpio_intc_select_line_trigger
                0x080023ec       0x50 zephyr/drivers/interrupt_controller/libdrivers__interrupt_controller.a(intc_gpio_stm32.c.obj)
                0x080023ec                stm32_gpio_intc_select_line_trigger
 .text.stm32_gpio_intc_set_irq_callback
                0x0800243c       0x40 zephyr/drivers/interrupt_controller/libdrivers__interrupt_controller.a(intc_gpio_stm32.c.obj)
                0x0800243c                stm32_gpio_intc_set_irq_callback
 .text.stm32_gpio_intc_remove_irq_callback
                0x0800247c       0x24 zephyr/drivers/interrupt_controller/libdrivers__interrupt_controller.a(intc_gpio_stm32.c.obj)
                0x0800247c                stm32_gpio_intc_remove_irq_callback
 .text.stm32_exti_get_line_src_port
                0x080024a0       0x30 zephyr/drivers/interrupt_controller/libdrivers__interrupt_controller.a(intc_gpio_stm32.c.obj)
                0x080024a0                stm32_exti_get_line_src_port
 .text.adc_stm32_channel_setup
                0x080024d0       0xc8 zephyr/drivers/adc/libdrivers__adc.a(adc_stm32.c.obj)
 .text.adc_stm32_init
                0x08002598       0xd4 zephyr/drivers/adc/libdrivers__adc.a(adc_stm32.c.obj)
 .text.adc_stm32_isr_18
                0x0800266c       0xd4 zephyr/drivers/adc/libdrivers__adc.a(adc_stm32.c.obj)
 .text.adc_stm32_read_sync
                0x08002740      0x264 zephyr/drivers/adc/libdrivers__adc.a(adc_stm32.c.obj)
 .text.z_impl_can_send
                0x080029a4       0x80 zephyr/drivers/can/libdrivers__can.a(can_common.c.obj)
                0x080029a4                z_impl_can_send
 .text.z_impl_can_calc_timing
                0x08002a24      0x1d4 zephyr/drivers/can/libdrivers__can.a(can_common.c.obj)
                0x08002a24                z_impl_can_calc_timing
 .text.can_stm32_enter_init_mode
                0x08002bf8       0x3c zephyr/drivers/can/libdrivers__can.a(can_stm32_bxcan.c.obj)
 .text.can_stm32_get_core_clock
                0x08002c34       0x20 zephyr/drivers/can/libdrivers__can.a(can_stm32_bxcan.c.obj)
 .text.can_stm32_set_timing
                0x08002c54       0x70 zephyr/drivers/can/libdrivers__can.a(can_stm32_bxcan.c.obj)
 .text.can_stm32_add_rx_filter
                0x08002cc4      0x130 zephyr/drivers/can/libdrivers__can.a(can_stm32_bxcan.c.obj)
 .text.can_stm32_init
                0x08002df4      0x14c zephyr/drivers/can/libdrivers__can.a(can_stm32_bxcan.c.obj)
 .text.can_stm32_remove_rx_filter
                0x08002f40      0x108 zephyr/drivers/can/libdrivers__can.a(can_stm32_bxcan.c.obj)
 .text.can_stm32_start
                0x08003048       0x8c zephyr/drivers/can/libdrivers__can.a(can_stm32_bxcan.c.obj)
 .text.stm32_clock_control_get_subsys_rate
                0x080030d4       0xac zephyr/drivers/clock_control/libdrivers__clock_control.a(clock_stm32_ll_common.c.obj)
 .text.enabled_clock
                0x08003180       0x20 zephyr/drivers/clock_control/libdrivers__clock_control.a(clock_stm32_ll_common.c.obj)
                0x08003180                enabled_clock
 .text.stm32_clock_control_init
                0x080031a0      0x124 zephyr/drivers/clock_control/libdrivers__clock_control.a(clock_stm32_ll_common.c.obj)
                0x080031a0                stm32_clock_control_init
 .text.get_pllsrc_frequency
                0x080032c4        0x8 zephyr/drivers/clock_control/libdrivers__clock_control.a(clock_stm32f2_f4_f7.c.obj)
                0x080032c4                get_pllsrc_frequency
 .text.config_pll_sysclock
                0x080032cc       0x38 zephyr/drivers/clock_control/libdrivers__clock_control.a(clock_stm32f2_f4_f7.c.obj)
                0x080032cc                config_pll_sysclock
 .text.config_enable_default_clocks
                0x08003304       0x20 zephyr/drivers/clock_control/libdrivers__clock_control.a(clock_stm32f2_f4_f7.c.obj)
                0x08003304                config_enable_default_clocks
 .text.uart_console_init
                0x08003324       0x28 zephyr/drivers/console/libdrivers__console.a(uart_console.c.obj)
 .text.console_out
                0x0800334c       0x28 zephyr/drivers/console/libdrivers__console.a(uart_console.c.obj)
 .text.dma_stm32_get_status
                0x08003374       0x44 zephyr/drivers/dma/libdrivers__dma.a(dma_stm32.c.obj)
 .text.dma_stm32_init
                0x080033b8       0x54 zephyr/drivers/dma/libdrivers__dma.a(dma_stm32.c.obj)
 .text.dma_stm32_configure
                0x0800340c      0x2f4 zephyr/drivers/dma/libdrivers__dma.a(dma_stm32.c.obj)
 .text.dma_stm32_stop
                0x08003700       0x74 zephyr/drivers/dma/libdrivers__dma.a(dma_stm32.c.obj)
 .text.dma_stm32_reload
                0x08003774       0xf4 zephyr/drivers/dma/libdrivers__dma.a(dma_stm32.c.obj)
 .text.dma_stm32_id_to_stream
                0x08003868        0xc zephyr/drivers/dma/libdrivers__dma.a(dma_stm32_v1.c.obj)
                0x08003868                dma_stm32_id_to_stream
 .text.dma_stm32_slot_to_channel
                0x08003874        0xc zephyr/drivers/dma/libdrivers__dma.a(dma_stm32_v1.c.obj)
                0x08003874                dma_stm32_slot_to_channel
 .text.dma_stm32_clear_ht
                0x08003880        0xc zephyr/drivers/dma/libdrivers__dma.a(dma_stm32_v1.c.obj)
                0x08003880                dma_stm32_clear_ht
 .text.dma_stm32_clear_tc
                0x0800388c        0xc zephyr/drivers/dma/libdrivers__dma.a(dma_stm32_v1.c.obj)
                0x0800388c                dma_stm32_clear_tc
 .text.dma_stm32_is_ht_active
                0x08003898       0x18 zephyr/drivers/dma/libdrivers__dma.a(dma_stm32_v1.c.obj)
                0x08003898                dma_stm32_is_ht_active
 .text.dma_stm32_is_tc_active
                0x080038b0       0x18 zephyr/drivers/dma/libdrivers__dma.a(dma_stm32_v1.c.obj)
                0x080038b0                dma_stm32_is_tc_active
 .text.dma_stm32_clear_te
                0x080038c8        0xc zephyr/drivers/dma/libdrivers__dma.a(dma_stm32_v1.c.obj)
                0x080038c8                dma_stm32_clear_te
 .text.dma_stm32_clear_dme
                0x080038d4        0xc zephyr/drivers/dma/libdrivers__dma.a(dma_stm32_v1.c.obj)
                0x080038d4                dma_stm32_clear_dme
 .text.dma_stm32_clear_fe
                0x080038e0        0xc zephyr/drivers/dma/libdrivers__dma.a(dma_stm32_v1.c.obj)
                0x080038e0                dma_stm32_clear_fe
 .text.dma_stm32_is_fe_active
                0x080038ec       0x18 zephyr/drivers/dma/libdrivers__dma.a(dma_stm32_v1.c.obj)
                0x080038ec                dma_stm32_is_fe_active
 .text.stm32_dma_is_tc_irq_active
                0x08003904       0x2c zephyr/drivers/dma/libdrivers__dma.a(dma_stm32_v1.c.obj)
                0x08003904                stm32_dma_is_tc_irq_active
 .text.stm32_dma_is_ht_irq_active
                0x08003930       0x2c zephyr/drivers/dma/libdrivers__dma.a(dma_stm32_v1.c.obj)
                0x08003930                stm32_dma_is_ht_irq_active
 .text.stm32_dma_is_irq_happened
                0x0800395c       0x24 zephyr/drivers/dma/libdrivers__dma.a(dma_stm32_v1.c.obj)
                0x0800395c                stm32_dma_is_irq_happened
 .text.stm32_dma_enable_stream
                0x08003980       0x1c zephyr/drivers/dma/libdrivers__dma.a(dma_stm32_v1.c.obj)
                0x08003980                stm32_dma_enable_stream
 .text.stm32_dma_is_enabled_stream
                0x0800399c       0x1c zephyr/drivers/dma/libdrivers__dma.a(dma_stm32_v1.c.obj)
                0x0800399c                stm32_dma_is_enabled_stream
 .text.stm32_dma_disable_stream
                0x080039b8       0x34 zephyr/drivers/dma/libdrivers__dma.a(dma_stm32_v1.c.obj)
                0x080039b8                stm32_dma_disable_stream
 .text.stm32_dma_disable_fifo_irq
                0x080039ec       0x20 zephyr/drivers/dma/libdrivers__dma.a(dma_stm32_v1.c.obj)
                0x080039ec                stm32_dma_disable_fifo_irq
 .text.stm32_dma_get_mburst
                0x08003a0c       0x1c zephyr/drivers/dma/libdrivers__dma.a(dma_stm32_v1.c.obj)
                0x08003a0c                stm32_dma_get_mburst
 .text.stm32_dma_get_pburst
                0x08003a28       0x1c zephyr/drivers/dma/libdrivers__dma.a(dma_stm32_v1.c.obj)
                0x08003a28                stm32_dma_get_pburst
 .text.gpio_stm32_pin_interrupt_configure
                0x08003a44       0xac zephyr/drivers/gpio/libdrivers__gpio.a(gpio_stm32.c.obj)
 .text.i2c_stm32_runtime_configure
                0x08003af0       0x74 zephyr/drivers/i2c/libdrivers__i2c.a(i2c_stm32.c.obj)
                0x08003af0                i2c_stm32_runtime_configure
 .text.i2c_stm32_init
                0x08003b64       0x9c zephyr/drivers/i2c/libdrivers__i2c.a(i2c_stm32.c.obj)
 .text.i2c_stm32_activate
                0x08003c00       0x3c zephyr/drivers/i2c/libdrivers__i2c.a(i2c_stm32_common.c.obj)
                0x08003c00                i2c_stm32_activate
 .text.i2c_stm32_configure_timing
                0x08003c3c       0xa8 zephyr/drivers/i2c/libdrivers__i2c.a(i2c_stm32_v1.c.obj)
                0x08003c3c                i2c_stm32_configure_timing
 .text.uart_stm32_parameters_set
                0x08003ce4      0x104 zephyr/drivers/serial/libdrivers__serial.a(uart_stm32.c.obj)
 .text.uart_stm32_configure
                0x08003de8       0xe4 zephyr/drivers/serial/libdrivers__serial.a(uart_stm32.c.obj)
 .text.uart_stm32_init
                0x08003ecc      0x220 zephyr/drivers/serial/libdrivers__serial.a(uart_stm32.c.obj)
 .text.spi_stm32_init
                0x080040ec       0x50 zephyr/drivers/spi/libdrivers__spi.a(spi_stm32.c.obj)
 .text.spi_stm32_transceive_sync
                0x0800413c      0x3d8 zephyr/drivers/spi/libdrivers__spi.a(spi_stm32.c.obj)
 .text.elapsed  0x08004514       0x44 zephyr/drivers/timer/libdrivers__timer.a(cortex_m_systick.c.obj)
 .text.sys_clock_driver_init
                0x08004558       0x34 zephyr/drivers/timer/libdrivers__timer.a(cortex_m_systick.c.obj)
 .text.sys_clock_isr
                0x0800458c       0x6c zephyr/drivers/timer/libdrivers__timer.a(cortex_m_systick.c.obj)
                0x0800458c                sys_clock_isr
 .text.sys_clock_set_timeout
                0x080045f8       0xf4 zephyr/drivers/timer/libdrivers__timer.a(cortex_m_systick.c.obj)
                0x080045f8                sys_clock_set_timeout
 .text.sys_clock_elapsed
                0x080046ec       0x3c zephyr/drivers/timer/libdrivers__timer.a(cortex_m_systick.c.obj)
                0x080046ec                sys_clock_elapsed
 .text.sys_clock_cycle_get_32
                0x08004728       0x28 zephyr/drivers/timer/libdrivers__timer.a(cortex_m_systick.c.obj)
                0x08004728                sys_clock_cycle_get_32
 .text.HAL_RCC_GetSysClockFreq
                0x08004750       0x5c modules/hal_stm32/stm32cube/lib..__modules__hal__stm32__stm32cube.a(stm32f4xx_hal_rcc.c.obj)
                0x08004750                HAL_RCC_GetSysClockFreq
 .text.LL_DMA_Init
                0x080047ac       0x84 modules/hal_stm32/stm32cube/lib..__modules__hal__stm32__stm32cube.a(stm32f4xx_ll_dma.c.obj)
                0x080047ac                LL_DMA_Init
 .text.LL_SetFlashLatency
                0x08004830       0xcc modules/hal_stm32/stm32cube/lib..__modules__hal__stm32__stm32cube.a(stm32f4xx_ll_utils.c.obj)
                0x08004830                LL_SetFlashLatency
 .text.z_fatal_error
                0x080048fc       0x30 zephyr/kernel/libkernel.a(fatal.c.obj)
                0x080048fc                z_fatal_error
 .text.z_sys_init_run_level
                0x0800492c       0x30 zephyr/kernel/libkernel.a(init.c.obj)
 .text.bg_thread_main
                0x0800495c       0xc0 zephyr/kernel/libkernel.a(init.c.obj)
 .text.z_init_cpu
                0x08004a1c       0x6c zephyr/kernel/libkernel.a(init.c.obj)
                0x08004a1c                z_init_cpu
 .text.z_cstart
                0x08004a88       0xcc zephyr/kernel/libkernel.a(init.c.obj)
                0x08004a88                z_cstart
 .text.z_impl_k_mutex_lock
                0x08004b54       0xe4 zephyr/kernel/libkernel.a(mutex.c.obj)
                0x08004b54                z_impl_k_mutex_lock
 .text.z_impl_k_mutex_unlock
                0x08004c38       0xa0 zephyr/kernel/libkernel.a(mutex.c.obj)
                0x08004c38                z_impl_k_mutex_unlock
 .text.z_impl_k_sem_give
                0x08004cd8       0x68 zephyr/kernel/libkernel.a(sem.c.obj)
                0x08004cd8                z_impl_k_sem_give
 .text.z_impl_k_sem_take
                0x08004d40       0x4c zephyr/kernel/libkernel.a(sem.c.obj)
                0x08004d40                z_impl_k_sem_take
 .text.z_impl_k_sem_reset
                0x08004d8c       0x6c zephyr/kernel/libkernel.a(sem.c.obj)
                0x08004d8c                z_impl_k_sem_reset
 .text.work_queue_main
                0x08004df8      0x160 zephyr/kernel/libkernel.a(work.c.obj)
 .text.submit_to_queue_locked
                0x08004f58       0xa4 zephyr/kernel/libkernel.a(work.c.obj)
 .text.k_work_submit
                0x08004ffc        0xc zephyr/kernel/libkernel.a(work.c.obj)
                0x08004ffc                k_work_submit
 .text.k_work_queue_start
                0x08005008       0x80 zephyr/kernel/libkernel.a(work.c.obj)
                0x08005008                k_work_queue_start
 .text.k_work_reschedule_for_queue
                0x08005088       0x5c zephyr/kernel/libkernel.a(work.c.obj)
                0x08005088                k_work_reschedule_for_queue
 .text.k_work_reschedule
                0x080050e4        0xc zephyr/kernel/libkernel.a(work.c.obj)
                0x080050e4                k_work_reschedule
 .text.z_setup_new_thread
                0x080050f0       0x98 zephyr/kernel/libkernel.a(thread.c.obj)
                0x080050f0                z_setup_new_thread
 .text.z_impl_k_thread_create
                0x08005188       0x58 zephyr/kernel/libkernel.a(thread.c.obj)
                0x08005188                z_impl_k_thread_create
 .text.z_dummy_thread_init
                0x080051e0       0x20 zephyr/kernel/libkernel.a(thread.c.obj)
                0x080051e0                z_dummy_thread_init
 .text.z_swap_irqlock
                0x08005200       0x30 zephyr/kernel/libkernel.a(sched.c.obj)
 .text.ready_thread
                0x08005230       0x80 zephyr/kernel/libkernel.a(sched.c.obj)
 .text.unready_thread
                0x080052b0       0x54 zephyr/kernel/libkernel.a(sched.c.obj)
 .text.add_thread_timeout
                0x08005304       0x1c zephyr/kernel/libkernel.a(sched.c.obj)
 .text.reschedule.isra.0
                0x08005320       0x28 zephyr/kernel/libkernel.a(sched.c.obj)
 .text.move_current_to_end_of_prio_q
                0x08005348       0x6c zephyr/kernel/libkernel.a(sched.c.obj)
                0x08005348                move_current_to_end_of_prio_q
 .text.z_pend_curr
                0x080053b4       0x44 zephyr/kernel/libkernel.a(sched.c.obj)
                0x080053b4                z_pend_curr
 .text.z_thread_prio_set
                0x080053f8       0xd8 zephyr/kernel/libkernel.a(sched.c.obj)
                0x080053f8                z_thread_prio_set
 .text.z_reschedule_irqlock
                0x080054d0       0x28 zephyr/kernel/libkernel.a(sched.c.obj)
                0x080054d0                z_reschedule_irqlock
 .text.k_sched_lock
                0x080054f8       0x28 zephyr/kernel/libkernel.a(sched.c.obj)
                0x080054f8                k_sched_lock
 .text.k_sched_unlock
                0x08005520       0x54 zephyr/kernel/libkernel.a(sched.c.obj)
                0x08005520                k_sched_unlock
 .text.z_sched_init
                0x08005574       0x10 zephyr/kernel/libkernel.a(sched.c.obj)
                0x08005574                z_sched_init
 .text.z_impl_k_yield
                0x08005584       0x84 zephyr/kernel/libkernel.a(sched.c.obj)
                0x08005584                z_impl_k_yield
 .text.z_tick_sleep
                0x08005608       0x78 zephyr/kernel/libkernel.a(sched.c.obj)
 .text.z_impl_k_sched_current_thread_query
                0x08005680        0xc zephyr/kernel/libkernel.a(sched.c.obj)
                0x08005680                z_impl_k_sched_current_thread_query
 .text.z_thread_abort
                0x0800568c      0x13c zephyr/kernel/libkernel.a(sched.c.obj)
                0x0800568c                z_thread_abort
 .text.z_sched_wait
                0x080057c8       0x24 zephyr/kernel/libkernel.a(sched.c.obj)
                0x080057c8                z_sched_wait
 .text.z_time_slice_size
                0x080057ec       0x40 zephyr/kernel/libkernel.a(timeslicing.c.obj)
 .text.slice_timeout
                0x0800582c       0x20 zephyr/kernel/libkernel.a(timeslicing.c.obj)
 .text.z_reset_time_slice
                0x0800584c       0x44 zephyr/kernel/libkernel.a(timeslicing.c.obj)
                0x0800584c                z_reset_time_slice
 .text.z_time_slice
                0x08005890       0x5c zephyr/kernel/libkernel.a(timeslicing.c.obj)
                0x08005890                z_time_slice
 .text.first    0x080058ec       0x10 zephyr/kernel/libkernel.a(timeout.c.obj)
 .text.elapsed  0x080058fc       0x14 zephyr/kernel/libkernel.a(timeout.c.obj)
 .text.remove_timeout
                0x08005910       0x38 zephyr/kernel/libkernel.a(timeout.c.obj)
 .text.z_add_timeout
                0x08005948      0x120 zephyr/kernel/libkernel.a(timeout.c.obj)
                0x08005948                z_add_timeout
 .text.sys_clock_announce_locked
                0x08005a68       0xb0 zephyr/kernel/libkernel.a(timeout.c.obj)
                0x08005a68                sys_clock_announce_locked
 .text.sys_clock_tick_get
                0x08005b18       0x30 zephyr/kernel/libkernel.a(timeout.c.obj)
                0x08005b18                sys_clock_tick_get
 .text.z_timer_expiration_handler
                0x08005b48      0x108 zephyr/kernel/libkernel.a(timer.c.obj)
                0x08005b48                z_timer_expiration_handler
 .text.z_impl_k_timer_start
                0x08005c50       0x70 zephyr/kernel/libkernel.a(timer.c.obj)
                0x08005c50                z_impl_k_timer_start
 .text.z_impl_k_timer_stop
                0x08005cc0       0x60 zephyr/kernel/libkernel.a(timer.c.obj)
                0x08005cc0                z_impl_k_timer_stop
 .text.k_thread_system_pool_assign
                0x08005d20        0xc zephyr/kernel/libkernel.a(mempool.c.obj)
                0x08005d20                k_thread_system_pool_assign
 .text.boot_banner
                0x08005d2c        0xc zephyr/kernel/libkernel.a(banner.c.obj)
                0x08005d2c                boot_banner
 .text.statics_init
                0x08005d38       0x24 zephyr/kernel/libkernel.a(kheap.c.obj)
 .text.k_sys_work_q_init
                0x08005d5c       0x2c zephyr/kernel/libkernel.a(system_work_q.c.obj)
 .text.skip_to_arg
                0x08005d88      0x120 /home/tuangaooo/zephyr-sdk-1.0.1/gnu/arm-zephyr-eabi/bin/../lib/gcc/arm-zephyr-eabi/14.3.0/../../../../arm-zephyr-eabi/lib/thumb/v7e-m+fp/hard/space/libc.a(libc_tinystdio_vfprintf.c.o)
 .text.vfprintf
                0x08005ea8      0x95c /home/tuangaooo/zephyr-sdk-1.0.1/gnu/arm-zephyr-eabi/bin/../lib/gcc/arm-zephyr-eabi/14.3.0/../../../../arm-zephyr-eabi/lib/thumb/v7e-m+fp/hard/space/libc.a(libc_tinystdio_vfprintf.c.o)
                0x08005ea8                __d_vfprintf
 .text.div10    0x08006804       0x28 /home/tuangaooo/zephyr-sdk-1.0.1/gnu/arm-zephyr-eabi/bin/../lib/gcc/arm-zephyr-eabi/14.3.0/../../../../arm-zephyr-eabi/lib/thumb/v7e-m+fp/hard/space/libc.a(libc_tinystdio_dtoa_ryu.c.o)
 .text.__dtoa_engine
                0x0800682c      0x474 /home/tuangaooo/zephyr-sdk-1.0.1/gnu/arm-zephyr-eabi/bin/../lib/gcc/arm-zephyr-eabi/14.3.0/../../../../arm-zephyr-eabi/lib/thumb/v7e-m+fp/hard/space/libc.a(libc_tinystdio_dtoa_ryu.c.o)
                0x0800682c                __dtoa_engine
 .text.__log10Pow2
                0x08006ca0        0xc /home/tuangaooo/zephyr-sdk-1.0.1/gnu/arm-zephyr-eabi/bin/../lib/gcc/arm-zephyr-eabi/14.3.0/../../../../arm-zephyr-eabi/lib/thumb/v7e-m+fp/hard/space/libc.a(libc_tinystdio_ryu_log10.c.o)
                0x08006ca0                __log10Pow2
 .text.__log10Pow5
                0x08006cac        0xc /home/tuangaooo/zephyr-sdk-1.0.1/gnu/arm-zephyr-eabi/bin/../lib/gcc/arm-zephyr-eabi/14.3.0/../../../../arm-zephyr-eabi/lib/thumb/v7e-m+fp/hard/space/libc.a(libc_tinystdio_ryu_log10.c.o)
                0x08006cac                __log10Pow5
 .text.__pow5bits
                0x08006cb8       0x10 /home/tuangaooo/zephyr-sdk-1.0.1/gnu/arm-zephyr-eabi/bin/../lib/gcc/arm-zephyr-eabi/14.3.0/../../../../arm-zephyr-eabi/lib/thumb/v7e-m+fp/hard/space/libc.a(libc_tinystdio_ryu_pow5bits.c.o)
                0x08006cb8                __pow5bits
 .text.__pow5Factor
                0x08006cc8       0x30 /home/tuangaooo/zephyr-sdk-1.0.1/gnu/arm-zephyr-eabi/bin/../lib/gcc/arm-zephyr-eabi/14.3.0/../../../../arm-zephyr-eabi/lib/thumb/v7e-m+fp/hard/space/libc.a(libc_tinystdio_ryu_table.c.o)
                0x08006cc8                __pow5Factor
 .text.__double_computePow5
                0x08006cf8       0xe8 /home/tuangaooo/zephyr-sdk-1.0.1/gnu/arm-zephyr-eabi/bin/../lib/gcc/arm-zephyr-eabi/14.3.0/../../../../arm-zephyr-eabi/lib/thumb/v7e-m+fp/hard/space/libc.a(libc_tinystdio_ryu_table.c.o)
                0x08006cf8                __double_computePow5
 .text.__double_computeInvPow5
                0x08006de0       0xf8 /home/tuangaooo/zephyr-sdk-1.0.1/gnu/arm-zephyr-eabi/bin/../lib/gcc/arm-zephyr-eabi/14.3.0/../../../../arm-zephyr-eabi/lib/thumb/v7e-m+fp/hard/space/libc.a(libc_tinystdio_ryu_table.c.o)
                0x08006de0                __double_computeInvPow5
 .text.roundf   0x08006ed8       0x48 /home/tuangaooo/zephyr-sdk-1.0.1/gnu/arm-zephyr-eabi/bin/../lib/gcc/arm-zephyr-eabi/14.3.0/../../../../arm-zephyr-eabi/lib/thumb/v7e-m+fp/hard/space/libc.a(libm_machine_arm_sf_round.c.o)
                0x08006ed8                roundf
 .text.cosf     0x08006f20       0x74 /home/tuangaooo/zephyr-sdk-1.0.1/gnu/arm-zephyr-eabi/bin/../lib/gcc/arm-zephyr-eabi/14.3.0/../../../../arm-zephyr-eabi/lib/thumb/v7e-m+fp/hard/space/libc.a(libm_math_sf_cos.c.o)
                0x08006f20                cosf
                0x08006f20                _cosf
 .text.__rem_pio2f
                0x08006f94      0x254 /home/tuangaooo/zephyr-sdk-1.0.1/gnu/arm-zephyr-eabi/bin/../lib/gcc/arm-zephyr-eabi/14.3.0/../../../../arm-zephyr-eabi/lib/thumb/v7e-m+fp/hard/space/libc.a(libm_math_sf_rem_pio2.c.o)
                0x08006f94                __rem_pio2f
 .text.sinf     0x080071e8       0x78 /home/tuangaooo/zephyr-sdk-1.0.1/gnu/arm-zephyr-eabi/bin/../lib/gcc/arm-zephyr-eabi/14.3.0/../../../../arm-zephyr-eabi/lib/thumb/v7e-m+fp/hard/space/libc.a(libm_math_sf_sin.c.o)
                0x080071e8                _sinf
                0x080071e8                sinf
 .text.__math_invalidf
                0x08007260       0x28 /home/tuangaooo/zephyr-sdk-1.0.1/gnu/arm-zephyr-eabi/bin/../lib/gcc/arm-zephyr-eabi/14.3.0/../../../../arm-zephyr-eabi/lib/thumb/v7e-m+fp/hard/space/libc.a(libm_common_math_errf_invalidf.c.o)
                0x08007260                __math_invalidf
 .text.__kernel_cosf
                0x08007288       0xb0 /home/tuangaooo/zephyr-sdk-1.0.1/gnu/arm-zephyr-eabi/bin/../lib/gcc/arm-zephyr-eabi/14.3.0/../../../../arm-zephyr-eabi/lib/thumb/v7e-m+fp/hard/space/libc.a(libm_math_kf_cos.c.o)
                0x08007288                __kernel_cosf
 .text.__kernel_rem_pio2f
                0x08007338      0x4cc /home/tuangaooo/zephyr-sdk-1.0.1/gnu/arm-zephyr-eabi/bin/../lib/gcc/arm-zephyr-eabi/14.3.0/../../../../arm-zephyr-eabi/lib/thumb/v7e-m+fp/hard/space/libc.a(libm_math_kf_rem_pio2.c.o)
                0x08007338                __kernel_rem_pio2f
 .text.__kernel_sinf
                0x08007804       0x90 /home/tuangaooo/zephyr-sdk-1.0.1/gnu/arm-zephyr-eabi/bin/../lib/gcc/arm-zephyr-eabi/14.3.0/../../../../arm-zephyr-eabi/lib/thumb/v7e-m+fp/hard/space/libc.a(libm_math_kf_sin.c.o)
                0x08007804                __kernel_sinf
 .text.__math_inexactf
                0x08007894       0x1c /home/tuangaooo/zephyr-sdk-1.0.1/gnu/arm-zephyr-eabi/bin/../lib/gcc/arm-zephyr-eabi/14.3.0/../../../../arm-zephyr-eabi/lib/thumb/v7e-m+fp/hard/space/libc.a(libm_common_math_inexactf.c.o)
                0x08007894                __math_inexactf
 .text.scalbnf  0x080078b0       0x8c /home/tuangaooo/zephyr-sdk-1.0.1/gnu/arm-zephyr-eabi/bin/../lib/gcc/arm-zephyr-eabi/14.3.0/../../../../arm-zephyr-eabi/lib/thumb/v7e-m+fp/hard/space/libc.a(libm_common_sf_scalbn.c.o)
                0x080078b0                ldexpf
                0x080078b0                scalbnf
 .text.__math_uflowf
                0x0800793c       0x20 /home/tuangaooo/zephyr-sdk-1.0.1/gnu/arm-zephyr-eabi/bin/../lib/gcc/arm-zephyr-eabi/14.3.0/../../../../arm-zephyr-eabi/lib/thumb/v7e-m+fp/hard/space/libc.a(libm_common_math_errf_uflowf.c.o)
                0x0800793c                __math_uflowf
 .text.__math_oflowf
                0x0800795c       0x20 /home/tuangaooo/zephyr-sdk-1.0.1/gnu/arm-zephyr-eabi/bin/../lib/gcc/arm-zephyr-eabi/14.3.0/../../../../arm-zephyr-eabi/lib/thumb/v7e-m+fp/hard/space/libc.a(libm_common_math_errf_oflowf.c.o)
                0x0800795c                __math_oflowf
 .text.floorf   0x0800797c       0x60 /home/tuangaooo/zephyr-sdk-1.0.1/gnu/arm-zephyr-eabi/bin/../lib/gcc/arm-zephyr-eabi/14.3.0/../../../../arm-zephyr-eabi/lib/thumb/v7e-m+fp/hard/space/libc.a(libm_machine_arm_sf_floor.c.o)
                0x0800797c                floorf
 .text._OffsetAbsSyms
                0x080079dc        0x2 zephyr/CMakeFiles/offsets.dir/./arch/arm/core/offsets/offsets.c.obj
                0x080079dc                _OffsetAbsSyms
 .text.gpio_pin_set_dt.isra.0
                0x080079de       0x28 app/libapp.a(main.c.obj)
 .text.z_impl_gpio_pin_configure.isra.0
                0x08007a06       0x36 app/libapp.a(main.c.obj)
 .text.k_msleep.isra.0
                0x08007a3c        0xa app/libapp.a(main.c.obj)
 .text.bno055_setPage
                0x08007a46        0x8 app/libapp.a(bno055.c.obj)
                0x08007a46                bno055_setPage
 .text.bno055_setOperationMode
                0x08007a4e       0x1c app/libapp.a(bno055.c.obj)
                0x08007a4e                bno055_setOperationMode
 .text.bno055_setOperationModeConfig
                0x08007a6a        0x6 app/libapp.a(bno055.c.obj)
                0x08007a6a                bno055_setOperationModeConfig
 .text.bno055_setOperationModeNDOF
                0x08007a70        0x6 app/libapp.a(bno055.c.obj)
                0x08007a70                bno055_setOperationModeNDOF
 .text.bno055_reset
                0x08007a76       0x16 app/libapp.a(bno055.c.obj)
                0x08007a76                bno055_reset
 .text.bno055_setup
                0x08007a8c       0x34 app/libapp.a(bno055.c.obj)
                0x08007a8c                bno055_setup
 .text.bno055_getVectorEuler
                0x08007ac0        0xa app/libapp.a(bno055.c.obj)
                0x08007ac0                bno055_getVectorEuler
 .text.bno055_delay
                0x08007aca        0xe app/libapp.a(bno055_zephyr.c.obj)
                0x08007aca                bno055_delay
 .text.PCA9685_Write8.isra.0
                0x08007ad8       0x36 app/libapp.a(pca9685_zephyr.c.obj)
 .text.PCA9685_Init_Z
                0x08007b0e       0x16 app/libapp.a(pca9685_zephyr.c.obj)
                0x08007b0e                PCA9685_Init_Z
 .text.chunk_size
                0x08007b24        0xa zephyr/libzephyr.a(heap.c.obj)
 .text.free_list_add
                0x08007b2e       0x4e zephyr/libzephyr.a(heap.c.obj)
 .text.sys_heap_init
                0x08007b7c       0x82 zephyr/libzephyr.a(heap.c.obj)
                0x08007b7c                sys_heap_init
 .text.arch_printk_char_out
                0x08007bfe        0x4 zephyr/libzephyr.a(printk.c.obj)
                0x08007bfe                arch_printk_char_out
 .text.printk   0x08007c02       0x1a zephyr/libzephyr.a(printk.c.obj)
                0x08007c02                printk
 .text._ConfigAbsSyms
                0x08007c1c        0x2 zephyr/libzephyr.a(configs.c.obj)
                0x08007c1c                _ConfigAbsSyms
 .text.stm32_gpioport_configure_pin
                0x08007c1e      0x10a zephyr/libzephyr.a(gpioport_mgr.c.obj)
                0x08007c1e                stm32_gpioport_configure_pin
 .text.arch_early_memset
                0x08007d28        0x4 zephyr/arch/common/libarch__common.a(init.c.obj)
                0x08007d28                arch_early_memset
 .text.arch_early_memcpy
                0x08007d2c        0x4 zephyr/arch/common/libarch__common.a(init.c.obj)
                0x08007d2c                arch_early_memcpy
 .text.z_shared_isr
                0x08007d30       0x20 zephyr/arch/common/libarch__common.a(shared_irq.c.obj)
                0x08007d30                z_shared_isr
 .text.z_do_kernel_oops
                0x08007d50        0x8 zephyr/arch/arch/arm/core/libarch__arm__core.a(fatal.c.obj)
                0x08007d50                z_do_kernel_oops
 .text.z_arm_nmi
                0x08007d58        0xe zephyr/arch/arch/arm/core/libarch__arm__core.a(nmi.c.obj)
                0x08007d58                z_arm_nmi
 .text.z_irq_spurious
                0x08007d66        0x8 zephyr/arch/arch/arm/core/cortex_m/libarch__arm__core__cortex_m.a(irq_manage.c.obj)
                0x08007d66                z_irq_spurious
 .text.arch_coprocessors_disable
                0x08007d6e        0x4 zephyr/arch/arch/arm/core/cortex_m/libarch__arm__core__cortex_m.a(thread.c.obj)
                0x08007d6e                arch_coprocessors_disable
 .text.arch_irq_unlock_outlined
                0x08007d72        0xe zephyr/arch/arch/arm/core/cortex_m/libarch__arm__core__cortex_m.a(thread.c.obj)
                0x08007d72                arch_irq_unlock_outlined
 .text.arch_cpu_idle
                0x08007d80       0x1a zephyr/arch/arch/arm/core/cortex_m/libarch__arm__core__cortex_m.a(cpu_idle.c.obj)
                0x08007d80                arch_cpu_idle
 .text.size_to_mpu_rasr_size
                0x08007d9a       0x20 zephyr/arch/arch/arm/core/mpu/libarch__arm__core__mpu.a(arm_mpu.c.obj)
 .text.picolibc_put
                0x08007dba        0xa zephyr/lib/libc/picolibc/liblib__libc__picolibc.a(stdio.c.obj)
 .text.stm32_exti_gpio_intc_init
                0x08007dc4       0x92 zephyr/drivers/interrupt_controller/libdrivers__interrupt_controller.a(intc_gpio_stm32.c.obj)
 .text.stm32_gpio_intc_get_pin_irq_line
                0x08007e56        0xa zephyr/drivers/interrupt_controller/libdrivers__interrupt_controller.a(intc_gpio_stm32.c.obj)
                0x08007e56                stm32_gpio_intc_get_pin_irq_line
 .text.stm32_exti_set_line_src_port
                0x08007e60       0x36 zephyr/drivers/interrupt_controller/libdrivers__interrupt_controller.a(intc_gpio_stm32.c.obj)
                0x08007e60                stm32_exti_set_line_src_port
 .text.adc_stm32_isr_18_init
                0x08007e96       0x16 zephyr/drivers/adc/libdrivers__adc.a(adc_stm32.c.obj)
 .text.adc_context_start_sampling
                0x08007eac       0x16 zephyr/drivers/adc/libdrivers__adc.a(adc_stm32.c.obj)
 .text.adc_context_on_timer_expired
                0x08007ec2       0x32 zephyr/drivers/adc/libdrivers__adc.a(adc_stm32.c.obj)
 .text.can_tx_default_cb
                0x08007ef4        0x8 zephyr/drivers/can/libdrivers__can.a(can_common.c.obj)
 .text.can_add_rx_filter
                0x08007efc       0x3c zephyr/drivers/can/libdrivers__can.a(can_common.c.obj)
                0x08007efc                can_add_rx_filter
 .text.z_impl_can_set_timing
                0x08007f38       0x66 zephyr/drivers/can/libdrivers__can.a(can_common.c.obj)
                0x08007f38                z_impl_can_set_timing
 .text.can_stm32_signal_tx_complete
                0x08007f9e       0x14 zephyr/drivers/can/libdrivers__can.a(can_stm32_bxcan.c.obj)
 .text.can_stm32_get_state
                0x08007fb2       0x42 zephyr/drivers/can/libdrivers__can.a(can_stm32_bxcan.c.obj)
 .text.can_stm32_get_capabilities
                0x08007ff4        0x8 zephyr/drivers/can/libdrivers__can.a(can_stm32_bxcan.c.obj)
 .text.can_stm32_get_max_filters
                0x08007ffc        0xa zephyr/drivers/can/libdrivers__can.a(can_stm32_bxcan.c.obj)
 .text.can_stm32_set_state_change_callback
                0x08008006       0x1e zephyr/drivers/can/libdrivers__can.a(can_stm32_bxcan.c.obj)
 .text.config_can_0_irq
                0x08008024       0x42 zephyr/drivers/can/libdrivers__can.a(can_stm32_bxcan.c.obj)
 .text.can_stm32_rx_isr
                0x08008066       0xb2 zephyr/drivers/can/libdrivers__can.a(can_stm32_bxcan.c.obj)
 .text.can_stm32_tx_isr_handler
                0x08008118      0x104 zephyr/drivers/can/libdrivers__can.a(can_stm32_bxcan.c.obj)
 .text.can_stm32_tx_isr
                0x0800821c        0x4 zephyr/drivers/can/libdrivers__can.a(can_stm32_bxcan.c.obj)
 .text.can_stm32_state_change_isr
                0x08008220       0x4e zephyr/drivers/can/libdrivers__can.a(can_stm32_bxcan.c.obj)
 .text.k_mutex_lock.constprop.0.isra.0
                0x0800826e        0x4 zephyr/drivers/can/libdrivers__can.a(can_stm32_bxcan.c.obj)
 .text.k_mutex_unlock.isra.0
                0x08008272        0x4 zephyr/drivers/can/libdrivers__can.a(can_stm32_bxcan.c.obj)
 .text.can_stm32_stop
                0x08008276       0x94 zephyr/drivers/can/libdrivers__can.a(can_stm32_bxcan.c.obj)
 .text.can_stm32_send
                0x0800830a      0x122 zephyr/drivers/can/libdrivers__can.a(can_stm32_bxcan.c.obj)
 .text.can_stm32_set_mode
                0x0800842c       0x6e zephyr/drivers/can/libdrivers__can.a(can_stm32_bxcan.c.obj)
 .text.stm32_clock_control_on
                0x0800849a       0x44 zephyr/drivers/clock_control/libdrivers__clock_control.a(clock_stm32_ll_common.c.obj)
 .text.stm32_clock_control_off
                0x080084de       0x2c zephyr/drivers/clock_control/libdrivers__clock_control.a(clock_stm32_ll_common.c.obj)
 .text.stm32_clock_control_configure
                0x0800850a       0x46 zephyr/drivers/clock_control/libdrivers__clock_control.a(clock_stm32_ll_common.c.obj)
 .text.stm32_clock_control_get_status
                0x08008550       0x38 zephyr/drivers/clock_control/libdrivers__clock_control.a(clock_stm32_ll_common.c.obj)
 .text.config_regulator_voltage
                0x08008588        0x2 zephyr/drivers/clock_control/libdrivers__clock_control.a(clock_stm32_ll_common.c.obj)
                0x08008588                config_regulator_voltage
 .text.dma_stm32_config_irq_0
                0x0800858a       0x86 zephyr/drivers/dma/libdrivers__dma.a(dma_stm32.c.obj)
 .text.dma_stm32_config_irq_1
                0x08008610       0x86 zephyr/drivers/dma/libdrivers__dma.a(dma_stm32.c.obj)
 .text.dma_stm32_disable_stream
                0x08008696       0x28 zephyr/drivers/dma/libdrivers__dma.a(dma_stm32.c.obj)
 .text.dma_stm32_clear_stream_irq.isra.0
                0x080086be       0x20 zephyr/drivers/dma/libdrivers__dma.a(dma_stm32.c.obj)
 .text.dma_stm32_start
                0x080086de       0x3e zephyr/drivers/dma/libdrivers__dma.a(dma_stm32.c.obj)
 .text.dma_stm32_irq_handler
                0x0800871c       0xb6 zephyr/drivers/dma/libdrivers__dma.a(dma_stm32.c.obj)
 .text.dma_stm32_irq_0_0
                0x080087d2        0x6 zephyr/drivers/dma/libdrivers__dma.a(dma_stm32.c.obj)
 .text.dma_stm32_irq_1_0
                0x080087d8        0x4 zephyr/drivers/dma/libdrivers__dma.a(dma_stm32.c.obj)
 .text.dma_stm32_irq_0_1
                0x080087dc        0x6 zephyr/drivers/dma/libdrivers__dma.a(dma_stm32.c.obj)
 .text.dma_stm32_irq_1_1
                0x080087e2        0x4 zephyr/drivers/dma/libdrivers__dma.a(dma_stm32.c.obj)
 .text.dma_stm32_irq_0_2
                0x080087e6        0x6 zephyr/drivers/dma/libdrivers__dma.a(dma_stm32.c.obj)
 .text.dma_stm32_irq_1_2
                0x080087ec        0x4 zephyr/drivers/dma/libdrivers__dma.a(dma_stm32.c.obj)
 .text.dma_stm32_irq_0_3
                0x080087f0        0x6 zephyr/drivers/dma/libdrivers__dma.a(dma_stm32.c.obj)
 .text.dma_stm32_irq_1_3
                0x080087f6        0x4 zephyr/drivers/dma/libdrivers__dma.a(dma_stm32.c.obj)
 .text.dma_stm32_irq_0_4
                0x080087fa        0x6 zephyr/drivers/dma/libdrivers__dma.a(dma_stm32.c.obj)
 .text.dma_stm32_irq_1_4
                0x08008800        0x4 zephyr/drivers/dma/libdrivers__dma.a(dma_stm32.c.obj)
 .text.dma_stm32_irq_0_5
                0x08008804        0x6 zephyr/drivers/dma/libdrivers__dma.a(dma_stm32.c.obj)
 .text.dma_stm32_irq_1_5
                0x0800880a        0x4 zephyr/drivers/dma/libdrivers__dma.a(dma_stm32.c.obj)
 .text.dma_stm32_irq_0_6
                0x0800880e        0x6 zephyr/drivers/dma/libdrivers__dma.a(dma_stm32.c.obj)
 .text.dma_stm32_irq_1_6
                0x08008814        0x4 zephyr/drivers/dma/libdrivers__dma.a(dma_stm32.c.obj)
 .text.dma_stm32_irq_0_7
                0x08008818        0x6 zephyr/drivers/dma/libdrivers__dma.a(dma_stm32.c.obj)
 .text.dma_stm32_irq_1_7
                0x0800881e        0x4 zephyr/drivers/dma/libdrivers__dma.a(dma_stm32.c.obj)
 .text.LL_DMA_IsActiveFlag_HT0
                0x08008822        0x8 zephyr/drivers/dma/libdrivers__dma.a(dma_stm32_v1.c.obj)
 .text.LL_DMA_IsActiveFlag_HT1
                0x0800882a        0x8 zephyr/drivers/dma/libdrivers__dma.a(dma_stm32_v1.c.obj)
 .text.LL_DMA_IsActiveFlag_HT2
                0x08008832        0x8 zephyr/drivers/dma/libdrivers__dma.a(dma_stm32_v1.c.obj)
 .text.LL_DMA_IsActiveFlag_HT3
                0x0800883a        0x8 zephyr/drivers/dma/libdrivers__dma.a(dma_stm32_v1.c.obj)
 .text.LL_DMA_IsActiveFlag_HT4
                0x08008842        0x8 zephyr/drivers/dma/libdrivers__dma.a(dma_stm32_v1.c.obj)
 .text.LL_DMA_IsActiveFlag_HT5
                0x0800884a        0x8 zephyr/drivers/dma/libdrivers__dma.a(dma_stm32_v1.c.obj)
 .text.LL_DMA_IsActiveFlag_HT6
                0x08008852        0x8 zephyr/drivers/dma/libdrivers__dma.a(dma_stm32_v1.c.obj)
 .text.LL_DMA_IsActiveFlag_HT7
                0x0800885a        0x8 zephyr/drivers/dma/libdrivers__dma.a(dma_stm32_v1.c.obj)
 .text.LL_DMA_IsActiveFlag_TC0
                0x08008862        0x8 zephyr/drivers/dma/libdrivers__dma.a(dma_stm32_v1.c.obj)
 .text.LL_DMA_IsActiveFlag_TC1
                0x0800886a        0x8 zephyr/drivers/dma/libdrivers__dma.a(dma_stm32_v1.c.obj)
 .text.LL_DMA_IsActiveFlag_TC2
                0x08008872        0x8 zephyr/drivers/dma/libdrivers__dma.a(dma_stm32_v1.c.obj)
 .text.LL_DMA_IsActiveFlag_TC3
                0x0800887a        0x8 zephyr/drivers/dma/libdrivers__dma.a(dma_stm32_v1.c.obj)
 .text.LL_DMA_IsActiveFlag_TC4
                0x08008882        0x8 zephyr/drivers/dma/libdrivers__dma.a(dma_stm32_v1.c.obj)
 .text.LL_DMA_IsActiveFlag_TC5
                0x0800888a        0x8 zephyr/drivers/dma/libdrivers__dma.a(dma_stm32_v1.c.obj)
 .text.LL_DMA_IsActiveFlag_TC6
                0x08008892        0x8 zephyr/drivers/dma/libdrivers__dma.a(dma_stm32_v1.c.obj)
 .text.LL_DMA_IsActiveFlag_TC7
                0x0800889a        0x8 zephyr/drivers/dma/libdrivers__dma.a(dma_stm32_v1.c.obj)
 .text.LL_DMA_IsActiveFlag_FE0
                0x080088a2        0x8 zephyr/drivers/dma/libdrivers__dma.a(dma_stm32_v1.c.obj)
 .text.LL_DMA_IsActiveFlag_FE1
                0x080088aa        0x8 zephyr/drivers/dma/libdrivers__dma.a(dma_stm32_v1.c.obj)
 .text.LL_DMA_IsActiveFlag_FE2
                0x080088b2        0x8 zephyr/drivers/dma/libdrivers__dma.a(dma_stm32_v1.c.obj)
 .text.LL_DMA_IsActiveFlag_FE3
                0x080088ba        0x8 zephyr/drivers/dma/libdrivers__dma.a(dma_stm32_v1.c.obj)
 .text.LL_DMA_IsActiveFlag_FE4
                0x080088c2        0x8 zephyr/drivers/dma/libdrivers__dma.a(dma_stm32_v1.c.obj)
 .text.LL_DMA_IsActiveFlag_FE5
                0x080088ca        0x8 zephyr/drivers/dma/libdrivers__dma.a(dma_stm32_v1.c.obj)
 .text.LL_DMA_IsActiveFlag_FE6
                0x080088d2        0x8 zephyr/drivers/dma/libdrivers__dma.a(dma_stm32_v1.c.obj)
 .text.LL_DMA_IsActiveFlag_FE7
                0x080088da        0x8 zephyr/drivers/dma/libdrivers__dma.a(dma_stm32_v1.c.obj)
 .text.LL_DMA_ClearFlag_HT0
                0x080088e2        0x6 zephyr/drivers/dma/libdrivers__dma.a(dma_stm32_v1.c.obj)
 .text.LL_DMA_ClearFlag_HT1
                0x080088e8        0x8 zephyr/drivers/dma/libdrivers__dma.a(dma_stm32_v1.c.obj)
 .text.LL_DMA_ClearFlag_HT2
                0x080088f0        0x8 zephyr/drivers/dma/libdrivers__dma.a(dma_stm32_v1.c.obj)
 .text.LL_DMA_ClearFlag_HT3
                0x080088f8        0x8 zephyr/drivers/dma/libdrivers__dma.a(dma_stm32_v1.c.obj)
 .text.LL_DMA_ClearFlag_HT4
                0x08008900        0x6 zephyr/drivers/dma/libdrivers__dma.a(dma_stm32_v1.c.obj)
 .text.LL_DMA_ClearFlag_HT5
                0x08008906        0x8 zephyr/drivers/dma/libdrivers__dma.a(dma_stm32_v1.c.obj)
 .text.LL_DMA_ClearFlag_HT6
                0x0800890e        0x8 zephyr/drivers/dma/libdrivers__dma.a(dma_stm32_v1.c.obj)
 .text.LL_DMA_ClearFlag_HT7
                0x08008916        0x8 zephyr/drivers/dma/libdrivers__dma.a(dma_stm32_v1.c.obj)
 .text.LL_DMA_ClearFlag_TC0
                0x0800891e        0x6 zephyr/drivers/dma/libdrivers__dma.a(dma_stm32_v1.c.obj)
 .text.LL_DMA_ClearFlag_TC1
                0x08008924        0x8 zephyr/drivers/dma/libdrivers__dma.a(dma_stm32_v1.c.obj)
 .text.LL_DMA_ClearFlag_TC2
                0x0800892c        0x8 zephyr/drivers/dma/libdrivers__dma.a(dma_stm32_v1.c.obj)
 .text.LL_DMA_ClearFlag_TC3
                0x08008934        0x8 zephyr/drivers/dma/libdrivers__dma.a(dma_stm32_v1.c.obj)
 .text.LL_DMA_ClearFlag_TC4
                0x0800893c        0x6 zephyr/drivers/dma/libdrivers__dma.a(dma_stm32_v1.c.obj)
 .text.LL_DMA_ClearFlag_TC5
                0x08008942        0x8 zephyr/drivers/dma/libdrivers__dma.a(dma_stm32_v1.c.obj)
 .text.LL_DMA_ClearFlag_TC6
                0x0800894a        0x8 zephyr/drivers/dma/libdrivers__dma.a(dma_stm32_v1.c.obj)
 .text.LL_DMA_ClearFlag_TC7
                0x08008952        0x8 zephyr/drivers/dma/libdrivers__dma.a(dma_stm32_v1.c.obj)
 .text.LL_DMA_ClearFlag_TE0
                0x0800895a        0x6 zephyr/drivers/dma/libdrivers__dma.a(dma_stm32_v1.c.obj)
 .text.LL_DMA_ClearFlag_TE1
                0x08008960        0x8 zephyr/drivers/dma/libdrivers__dma.a(dma_stm32_v1.c.obj)
 .text.LL_DMA_ClearFlag_TE2
                0x08008968        0x8 zephyr/drivers/dma/libdrivers__dma.a(dma_stm32_v1.c.obj)
 .text.LL_DMA_ClearFlag_TE3
                0x08008970        0x8 zephyr/drivers/dma/libdrivers__dma.a(dma_stm32_v1.c.obj)
 .text.LL_DMA_ClearFlag_TE4
                0x08008978        0x6 zephyr/drivers/dma/libdrivers__dma.a(dma_stm32_v1.c.obj)
 .text.LL_DMA_ClearFlag_TE5
                0x0800897e        0x8 zephyr/drivers/dma/libdrivers__dma.a(dma_stm32_v1.c.obj)
 .text.LL_DMA_ClearFlag_TE6
                0x08008986        0x8 zephyr/drivers/dma/libdrivers__dma.a(dma_stm32_v1.c.obj)
 .text.LL_DMA_ClearFlag_TE7
                0x0800898e        0x8 zephyr/drivers/dma/libdrivers__dma.a(dma_stm32_v1.c.obj)
 .text.LL_DMA_ClearFlag_DME0
                0x08008996        0x6 zephyr/drivers/dma/libdrivers__dma.a(dma_stm32_v1.c.obj)
 .text.LL_DMA_ClearFlag_DME1
                0x0800899c        0x8 zephyr/drivers/dma/libdrivers__dma.a(dma_stm32_v1.c.obj)
 .text.LL_DMA_ClearFlag_DME2
                0x080089a4        0x8 zephyr/drivers/dma/libdrivers__dma.a(dma_stm32_v1.c.obj)
 .text.LL_DMA_ClearFlag_DME3
                0x080089ac        0x8 zephyr/drivers/dma/libdrivers__dma.a(dma_stm32_v1.c.obj)
 .text.LL_DMA_ClearFlag_DME4
                0x080089b4        0x6 zephyr/drivers/dma/libdrivers__dma.a(dma_stm32_v1.c.obj)
 .text.LL_DMA_ClearFlag_DME5
                0x080089ba        0x8 zephyr/drivers/dma/libdrivers__dma.a(dma_stm32_v1.c.obj)
 .text.LL_DMA_ClearFlag_DME6
                0x080089c2        0x8 zephyr/drivers/dma/libdrivers__dma.a(dma_stm32_v1.c.obj)
 .text.LL_DMA_ClearFlag_DME7
                0x080089ca        0x8 zephyr/drivers/dma/libdrivers__dma.a(dma_stm32_v1.c.obj)
 .text.LL_DMA_ClearFlag_FE0
                0x080089d2        0x6 zephyr/drivers/dma/libdrivers__dma.a(dma_stm32_v1.c.obj)
 .text.LL_DMA_ClearFlag_FE1
                0x080089d8        0x6 zephyr/drivers/dma/libdrivers__dma.a(dma_stm32_v1.c.obj)
 .text.LL_DMA_ClearFlag_FE2
                0x080089de        0x8 zephyr/drivers/dma/libdrivers__dma.a(dma_stm32_v1.c.obj)
 .text.LL_DMA_ClearFlag_FE3
                0x080089e6        0x8 zephyr/drivers/dma/libdrivers__dma.a(dma_stm32_v1.c.obj)
 .text.LL_DMA_ClearFlag_FE4
                0x080089ee        0x6 zephyr/drivers/dma/libdrivers__dma.a(dma_stm32_v1.c.obj)
 .text.LL_DMA_ClearFlag_FE5
                0x080089f4        0x6 zephyr/drivers/dma/libdrivers__dma.a(dma_stm32_v1.c.obj)
 .text.LL_DMA_ClearFlag_FE6
                0x080089fa        0x8 zephyr/drivers/dma/libdrivers__dma.a(dma_stm32_v1.c.obj)
 .text.LL_DMA_ClearFlag_FE7
                0x08008a02        0x8 zephyr/drivers/dma/libdrivers__dma.a(dma_stm32_v1.c.obj)
 .text.stm32_dma_dump_stream_irq
                0x08008a0a        0x2 zephyr/drivers/dma/libdrivers__dma.a(dma_stm32_v1.c.obj)
                0x08008a0a                stm32_dma_dump_stream_irq
 .text.stm32_dma_clear_stream_irq
                0x08008a0c       0x1e zephyr/drivers/dma/libdrivers__dma.a(dma_stm32_v1.c.obj)
                0x08008a0c                stm32_dma_clear_stream_irq
 .text.stm32_dma_is_unexpected_irq_happened
                0x08008a2a        0x4 zephyr/drivers/dma/libdrivers__dma.a(dma_stm32_v1.c.obj)
                0x08008a2a                stm32_dma_is_unexpected_irq_happened
 .text.stm32_dma_check_fifo_mburst
                0x08008a2e       0x5c zephyr/drivers/dma/libdrivers__dma.a(dma_stm32_v1.c.obj)
                0x08008a2e                stm32_dma_check_fifo_mburst
 .text.stm32_dma_get_fifo_threshold
                0x08008a8a        0xa zephyr/drivers/dma/libdrivers__dma.a(dma_stm32_v1.c.obj)
                0x08008a8a                stm32_dma_get_fifo_threshold
 .text.gpio_stm32_port_get_raw
                0x08008a94        0xc zephyr/drivers/gpio/libdrivers__gpio.a(gpio_stm32.c.obj)
 .text.gpio_stm32_port_set_masked_raw
                0x08008aa0       0x12 zephyr/drivers/gpio/libdrivers__gpio.a(gpio_stm32.c.obj)
 .text.gpio_stm32_port_set_bits_raw
                0x08008ab2        0xa zephyr/drivers/gpio/libdrivers__gpio.a(gpio_stm32.c.obj)
 .text.gpio_stm32_port_clear_bits_raw
                0x08008abc        0xc zephyr/drivers/gpio/libdrivers__gpio.a(gpio_stm32.c.obj)
 .text.gpio_stm32_port_toggle_bits
                0x08008ac8        0xe zephyr/drivers/gpio/libdrivers__gpio.a(gpio_stm32.c.obj)
 .text.gpio_stm32_manage_callback
                0x08008ad6       0x54 zephyr/drivers/gpio/libdrivers__gpio.a(gpio_stm32.c.obj)
 .text.gpio_stm32_config
                0x08008b2a       0xd6 zephyr/drivers/gpio/libdrivers__gpio.a(gpio_stm32.c.obj)
 .text.gpio_stm32_isr
                0x08008c00       0x2c zephyr/drivers/gpio/libdrivers__gpio.a(gpio_stm32.c.obj)
 .text.i2c_stm32_get_config
                0x08008c2c       0x16 zephyr/drivers/i2c/libdrivers__i2c.a(i2c_stm32.c.obj)
                0x08008c2c                i2c_stm32_get_config
 .text.i2c_stm32_irq_config_func_0
                0x08008c42       0x26 zephyr/drivers/i2c/libdrivers__i2c.a(i2c_stm32.c.obj)
 .text.i2c_stm32_irq_config_func_1
                0x08008c68       0x26 zephyr/drivers/i2c/libdrivers__i2c.a(i2c_stm32.c.obj)
 .text.i2c_stm32_transfer
                0x08008c8e       0x8e zephyr/drivers/i2c/libdrivers__i2c.a(i2c_stm32.c.obj)
 .text.i2c_stm32_set_smbus_mode
                0x08008d1c       0x16 zephyr/drivers/i2c/libdrivers__i2c.a(i2c_stm32.c.obj)
                0x08008d1c                i2c_stm32_set_smbus_mode
 .text.i2c_stm32_event_isr
                0x08008d32        0x4 zephyr/drivers/i2c/libdrivers__i2c.a(i2c_stm32_common.c.obj)
                0x08008d32                i2c_stm32_event_isr
 .text.i2c_stm32_error_isr
                0x08008d36        0x4 zephyr/drivers/i2c/libdrivers__i2c.a(i2c_stm32_common.c.obj)
                0x08008d36                i2c_stm32_error_isr
 .text.i2c_stm32_disable_transfer_interrupts
                0x08008d3a       0x36 zephyr/drivers/i2c/libdrivers__i2c.a(i2c_stm32_v1.c.obj)
 .text.i2c_stm32_reset
                0x08008d70       0x4c zephyr/drivers/i2c/libdrivers__i2c.a(i2c_stm32_v1.c.obj)
 .text.i2c_stm32_controller_finish
                0x08008dbc       0x1c zephyr/drivers/i2c/libdrivers__i2c.a(i2c_stm32_v1.c.obj)
 .text.handle_txe
                0x08008dd8       0x4a zephyr/drivers/i2c/libdrivers__i2c.a(i2c_stm32_v1.c.obj)
 .text.msg_end.isra.0
                0x08008e22       0x42 zephyr/drivers/i2c/libdrivers__i2c.a(i2c_stm32_v1.c.obj)
 .text.i2c_stm32_enable_transfer_interrupts.isra.0
                0x08008e64       0x1c zephyr/drivers/i2c/libdrivers__i2c.a(i2c_stm32_v1.c.obj)
 .text.msg_init.isra.0
                0x08008e80       0x72 zephyr/drivers/i2c/libdrivers__i2c.a(i2c_stm32_v1.c.obj)
 .text.handle_rxne
                0x08008ef2       0x9c zephyr/drivers/i2c/libdrivers__i2c.a(i2c_stm32_v1.c.obj)
 .text.i2c_stm32_event
                0x08008f8e      0x19c zephyr/drivers/i2c/libdrivers__i2c.a(i2c_stm32_v1.c.obj)
                0x08008f8e                i2c_stm32_event
 .text.i2c_stm32_error
                0x0800912a       0x6a zephyr/drivers/i2c/libdrivers__i2c.a(i2c_stm32_v1.c.obj)
                0x0800912a                i2c_stm32_error
 .text.i2c_stm32_transaction
                0x08009194       0x74 zephyr/drivers/i2c/libdrivers__i2c.a(i2c_stm32_v1.c.obj)
                0x08009194                i2c_stm32_transaction
 .text.pinctrl_lookup_state
                0x08009208       0x26 zephyr/drivers/pinctrl/libdrivers__pinctrl.a(common.c.obj)
                0x08009208                pinctrl_lookup_state
 .text.pinctrl_configure_pins
                0x0800922e       0x82 zephyr/drivers/pinctrl/libdrivers__pinctrl.a(pinctrl_stm32.c.obj)
                0x0800922e                pinctrl_configure_pins
 .text.reset_stm32_status
                0x080092b0       0x20 zephyr/drivers/reset/libdrivers__reset.a(reset_stm32.c.obj)
 .text.reset_stm32_line_assert
                0x080092d0       0x1c zephyr/drivers/reset/libdrivers__reset.a(reset_stm32.c.obj)
 .text.reset_stm32_line_deassert
                0x080092ec       0x1e zephyr/drivers/reset/libdrivers__reset.a(reset_stm32.c.obj)
 .text.reset_stm32_line_toggle
                0x0800930a       0x16 zephyr/drivers/reset/libdrivers__reset.a(reset_stm32.c.obj)
 .text.dma_start
                0x08009320        0x6 zephyr/drivers/serial/libdrivers__serial.a(uart_stm32.c.obj)
 .text.dma_get_status
                0x08009326        0xe zephyr/drivers/serial/libdrivers__serial.a(uart_stm32.c.obj)
 .text.LL_USART_ClearFlag_PE
                0x08009334       0x12 zephyr/drivers/serial/libdrivers__serial.a(uart_stm32.c.obj)
 .text.uart_stm32_err_check
                0x08009346       0x5e zephyr/drivers/serial/libdrivers__serial.a(uart_stm32.c.obj)
 .text.async_user_callback
                0x080093a4        0xc zephyr/drivers/serial/libdrivers__serial.a(uart_stm32.c.obj)
 .text.async_evt_rx_rdy
                0x080093b0       0x3c zephyr/drivers/serial/libdrivers__serial.a(uart_stm32.c.obj)
 .text.async_evt_rx_buf_request
                0x080093ec       0x22 zephyr/drivers/serial/libdrivers__serial.a(uart_stm32.c.obj)
 .text.async_evt_rx_buf_release
                0x0800940e       0x26 zephyr/drivers/serial/libdrivers__serial.a(uart_stm32.c.obj)
 .text.uart_stm32_async_callback_set
                0x08009434        0xa zephyr/drivers/serial/libdrivers__serial.a(uart_stm32.c.obj)
 .text.uart_stm32_async_rx_enable
                0x0800943e       0xda zephyr/drivers/serial/libdrivers__serial.a(uart_stm32.c.obj)
 .text.uart_stm32_async_rx_buf_rsp
                0x08009518       0x38 zephyr/drivers/serial/libdrivers__serial.a(uart_stm32.c.obj)
 .text.uart_stm32_irq_config_func_0
                0x08009550       0x16 zephyr/drivers/serial/libdrivers__serial.a(uart_stm32.c.obj)
 .text.uart_stm32_irq_config_func_1
                0x08009566       0x16 zephyr/drivers/serial/libdrivers__serial.a(uart_stm32.c.obj)
 .text.uart_stm32_irq_config_func_2
                0x0800957c       0x16 zephyr/drivers/serial/libdrivers__serial.a(uart_stm32.c.obj)
 .text.uart_stm32_dma_rx_flush.isra.0
                0x08009592       0x7c zephyr/drivers/serial/libdrivers__serial.a(uart_stm32.c.obj)
 .text.uart_stm32_isr
                0x0800960e       0xc4 zephyr/drivers/serial/libdrivers__serial.a(uart_stm32.c.obj)
 .text.uart_stm32_set_baudrate.isra.0
                0x080096d2       0x64 zephyr/drivers/serial/libdrivers__serial.a(uart_stm32.c.obj)
 .text.uart_stm32_async_tx_abort
                0x08009736       0x70 zephyr/drivers/serial/libdrivers__serial.a(uart_stm32.c.obj)
 .text.uart_stm32_async_tx_timeout
                0x080097a6        0xa zephyr/drivers/serial/libdrivers__serial.a(uart_stm32.c.obj)
 .text.uart_stm32_poll_in
                0x080097b0       0x22 zephyr/drivers/serial/libdrivers__serial.a(uart_stm32.c.obj)
 .text.uart_stm32_poll_out
                0x080097d2       0x36 zephyr/drivers/serial/libdrivers__serial.a(uart_stm32.c.obj)
 .text.uart_stm32_async_rx_disable
                0x08009808       0xcc zephyr/drivers/serial/libdrivers__serial.a(uart_stm32.c.obj)
 .text.uart_stm32_async_rx_timeout
                0x080098d4       0x42 zephyr/drivers/serial/libdrivers__serial.a(uart_stm32.c.obj)
 .text.uart_stm32_config_get
                0x08009916       0x8e zephyr/drivers/serial/libdrivers__serial.a(uart_stm32.c.obj)
 .text.uart_stm32_async_tx
                0x080099a4       0xda zephyr/drivers/serial/libdrivers__serial.a(uart_stm32.c.obj)
 .text.spi_context_get_next_buf
                0x08009a7e       0x2c zephyr/drivers/spi/libdrivers__spi.a(spi_stm32.c.obj)
 .text.bits2bytes
                0x08009aaa       0x16 zephyr/drivers/spi/libdrivers__spi.a(spi_stm32.c.obj)
 .text.spi_stm32_read_next_frame.isra.0
                0x08009ac0       0x82 zephyr/drivers/spi/libdrivers__spi.a(spi_stm32.c.obj)
 .text.spi_stm32_send_next_frame.isra.0
                0x08009b42       0x8e zephyr/drivers/spi/libdrivers__spi.a(spi_stm32.c.obj)
 .text.spi_stm32_pinctrl_apply.isra.0
                0x08009bd0       0x2a zephyr/drivers/spi/libdrivers__spi.a(spi_stm32.c.obj)
 .text.ll_disable_spi
                0x08009bfa       0x10 zephyr/drivers/spi/libdrivers__spi.a(spi_stm32.c.obj)
 .text.spi_stm32_release
                0x08009c0a       0x1e zephyr/drivers/spi/libdrivers__spi.a(spi_stm32.c.obj)
 .text.LL_DMA_StructInit
                0x08009c28       0x22 modules/hal_stm32/stm32cube/lib..__modules__hal__stm32__stm32cube.a(stm32f4xx_ll_dma.c.obj)
                0x08009c28                LL_DMA_StructInit
 .text.do_device_init
                0x08009c4a       0x30 zephyr/kernel/libkernel.a(device.c.obj)
                0x08009c4a                do_device_init
 .text.z_impl_device_is_ready
                0x08009c7a       0x16 zephyr/kernel/libkernel.a(device.c.obj)
                0x08009c7a                z_impl_device_is_ready
 .text.arch_system_halt
                0x08009c90       0x10 zephyr/kernel/libkernel.a(fatal.c.obj)
                0x08009c90                arch_system_halt
 .text.k_sys_fatal_error_handler
                0x08009ca0        0x6 zephyr/kernel/libkernel.a(fatal.c.obj)
                0x08009ca0                k_sys_fatal_error_handler
 .text.idle     0x08009ca6       0x16 zephyr/kernel/libkernel.a(idle.c.obj)
                0x08009ca6                idle
 .text.adjust_owner_prio.isra.0
                0x08009cbc       0x10 zephyr/kernel/libkernel.a(mutex.c.obj)
 .text.z_impl_k_mutex_init
                0x08009ccc        0xe zephyr/kernel/libkernel.a(mutex.c.obj)
                0x08009ccc                z_impl_k_mutex_init
 .text.z_impl_k_sem_init
                0x08009cda       0x18 zephyr/kernel/libkernel.a(sem.c.obj)
                0x08009cda                z_impl_k_sem_init
 .text.flag_test_and_clear
                0x08009cf2       0x16 zephyr/kernel/libkernel.a(work.c.obj)
 .text.unschedule_locked
                0x08009d08       0x1e zephyr/kernel/libkernel.a(work.c.obj)
 .text.notify_queue_locked.isra.0
                0x08009d26        0xe zephyr/kernel/libkernel.a(work.c.obj)
 .text.cancel_async_locked
                0x08009d34       0x66 zephyr/kernel/libkernel.a(work.c.obj)
 .text.work_timeout
                0x08009d9a       0x4e zephyr/kernel/libkernel.a(work.c.obj)
 .text.z_work_submit_to_queue
                0x08009de8       0x26 zephyr/kernel/libkernel.a(work.c.obj)
                0x08009de8                z_work_submit_to_queue
 .text.k_work_submit_to_queue
                0x08009e0e       0x20 zephyr/kernel/libkernel.a(work.c.obj)
                0x08009e0e                k_work_submit_to_queue
 .text.k_work_init_delayable
                0x08009e2e       0x18 zephyr/kernel/libkernel.a(work.c.obj)
                0x08009e2e                k_work_init_delayable
 .text.k_work_cancel_delayable
                0x08009e46       0x26 zephyr/kernel/libkernel.a(work.c.obj)
                0x08009e46                k_work_cancel_delayable
 .text.k_is_in_isr
                0x08009e6c        0xc zephyr/kernel/libkernel.a(thread.c.obj)
                0x08009e6c                k_is_in_isr
 .text.z_impl_k_thread_name_set
                0x08009e78        0x6 zephyr/kernel/libkernel.a(thread.c.obj)
                0x08009e78                z_impl_k_thread_name_set
 .text.sys_dlist_remove
                0x08009e7e       0x10 zephyr/kernel/libkernel.a(sched.c.obj)
 .text.unpend_thread_no_timeout
                0x08009e8e       0x14 zephyr/kernel/libkernel.a(sched.c.obj)
 .text.add_to_waitq_locked
                0x08009ea2       0x4c zephyr/kernel/libkernel.a(sched.c.obj)
 .text.z_ready_thread
                0x08009eee       0x1e zephyr/kernel/libkernel.a(sched.c.obj)
                0x08009eee                z_ready_thread
 .text.z_unpend_thread_no_timeout
                0x08009f0c       0x22 zephyr/kernel/libkernel.a(sched.c.obj)
                0x08009f0c                z_unpend_thread_no_timeout
 .text.z_sched_wake_thread_locked
                0x08009f2e       0x28 zephyr/kernel/libkernel.a(sched.c.obj)
                0x08009f2e                z_sched_wake_thread_locked
 .text.z_thread_timeout
                0x08009f56       0x20 zephyr/kernel/libkernel.a(sched.c.obj)
                0x08009f56                z_thread_timeout
 .text.z_unpend1_no_timeout
                0x08009f76       0x2c zephyr/kernel/libkernel.a(sched.c.obj)
                0x08009f76                z_unpend1_no_timeout
 .text.z_reschedule
                0x08009fa2        0x6 zephyr/kernel/libkernel.a(sched.c.obj)
                0x08009fa2                z_reschedule
 .text.z_impl_k_sleep
                0x08009fa8       0x32 zephyr/kernel/libkernel.a(sched.c.obj)
                0x08009fa8                z_impl_k_sleep
 .text.z_impl_k_usleep
                0x08009fda       0x22 zephyr/kernel/libkernel.a(sched.c.obj)
                0x08009fda                z_impl_k_usleep
 .text.z_impl_k_wakeup
                0x08009ffc       0x40 zephyr/kernel/libkernel.a(sched.c.obj)
                0x08009ffc                z_impl_k_wakeup
 .text.z_sched_wake
                0x0800a03c       0x44 zephyr/kernel/libkernel.a(sched.c.obj)
                0x0800a03c                z_sched_wake
 .text.next_timeout
                0x0800a080       0x2e zephyr/kernel/libkernel.a(timeout.c.obj)
 .text.z_abort_timeout
                0x0800a0ae       0x6a zephyr/kernel/libkernel.a(timeout.c.obj)
                0x0800a0ae                z_abort_timeout
 .text.sys_clock_tick_get_32
                0x0800a118        0x8 zephyr/kernel/libkernel.a(timeout.c.obj)
                0x0800a118                sys_clock_tick_get_32
 .text.z_impl_k_uptime_ticks
                0x0800a120        0x4 zephyr/kernel/libkernel.a(timeout.c.obj)
                0x0800a120                z_impl_k_uptime_ticks
 .text.k_timer_init
                0x0800a124       0x18 zephyr/kernel/libkernel.a(timer.c.obj)
                0x0800a124                k_timer_init
 .text.k_heap_init
                0x0800a13c       0x12 zephyr/kernel/libkernel.a(kheap.c.obj)
                0x0800a13c                k_heap_init
 .text.memcpy   0x0800a14e       0x1c /home/tuangaooo/zephyr-sdk-1.0.1/gnu/arm-zephyr-eabi/bin/../lib/gcc/arm-zephyr-eabi/14.3.0/../../../../arm-zephyr-eabi/lib/thumb/v7e-m+fp/hard/space/libc.a(memcpy.c.o)
                0x0800a14e                memcpy
                0x0800a14e                __aeabi_memcpy
                0x0800a14e                __aeabi_memcpy4
                0x0800a14e                __aeabi_memcpy8
 .text.memset   0x0800a16a       0x10 /home/tuangaooo/zephyr-sdk-1.0.1/gnu/arm-zephyr-eabi/bin/../lib/gcc/arm-zephyr-eabi/14.3.0/../../../../arm-zephyr-eabi/lib/thumb/v7e-m+fp/hard/space/libc.a(memset.c.o)
                0x0800a16a                memset
 .text.strnlen  0x0800a17a       0x18 /home/tuangaooo/zephyr-sdk-1.0.1/gnu/arm-zephyr-eabi/bin/../lib/gcc/arm-zephyr-eabi/14.3.0/../../../../arm-zephyr-eabi/lib/thumb/v7e-m+fp/hard/space/libc.a(libc_string_strnlen.c.o)
                0x0800a17a                strnlen
 .text.__ultoa_invert
                0x0800a192       0x4e /home/tuangaooo/zephyr-sdk-1.0.1/gnu/arm-zephyr-eabi/bin/../lib/gcc/arm-zephyr-eabi/14.3.0/../../../../arm-zephyr-eabi/lib/thumb/v7e-m+fp/hard/space/libc.a(libc_tinystdio_vfprintf.c.o)
 .text.mulShiftAll64
                0x0800a1e0      0x170 /home/tuangaooo/zephyr-sdk-1.0.1/gnu/arm-zephyr-eabi/bin/../lib/gcc/arm-zephyr-eabi/14.3.0/../../../../arm-zephyr-eabi/lib/thumb/v7e-m+fp/hard/space/libc.a(libc_tinystdio_dtoa_ryu.c.o)
 .text.__umul128
                0x0800a350       0x2e /home/tuangaooo/zephyr-sdk-1.0.1/gnu/arm-zephyr-eabi/bin/../lib/gcc/arm-zephyr-eabi/14.3.0/../../../../arm-zephyr-eabi/lib/thumb/v7e-m+fp/hard/space/libc.a(libc_tinystdio_ryu_umul128.c.o)
                0x0800a350                __umul128
 .text.__shiftright128
                0x0800a37e       0x3e /home/tuangaooo/zephyr-sdk-1.0.1/gnu/arm-zephyr-eabi/bin/../lib/gcc/arm-zephyr-eabi/14.3.0/../../../../arm-zephyr-eabi/lib/thumb/v7e-m+fp/hard/space/libc.a(libc_tinystdio_ryu_umul128.c.o)
                0x0800a37e                __shiftright128
 .text.__dtox_engine
                0x0800a3bc      0x10c /home/tuangaooo/zephyr-sdk-1.0.1/gnu/arm-zephyr-eabi/bin/../lib/gcc/arm-zephyr-eabi/14.3.0/../../../../arm-zephyr-eabi/lib/thumb/v7e-m+fp/hard/space/libc.a(libc_tinystdio_dtox_engine.c.o)
                0x0800a3bc                __dtox_engine
 .text.isnanf   0x0800a4c8       0x14 /home/tuangaooo/zephyr-sdk-1.0.1/gnu/arm-zephyr-eabi/bin/../lib/gcc/arm-zephyr-eabi/14.3.0/../../../../arm-zephyr-eabi/lib/thumb/v7e-m+fp/hard/space/libc.a(libm_common_sf_isnan.c.o)
                0x0800a4c8                isnanf
                0x0800a4c8                __isnanf
 *(SORT_BY_ALIGNMENT(.gnu.linkonce.t.*))
 *(SORT_BY_ALIGNMENT(.glue_7t))
 .glue_7t       0x0800a4dc        0x0 linker stubs
 *(SORT_BY_ALIGNMENT(.glue_7))
 .glue_7        0x0800a4dc        0x0 linker stubs
 *(SORT_BY_ALIGNMENT(.vfp11_veneer))
 .vfp11_veneer  0x0800a4dc        0x0 linker stubs
 *(SORT_BY_ALIGNMENT(.v4_bx))
 .v4_bx         0x0800a4dc        0x0 linker stubs
                0x0800a4dc                        . = ALIGN (0x4)
                0x0800a4dc                        __text_region_end = .

.ARM.exidx      0x0800a4dc        0x8
                0x0800a4dc                        __exidx_start = .
 *(SORT_BY_ALIGNMENT(.ARM.exidx*) SORT_BY_ALIGNMENT(gnu.linkonce.armexidx.*))
 .ARM.exidx     0x0800a4dc        0x8 /home/tuangaooo/zephyr-sdk-1.0.1/gnu/arm-zephyr-eabi/bin/../lib/gcc/arm-zephyr-eabi/14.3.0/thumb/v7e-m+fp/hard/space/libgcc.a(_udivmoddi4.o)
                0x0800a4e4                        __exidx_end = .
                0x0800a4e4                        __rodata_region_start = .

initlevel       0x0800a4e4       0xe8
                0x0800a4e4                        __init_start = .
                0x0800a4e4                        __init_EARLY_start = .
 *(SORT_BY_NAME(SORT_BY_ALIGNMENT(.z_init_EARLY_P_?_*)))
 *(SORT_BY_NAME(SORT_BY_ALIGNMENT(.z_init_EARLY_P_??_*)))
 *(SORT_BY_NAME(SORT_BY_ALIGNMENT(.z_init_EARLY_P_???_*)))
                0x0800a4e4                        __init_PRE_KERNEL_1_start = .
 *(SORT_BY_NAME(SORT_BY_ALIGNMENT(.z_init_PRE_KERNEL_1_P_?_*)))
 .z_init_PRE_KERNEL_1_P_1_SUB_00008_
                0x0800a4e4        0x8 zephyr/drivers/clock_control/libdrivers__clock_control.a(clock_stm32_ll_common.c.obj)
 .z_init_PRE_KERNEL_1_P_1_SUB_0_
                0x0800a4ec        0x8 zephyr/libzephyr.a(soc_config.c.obj)
 *(SORT_BY_NAME(SORT_BY_ALIGNMENT(.z_init_PRE_KERNEL_1_P_??_*)))
 .z_init_PRE_KERNEL_1_P_30_SUB_0_
                0x0800a4f4        0x8 zephyr/kernel/libkernel.a(kheap.c.obj)
 .z_init_PRE_KERNEL_1_P_35_SUB_00106_
                0x0800a4fc        0x8 zephyr/drivers/reset/libdrivers__reset.a(reset_stm32.c.obj)
 .z_init_PRE_KERNEL_1_P_40_SUB_00041_
                0x0800a504        0x8 zephyr/libzephyr.a(gpioport_mgr.c.obj)
 .z_init_PRE_KERNEL_1_P_40_SUB_00042_
                0x0800a50c        0x8 zephyr/libzephyr.a(gpioport_mgr.c.obj)
 .z_init_PRE_KERNEL_1_P_40_SUB_00043_
                0x0800a514        0x8 zephyr/libzephyr.a(gpioport_mgr.c.obj)
 .z_init_PRE_KERNEL_1_P_40_SUB_00055_
                0x0800a51c        0x8 zephyr/libzephyr.a(gpioport_mgr.c.obj)
 .z_init_PRE_KERNEL_1_P_40_SUB_00056_
                0x0800a524        0x8 zephyr/libzephyr.a(gpioport_mgr.c.obj)
 .z_init_PRE_KERNEL_1_P_40_SUB_00099_
                0x0800a52c        0x8 zephyr/drivers/dma/libdrivers__dma.a(dma_stm32.c.obj)
 .z_init_PRE_KERNEL_1_P_40_SUB_00100_
                0x0800a534        0x8 zephyr/drivers/dma/libdrivers__dma.a(dma_stm32.c.obj)
 .z_init_PRE_KERNEL_1_P_40_SUB_00103_
                0x0800a53c        0x8 zephyr/drivers/interrupt_controller/libdrivers__interrupt_controller.a(intc_exti_stm32.c.obj)
 .z_init_PRE_KERNEL_1_P_40_SUB_00141_
                0x0800a544        0x8 zephyr/libzephyr.a(gpioport_mgr.c.obj)
 .z_init_PRE_KERNEL_1_P_40_SUB_00142_
                0x0800a54c        0x8 zephyr/libzephyr.a(gpioport_mgr.c.obj)
 .z_init_PRE_KERNEL_1_P_40_SUB_00143_
                0x0800a554        0x8 zephyr/libzephyr.a(gpioport_mgr.c.obj)
 .z_init_PRE_KERNEL_1_P_40_SUB_00144_
                0x0800a55c        0x8 zephyr/libzephyr.a(gpioport_mgr.c.obj)
 .z_init_PRE_KERNEL_1_P_40_SUB_0_
                0x0800a564        0x8 zephyr/drivers/interrupt_controller/libdrivers__interrupt_controller.a(intc_gpio_stm32.c.obj)
 .z_init_PRE_KERNEL_1_P_50_SUB_00110_
                0x0800a56c        0x8 zephyr/drivers/serial/libdrivers__serial.a(uart_stm32.c.obj)
 .z_init_PRE_KERNEL_1_P_50_SUB_00113_
                0x0800a574        0x8 zephyr/drivers/serial/libdrivers__serial.a(uart_stm32.c.obj)
 .z_init_PRE_KERNEL_1_P_50_SUB_00118_
                0x0800a57c        0x8 zephyr/drivers/serial/libdrivers__serial.a(uart_stm32.c.obj)
 .z_init_PRE_KERNEL_1_P_60_SUB_0_
                0x0800a584        0x8 zephyr/drivers/console/libdrivers__console.a(uart_console.c.obj)
 *(SORT_BY_NAME(SORT_BY_ALIGNMENT(.z_init_PRE_KERNEL_1_P_???_*)))
                0x0800a58c                        __init_PRE_KERNEL_2_start = .
 *(SORT_BY_NAME(SORT_BY_ALIGNMENT(.z_init_PRE_KERNEL_2_P_?_*)))
 .z_init_PRE_KERNEL_2_P_0_SUB_0_
                0x0800a58c        0x8 zephyr/drivers/timer/libdrivers__timer.a(cortex_m_systick.c.obj)
 *(SORT_BY_NAME(SORT_BY_ALIGNMENT(.z_init_PRE_KERNEL_2_P_??_*)))
 *(SORT_BY_NAME(SORT_BY_ALIGNMENT(.z_init_PRE_KERNEL_2_P_???_*)))
                0x0800a594                        __init_POST_KERNEL_start = .
 *(SORT_BY_NAME(SORT_BY_ALIGNMENT(.z_init_POST_KERNEL_P_?_*)))
 *(SORT_BY_NAME(SORT_BY_ALIGNMENT(.z_init_POST_KERNEL_P_??_*)))
 .z_init_POST_KERNEL_P_35_SUB_0_
                0x0800a594        0x8 zephyr/lib/libc/common/liblib__libc__common.a(malloc.c.obj)
 .z_init_POST_KERNEL_P_40_SUB_0_
                0x0800a59c        0x8 zephyr/kernel/libkernel.a(system_work_q.c.obj)
 .z_init_POST_KERNEL_P_50_SUB_00011_
                0x0800a5a4        0x8 zephyr/drivers/adc/libdrivers__adc.a(adc_stm32.c.obj)
 .z_init_POST_KERNEL_P_50_SUB_00022_
                0x0800a5ac        0x8 zephyr/drivers/i2c/libdrivers__i2c.a(i2c_stm32.c.obj)
 .z_init_POST_KERNEL_P_50_SUB_00026_
                0x0800a5b4        0x8 zephyr/drivers/i2c/libdrivers__i2c.a(i2c_stm32.c.obj)
 .z_init_POST_KERNEL_P_50_SUB_00125_
                0x0800a5bc        0x8 zephyr/drivers/spi/libdrivers__spi.a(spi_stm32.c.obj)
 .z_init_POST_KERNEL_P_80_SUB_00096_
                0x0800a5c4        0x8 zephyr/drivers/can/libdrivers__can.a(can_stm32_bxcan.c.obj)
 *(SORT_BY_NAME(SORT_BY_ALIGNMENT(.z_init_POST_KERNEL_P_???_*)))
                0x0800a5cc                        __init_APPLICATION_start = .
 *(SORT_BY_NAME(SORT_BY_ALIGNMENT(.z_init_APPLICATION_P_?_*)))
 *(SORT_BY_NAME(SORT_BY_ALIGNMENT(.z_init_APPLICATION_P_??_*)))
 *(SORT_BY_NAME(SORT_BY_ALIGNMENT(.z_init_APPLICATION_P_???_*)))
                0x0800a5cc                        __init_SMP_start = .
 *(SORT_BY_NAME(SORT_BY_ALIGNMENT(.z_init_SMP_P_?_*)))
 *(SORT_BY_NAME(SORT_BY_ALIGNMENT(.z_init_SMP_P_??_*)))
 *(SORT_BY_NAME(SORT_BY_ALIGNMENT(.z_init_SMP_P_???_*)))
                0x0800a5cc                        __init_end = .

device_area     0x0800a5cc      0x268
                0x0800a5cc                        _device_list_start = .
 *(SORT_BY_NAME(SORT_BY_ALIGNMENT(._device.static.*_?_*)))
 ._device.static.1_1_
                0x0800a5cc       0x1c zephyr/drivers/clock_control/libdrivers__clock_control.a(clock_stm32_ll_common.c.obj)
                0x0800a5cc                __device_dts_ord_8
 *(SORT_BY_NAME(SORT_BY_ALIGNMENT(._device.static.*_??_*)))
 ._device.static.1_35_
                0x0800a5e8       0x1c zephyr/drivers/reset/libdrivers__reset.a(reset_stm32.c.obj)
                0x0800a5e8                __device_dts_ord_106
 ._device.static.1_40_
                0x0800a604       0xfc zephyr/libzephyr.a(gpioport_mgr.c.obj)
                0x0800a604                __device_dts_ord_144
                0x0800a620                __device_dts_ord_143
                0x0800a63c                __device_dts_ord_142
                0x0800a658                __device_dts_ord_141
                0x0800a674                __device_dts_ord_43
                0x0800a690                __device_dts_ord_56
                0x0800a6ac                __device_dts_ord_42
                0x0800a6c8                __device_dts_ord_41
                0x0800a6e4                __device_dts_ord_55
 ._device.static.1_40_
                0x0800a700       0x1c zephyr/drivers/interrupt_controller/libdrivers__interrupt_controller.a(intc_exti_stm32.c.obj)
                0x0800a700                __device_dts_ord_103
 ._device.static.1_40_
                0x0800a71c       0x38 zephyr/drivers/dma/libdrivers__dma.a(dma_stm32.c.obj)
                0x0800a71c                __device_dts_ord_99
                0x0800a738                __device_dts_ord_100
 ._device.static.1_50_
                0x0800a754       0x54 zephyr/drivers/serial/libdrivers__serial.a(uart_stm32.c.obj)
                0x0800a754                __device_dts_ord_113
                0x0800a770                __device_dts_ord_110
                0x0800a78c                __device_dts_ord_118
 ._device.static.3_50_
                0x0800a7a8       0x1c zephyr/drivers/adc/libdrivers__adc.a(adc_stm32.c.obj)
                0x0800a7a8                __device_dts_ord_11
 ._device.static.3_50_
                0x0800a7c4       0x38 zephyr/drivers/i2c/libdrivers__i2c.a(i2c_stm32.c.obj)
                0x0800a7c4                __device_dts_ord_26
                0x0800a7e0                __device_dts_ord_22
 ._device.static.3_50_
                0x0800a7fc       0x1c zephyr/drivers/spi/libdrivers__spi.a(spi_stm32.c.obj)
                0x0800a7fc                __device_dts_ord_125
 ._device.static.3_80_
                0x0800a818       0x1c zephyr/drivers/can/libdrivers__can.a(can_stm32_bxcan.c.obj)
                0x0800a818                __device_dts_ord_96
 *(SORT_BY_NAME(SORT_BY_ALIGNMENT(._device.static.*_???_*)))
 *(SORT_BY_NAME(SORT_BY_ALIGNMENT(._device.static.*_????_*)))
 *(SORT_BY_NAME(SORT_BY_ALIGNMENT(._device.static.*_?????_*)))
                0x0800a834                        _device_list_end = .

.text.z_shared_isr
 *(SORT_BY_ALIGNMENT(.text.z_shared_isr*))

sw_isr_table    0x0800a834      0x238
                0x0800a834                        . = ALIGN (0x4)
 *(SORT_BY_ALIGNMENT(.gnu.linkonce.sw_isr_table*))
 .gnu.linkonce.sw_isr_table
                0x0800a834      0x238 zephyr/arch/common/libisr_tables.a(isr_tables.c.obj)
                0x0800a834                _sw_isr_table

shared_sw_isr_table
                0x0800aa6c      0x58c
 *(SORT_BY_ALIGNMENT(.gnu.linkonce.shared_sw_isr_table*))
 .gnu.linkonce.shared_sw_isr_table
                0x0800aa6c      0x58c zephyr/arch/common/libisr_tables.a(isr_tables.c.obj)
                0x0800aa6c                z_shared_sw_isr_table

initlevel_error
 *(SORT_BY_NAME(SORT_BY_ALIGNMENT(.z_init_*)))
                0x00000001                        ASSERT ((SIZEOF (initlevel_error) == 0x0), Undefined initialization levels used.)

app_shmem_regions
                0x0800aff8        0x0
                0x0800aff8                        __app_shmem_regions_start = .
 *(SORT_BY_NAME(SORT_BY_ALIGNMENT(.app_regions.*)))
                0x0800aff8                        __app_shmem_regions_end = .

k_p4wq_initparam_area
                0x0800aff8        0x0
                0x0800aff8                        _k_p4wq_initparam_list_start = .
 *(SORT_BY_NAME(SORT_BY_ALIGNMENT(._k_p4wq_initparam.static.*)))
                0x0800aff8                        _k_p4wq_initparam_list_end = .

_static_thread_data_area
                0x0800aff8        0x0
                0x0800aff8                        __static_thread_data_list_start = .
 *(SORT_BY_NAME(SORT_BY_ALIGNMENT(.__static_thread_data.static.*)))
                0x0800aff8                        __static_thread_data_list_end = .

device_deps     0x0800aff8        0x0
                0x0800aff8                        __device_deps_start = .